Archive member included to satisfy reference by file (symbol)

/usr/lib/gcc/arm-none-eabi/4.9.3/armv7e-m/libgcc.a(_arm_addsubdf3.o)
                              CMakeFiles/mems.elf.dir/Src/lis3dsh.c.obj (__aeabi_i2d)
/usr/lib/gcc/arm-none-eabi/4.9.3/armv7e-m/libgcc.a(_arm_muldivdf3.o)
                              CMakeFiles/mems.elf.dir/Src/lis3dsh.c.obj (__aeabi_dmul)
/usr/lib/gcc/arm-none-eabi/4.9.3/armv7e-m/libgcc.a(_arm_truncdfsf2.o)
                              CMakeFiles/mems.elf.dir/Src/lis3dsh.c.obj (__aeabi_d2f)
/usr/lib/gcc/arm-none-eabi/4.9.3/armv7e-m/libgcc.a(_aeabi_uldivmod.o)
                              CMakeFiles/mems.elf.dir/Drivers/STM32F4xx_HAL_Driver/Src/stm32f4xx_hal_rcc.c.obj (__aeabi_uldivmod)
/usr/lib/gcc/arm-none-eabi/4.9.3/armv7e-m/libgcc.a(bpabi.o)
                              /usr/lib/gcc/arm-none-eabi/4.9.3/armv7e-m/libgcc.a(_aeabi_uldivmod.o) (__gnu_uldivmod_helper)
/usr/lib/gcc/arm-none-eabi/4.9.3/armv7e-m/libgcc.a(_dvmd_tls.o)
                              /usr/lib/gcc/arm-none-eabi/4.9.3/armv7e-m/libgcc.a(_aeabi_uldivmod.o) (__aeabi_ldiv0)
/usr/lib/gcc/arm-none-eabi/4.9.3/armv7e-m/libgcc.a(_divdi3.o)
                              /usr/lib/gcc/arm-none-eabi/4.9.3/armv7e-m/libgcc.a(bpabi.o) (__divdi3)
/usr/lib/gcc/arm-none-eabi/4.9.3/armv7e-m/libgcc.a(_udivdi3.o)
                              /usr/lib/gcc/arm-none-eabi/4.9.3/armv7e-m/libgcc.a(bpabi.o) (__udivdi3)
/usr/lib/gcc/arm-none-eabi/4.9.3/../../../arm-none-eabi/lib/armv7e-m/libg_nano.a(lib_a-atexit.o)
                              /usr/lib/gcc/arm-none-eabi/4.9.3/../../../arm-none-eabi/lib/armv7e-m/crt0.o (atexit)
/usr/lib/gcc/arm-none-eabi/4.9.3/../../../arm-none-eabi/lib/armv7e-m/libg_nano.a(lib_a-errno.o)
                              CMakeFiles/mems.elf.dir/Src/syscalls.c.obj (__errno)
/usr/lib/gcc/arm-none-eabi/4.9.3/../../../arm-none-eabi/lib/armv7e-m/libg_nano.a(lib_a-exit.o)
                              /usr/lib/gcc/arm-none-eabi/4.9.3/../../../arm-none-eabi/lib/armv7e-m/crt0.o (exit)
/usr/lib/gcc/arm-none-eabi/4.9.3/../../../arm-none-eabi/lib/armv7e-m/libg_nano.a(lib_a-fini.o)
                              /usr/lib/gcc/arm-none-eabi/4.9.3/../../../arm-none-eabi/lib/armv7e-m/crt0.o (__libc_fini_array)
/usr/lib/gcc/arm-none-eabi/4.9.3/../../../arm-none-eabi/lib/armv7e-m/libg_nano.a(lib_a-impure.o)
                              /usr/lib/gcc/arm-none-eabi/4.9.3/../../../arm-none-eabi/lib/armv7e-m/libg_nano.a(lib_a-exit.o) (_global_impure_ptr)
/usr/lib/gcc/arm-none-eabi/4.9.3/../../../arm-none-eabi/lib/armv7e-m/libg_nano.a(lib_a-init.o)
                              /usr/lib/gcc/arm-none-eabi/4.9.3/../../../arm-none-eabi/lib/armv7e-m/crt0.o (__libc_init_array)
/usr/lib/gcc/arm-none-eabi/4.9.3/../../../arm-none-eabi/lib/armv7e-m/libg_nano.a(lib_a-memset.o)
                              /usr/lib/gcc/arm-none-eabi/4.9.3/../../../arm-none-eabi/lib/armv7e-m/crt0.o (memset)
/usr/lib/gcc/arm-none-eabi/4.9.3/../../../arm-none-eabi/lib/armv7e-m/libg_nano.a(lib_a-sprintf.o)
                              CMakeFiles/mems.elf.dir/Src/main.c.obj (sprintf)
/usr/lib/gcc/arm-none-eabi/4.9.3/../../../arm-none-eabi/lib/armv7e-m/libg_nano.a(lib_a-__atexit.o)
                              /usr/lib/gcc/arm-none-eabi/4.9.3/../../../arm-none-eabi/lib/armv7e-m/libg_nano.a(lib_a-atexit.o) (__register_exitproc)
/usr/lib/gcc/arm-none-eabi/4.9.3/../../../arm-none-eabi/lib/armv7e-m/libg_nano.a(lib_a-__call_atexit.o)
                              /usr/lib/gcc/arm-none-eabi/4.9.3/../../../arm-none-eabi/lib/armv7e-m/libg_nano.a(lib_a-__atexit.o) (__call_exitprocs)
/usr/lib/gcc/arm-none-eabi/4.9.3/../../../arm-none-eabi/lib/armv7e-m/libg_nano.a(lib_a-nano-svfprintf.o)
                              /usr/lib/gcc/arm-none-eabi/4.9.3/../../../arm-none-eabi/lib/armv7e-m/libg_nano.a(lib_a-sprintf.o) (_svfprintf_r)
/usr/lib/gcc/arm-none-eabi/4.9.3/../../../arm-none-eabi/lib/armv7e-m/libg_nano.a(lib_a-nano-vfprintf_i.o)
                              /usr/lib/gcc/arm-none-eabi/4.9.3/../../../arm-none-eabi/lib/armv7e-m/libg_nano.a(lib_a-nano-svfprintf.o) (_printf_i)
/usr/lib/gcc/arm-none-eabi/4.9.3/../../../arm-none-eabi/lib/armv7e-m/libg_nano.a(lib_a-memchr.o)
                              /usr/lib/gcc/arm-none-eabi/4.9.3/../../../arm-none-eabi/lib/armv7e-m/libg_nano.a(lib_a-nano-svfprintf.o) (memchr)
/usr/lib/gcc/arm-none-eabi/4.9.3/../../../arm-none-eabi/lib/armv7e-m/libg_nano.a(lib_a-memcpy.o)
                              /usr/lib/gcc/arm-none-eabi/4.9.3/../../../arm-none-eabi/lib/armv7e-m/libg_nano.a(lib_a-nano-svfprintf.o) (memcpy)
/usr/lib/gcc/arm-none-eabi/4.9.3/../../../arm-none-eabi/lib/armv7e-m/libg_nano.a(lib_a-memmove.o)
                              /usr/lib/gcc/arm-none-eabi/4.9.3/../../../arm-none-eabi/lib/armv7e-m/libg_nano.a(lib_a-nano-svfprintf.o) (memmove)
/usr/lib/gcc/arm-none-eabi/4.9.3/../../../arm-none-eabi/lib/armv7e-m/libg_nano.a(lib_a-nano-freer.o)
[...]
Memory Configuration

Name             Origin             Length             Attributes
RAM              0x0000000020000000 0x0000000000020000 xrw
CCMRAM           0x0000000010000000 0x0000000000010000 rw
FLASH            0x0000000008000000 0x0000000000100000 xr
*default*        0x0000000000000000 0xffffffffffffffff

Linker script and memory map

LOAD /usr/lib/gcc/arm-none-eabi/4.9.3/armv7e-m/crti.o
LOAD /usr/lib/gcc/arm-none-eabi/4.9.3/armv7e-m/crtbegin.o
LOAD /usr/lib/gcc/arm-none-eabi/4.9.3/../../../arm-none-eabi/lib/armv7e-m/crt0.o
LOAD CMakeFiles/mems.elf.dir/Drivers/STM32F4xx_HAL_Driver/Src/stm32f4xx_hal.c.obj
LOAD CMakeFiles/mems.elf.dir/Drivers/STM32F4xx_HAL_Driver/Src/stm32f4xx_hal_cortex.c.obj
LOAD CMakeFiles/mems.elf.dir/Drivers/STM32F4xx_HAL_Driver/Src/stm32f4xx_hal_dma.c.obj
LOAD CMakeFiles/mems.elf.dir/Drivers/STM32F4xx_HAL_Driver/Src/stm32f4xx_hal_dma_ex.c.obj
LOAD CMakeFiles/mems.elf.dir/Drivers/STM32F4xx_HAL_Driver/Src/stm32f4xx_hal_exti.c.obj
LOAD CMakeFiles/mems.elf.dir/Drivers/STM32F4xx_HAL_Driver/Src/stm32f4xx_hal_flash.c.obj
LOAD CMakeFiles/mems.elf.dir/Drivers/STM32F4xx_HAL_Driver/Src/stm32f4xx_hal_flash_ex.c.obj
LOAD CMakeFiles/mems.elf.dir/Drivers/STM32F4xx_HAL_Driver/Src/stm32f4xx_hal_flash_ramfunc.c.obj
LOAD CMakeFiles/mems.elf.dir/Drivers/STM32F4xx_HAL_Driver/Src/stm32f4xx_hal_gpio.c.obj
LOAD CMakeFiles/mems.elf.dir/Drivers/STM32F4xx_HAL_Driver/Src/stm32f4xx_hal_pwr.c.obj
LOAD CMakeFiles/mems.elf.dir/Drivers/STM32F4xx_HAL_Driver/Src/stm32f4xx_hal_pwr_ex.c.obj
LOAD CMakeFiles/mems.elf.dir/Drivers/STM32F4xx_HAL_Driver/Src/stm32f4xx_hal_rcc.c.obj
LOAD CMakeFiles/mems.elf.dir/Drivers/STM32F4xx_HAL_Driver/Src/stm32f4xx_hal_rcc_ex.c.obj
LOAD CMakeFiles/mems.elf.dir/Drivers/STM32F4xx_HAL_Driver/Src/stm32f4xx_hal_spi.c.obj
LOAD CMakeFiles/mems.elf.dir/Drivers/STM32F4xx_HAL_Driver/Src/stm32f4xx_hal_tim.c.obj
LOAD CMakeFiles/mems.elf.dir/Drivers/STM32F4xx_HAL_Driver/Src/stm32f4xx_hal_tim_ex.c.obj
LOAD CMakeFiles/mems.elf.dir/Drivers/STM32F4xx_HAL_Driver/Src/stm32f4xx_hal_uart.c.obj
LOAD CMakeFiles/mems.elf.dir/Src/dma.c.obj
LOAD CMakeFiles/mems.elf.dir/Src/gpio.c.obj
LOAD CMakeFiles/mems.elf.dir/Src/lis3dsh.c.obj
LOAD CMakeFiles/mems.elf.dir/Src/main.c.obj
LOAD CMakeFiles/mems.elf.dir/Src/spi.c.obj
LOAD CMakeFiles/mems.elf.dir/Src/stm32f4xx_hal_msp.c.obj
LOAD CMakeFiles/mems.elf.dir/Src/stm32f4xx_it.c.obj
LOAD CMakeFiles/mems.elf.dir/Src/syscalls.c.obj
LOAD CMakeFiles/mems.elf.dir/Src/system_stm32f4xx.c.obj
LOAD CMakeFiles/mems.elf.dir/Src/usart.c.obj
LOAD CMakeFiles/mems.elf.dir/startup/startup_stm32f407xx.s.obj
START GROUP
LOAD /usr/lib/gcc/arm-none-eabi/4.9.3/armv7e-m/libgcc.a
LOAD /usr/lib/gcc/arm-none-eabi/4.9.3/../../../arm-none-eabi/lib/armv7e-m/libg_nano.a
LOAD /usr/lib/gcc/arm-none-eabi/4.9.3/../../../arm-none-eabi/lib/armv7e-m/libc_nano.a
END GROUP
START GROUP
LOAD /usr/lib/gcc/arm-none-eabi/4.9.3/armv7e-m/libgcc.a
LOAD /usr/lib/gcc/arm-none-eabi/4.9.3/../../../arm-none-eabi/lib/armv7e-m/libc_nano.a
LOAD /usr/lib/gcc/arm-none-eabi/4.9.3/../../../arm-none-eabi/lib/armv7e-m/libnosys.a
END GROUP
START GROUP
LOAD /usr/lib/gcc/arm-none-eabi/4.9.3/armv7e-m/libgcc.a
LOAD /usr/lib/gcc/arm-none-eabi/4.9.3/../../../arm-none-eabi/lib/armv7e-m/libc_nano.a
LOAD /usr/lib/gcc/arm-none-eabi/4.9.3/../../../arm-none-eabi/lib/armv7e-m/libnosys.a
END GROUP
LOAD /usr/lib/gcc/arm-none-eabi/4.9.3/armv7e-m/crtend.o
LOAD /usr/lib/gcc/arm-none-eabi/4.9.3/armv7e-m/crtn.o
                0x0000000020020000                _estack = 0x20020000
                0x0000000000000200                _Min_Heap_Size = 0x200
                0x0000000000000400                _Min_Stack_Size = 0x400

.isr_vector     0x0000000008000000      0x188
                0x0000000008000000                . = ALIGN (0x4)
 *(.isr_vector)
 .isr_vector    0x0000000008000000      0x188 CMakeFiles/mems.elf.dir/startup/startup_stm32f407xx.s.obj
                0x0000000008000000                g_pfnVectors
                0x0000000008000188                . = ALIGN (0x4)

.text           0x0000000008000188     0x4940
                0x0000000008000188                . = ALIGN (0x4)
 *(.text)
 .text          0x0000000008000188       0xa4 /usr/lib/gcc/arm-none-eabi/4.9.3/armv7e-m/crtbegin.o
 .text          0x000000000800022c       0x30 /usr/lib/gcc/arm-none-eabi/4.9.3/armv7e-m/libgcc.a(_aeabi_uldivmod.o)
                0x000000000800022c                __aeabi_uldivmod
 .text          0x000000000800025c       0x60 /usr/lib/gcc/arm-none-eabi/4.9.3/armv7e-m/libgcc.a(bpabi.o)
                0x000000000800025c                __gnu_ldivmod_helper
                0x000000000800028c                __gnu_uldivmod_helper
 .text          0x00000000080002bc        0x4 /usr/lib/gcc/arm-none-eabi/4.9.3/armv7e-m/libgcc.a(_dvmd_tls.o)
                0x00000000080002bc                __aeabi_ldiv0
                0x00000000080002bc                __aeabi_idiv0
 .text          0x00000000080002c0      0x29c /usr/lib/gcc/arm-none-eabi/4.9.3/armv7e-m/libgcc.a(_divdi3.o)
                0x00000000080002c0                __divdi3
 .text          0x000000000800055c      0x26c /usr/lib/gcc/arm-none-eabi/4.9.3/armv7e-m/libgcc.a(_udivdi3.o)
                0x000000000800055c                __udivdi3
 *(.text*)
 .text.HAL_Init
                0x00000000080007c8       0x44 CMakeFiles/mems.elf.dir/Drivers/STM32F4xx_HAL_Driver/Src/stm32f4xx_hal.c.obj
                0x00000000080007c8                HAL_Init
 .text.HAL_InitTick
                0x000000000800080c       0x60 CMakeFiles/mems.elf.dir/Drivers/STM32F4xx_HAL_Driver/Src/stm32f4xx_hal.c.obj
                0x000000000800080c                HAL_InitTick
 .text.HAL_IncTick
                0x000000000800086c       0x24 CMakeFiles/mems.elf.dir/Drivers/STM32F4xx_HAL_Driver/Src/stm32f4xx_hal.c.obj
                0x000000000800086c                HAL_IncTick
 .text.HAL_GetTick
                0x0000000008000890       0x18 CMakeFiles/mems.elf.dir/Drivers/STM32F4xx_HAL_Driver/Src/stm32f4xx_hal.c.obj
                0x0000000008000890                HAL_GetTick
 .text.HAL_Delay
                0x00000000080008a8       0x44 CMakeFiles/mems.elf.dir/Drivers/STM32F4xx_HAL_Driver/Src/stm32f4xx_hal.c.obj
                0x00000000080008a8                HAL_Delay
 .text.__NVIC_SetPriorityGrouping
                0x00000000080008ec       0x48 CMakeFiles/mems.elf.dir/Drivers/STM32F4xx_HAL_Driver/Src/stm32f4xx_hal_cortex.c.obj
 .text.__NVIC_GetPriorityGrouping
                0x0000000008000934       0x1c CMakeFiles/mems.elf.dir/Drivers/STM32F4xx_HAL_Driver/Src/stm32f4xx_hal_cortex.c.obj
 .text.__NVIC_EnableIRQ
                0x0000000008000950       0x38 CMakeFiles/mems.elf.dir/Drivers/STM32F4xx_HAL_Driver/Src/stm32f4xx_hal_cortex.c.obj
 .text.__NVIC_SetPriority
                0x0000000008000988       0x54 CMakeFiles/mems.elf.dir/Drivers/STM32F4xx_HAL_Driver/Src/stm32f4xx_hal_cortex.c.obj
 .text.NVIC_EncodePriority
                0x00000000080009dc       0x64 CMakeFiles/mems.elf.dir/Drivers/STM32F4xx_HAL_Driver/Src/stm32f4xx_hal_cortex.c.obj
 .text.SysTick_Config
                0x0000000008000a40       0x44 CMakeFiles/mems.elf.dir/Drivers/STM32F4xx_HAL_Driver/Src/stm32f4xx_hal_cortex.c.obj
 .text.HAL_NVIC_SetPriorityGrouping
                0x0000000008000a84       0x14 CMakeFiles/mems.elf.dir/Drivers/STM32F4xx_HAL_Driver/Src/stm32f4xx_hal_cortex.c.obj
                0x0000000008000a84                HAL_NVIC_SetPriorityGrouping
 .text.HAL_NVIC_SetPriority
                0x0000000008000a98       0x38 CMakeFiles/mems.elf.dir/Drivers/STM32F4xx_HAL_Driver/Src/stm32f4xx_hal_cortex.c.obj
                0x0000000008000a98                HAL_NVIC_SetPriority
 .text.HAL_NVIC_EnableIRQ
                0x0000000008000ad0       0x1c CMakeFiles/mems.elf.dir/Drivers/STM32F4xx_HAL_Driver/Src/stm32f4xx_hal_cortex.c.obj
                0x0000000008000ad0                HAL_NVIC_EnableIRQ
 .text.HAL_SYSTICK_Config
                0x0000000008000aec       0x18 CMakeFiles/mems.elf.dir/Drivers/STM32F4xx_HAL_Driver/Src/stm32f4xx_hal_cortex.c.obj
                0x0000000008000aec                HAL_SYSTICK_Config
 .text.HAL_DMA_Init
                0x0000000008000b04      0x160 CMakeFiles/mems.elf.dir/Drivers/STM32F4xx_HAL_Driver/Src/stm32f4xx_hal_dma.c.obj
                0x0000000008000b04                HAL_DMA_Init
 .text.HAL_DMA_Start_IT
                0x0000000008000c64       0xc4 CMakeFiles/mems.elf.dir/Drivers/STM32F4xx_HAL_Driver/Src/stm32f4xx_hal_dma.c.obj
                0x0000000008000c64                HAL_DMA_Start_IT
 .text.HAL_DMA_Abort_IT
                0x0000000008000d28       0x44 CMakeFiles/mems.elf.dir/Drivers/STM32F4xx_HAL_Driver/Src/stm32f4xx_hal_dma.c.obj
                0x0000000008000d28                HAL_DMA_Abort_IT
 .text.HAL_DMA_IRQHandler
                0x0000000008000d6c      0x33c CMakeFiles/mems.elf.dir/Drivers/STM32F4xx_HAL_Driver/Src/stm32f4xx_hal_dma.c.obj
                0x0000000008000d6c                HAL_DMA_IRQHandler
 .text.DMA_SetConfig
                0x00000000080010a8       0x5c CMakeFiles/mems.elf.dir/Drivers/STM32F4xx_HAL_Driver/Src/stm32f4xx_hal_dma.c.obj
 .text.DMA_CalcBaseAndBitshift
                0x0000000008001104       0x6c CMakeFiles/mems.elf.dir/Drivers/STM32F4xx_HAL_Driver/Src/stm32f4xx_hal_dma.c.obj
 .text.DMA_CheckFifoParam
                0x0000000008001170       0xec CMakeFiles/mems.elf.dir/Drivers/STM32F4xx_HAL_Driver/Src/stm32f4xx_hal_dma.c.obj
 .text.HAL_GPIO_Init
                0x000000000800125c      0x32c CMakeFiles/mems.elf.dir/Drivers/STM32F4xx_HAL_Driver/Src/stm32f4xx_hal_gpio.c.obj
                0x000000000800125c                HAL_GPIO_Init
 .text.HAL_GPIO_WritePin
                0x0000000008001588       0x30 CMakeFiles/mems.elf.dir/Drivers/STM32F4xx_HAL_Driver/Src/stm32f4xx_hal_gpio.c.obj
                0x0000000008001588                HAL_GPIO_WritePin
 .text.HAL_GPIO_TogglePin
                0x00000000080015b8       0x34 CMakeFiles/mems.elf.dir/Drivers/STM32F4xx_HAL_Driver/Src/stm32f4xx_hal_gpio.c.obj
                0x00000000080015b8                HAL_GPIO_TogglePin
 .text.HAL_GPIO_EXTI_IRQHandler
                0x00000000080015ec       0x30 CMakeFiles/mems.elf.dir/Drivers/STM32F4xx_HAL_Driver/Src/stm32f4xx_hal_gpio.c.obj
                0x00000000080015ec                HAL_GPIO_EXTI_IRQHandler
 .text.HAL_RCC_OscConfig
                0x000000000800161c      0x47c CMakeFiles/mems.elf.dir/Drivers/STM32F4xx_HAL_Driver/Src/stm32f4xx_hal_rcc.c.obj
                0x000000000800161c                HAL_RCC_OscConfig
 .text.HAL_RCC_ClockConfig
                0x0000000008001a98      0x1c4 CMakeFiles/mems.elf.dir/Drivers/STM32F4xx_HAL_Driver/Src/stm32f4xx_hal_rcc.c.obj
                0x0000000008001a98                HAL_RCC_ClockConfig
 .text.HAL_RCC_GetSysClockFreq
                0x0000000008001c5c      0x1ac CMakeFiles/mems.elf.dir/Drivers/STM32F4xx_HAL_Driver/Src/stm32f4xx_hal_rcc.c.obj
                0x0000000008001c5c                HAL_RCC_GetSysClockFreq
 .text.HAL_RCC_GetHCLKFreq
                0x0000000008001e08       0x18 CMakeFiles/mems.elf.dir/Drivers/STM32F4xx_HAL_Driver/Src/stm32f4xx_hal_rcc.c.obj
                0x0000000008001e08                HAL_RCC_GetHCLKFreq
 .text.HAL_RCC_GetPCLK1Freq
                0x0000000008001e20       0x28 CMakeFiles/mems.elf.dir/Drivers/STM32F4xx_HAL_Driver/Src/stm32f4xx_hal_rcc.c.obj
                0x0000000008001e20                HAL_RCC_GetPCLK1Freq
 .text.HAL_RCC_GetPCLK2Freq
                0x0000000008001e48       0x28 CMakeFiles/mems.elf.dir/Drivers/STM32F4xx_HAL_Driver/Src/stm32f4xx_hal_rcc.c.obj
                0x0000000008001e48                HAL_RCC_GetPCLK2Freq
 .text.HAL_SPI_Init
                0x0000000008001e70       0xc8 CMakeFiles/mems.elf.dir/Drivers/STM32F4xx_HAL_Driver/Src/stm32f4xx_hal_spi.c.obj
                0x0000000008001e70                HAL_SPI_Init
 .text.HAL_SPI_Transmit
                0x0000000008001f38      0x264 CMakeFiles/mems.elf.dir/Drivers/STM32F4xx_HAL_Driver/Src/stm32f4xx_hal_spi.c.obj
                0x0000000008001f38                HAL_SPI_Transmit
 .text.HAL_SPI_Receive
                0x000000000800219c      0x210 CMakeFiles/mems.elf.dir/Drivers/STM32F4xx_HAL_Driver/Src/stm32f4xx_hal_spi.c.obj
                0x000000000800219c                HAL_SPI_Receive
 .text.HAL_SPI_TransmitReceive
                0x00000000080023ac      0x340 CMakeFiles/mems.elf.dir/Drivers/STM32F4xx_HAL_Driver/Src/stm32f4xx_hal_spi.c.obj
                0x00000000080023ac                HAL_SPI_TransmitReceive
 .text.HAL_SPI_IRQHandler
                0x00000000080026ec      0x1e8 CMakeFiles/mems.elf.dir/Drivers/STM32F4xx_HAL_Driver/Src/stm32f4xx_hal_spi.c.obj
                0x00000000080026ec                HAL_SPI_IRQHandler
 .text.HAL_SPI_ErrorCallback
                0x00000000080028d4       0x14 CMakeFiles/mems.elf.dir/Drivers/STM32F4xx_HAL_Driver/Src/stm32f4xx_hal_spi.c.obj
                0x00000000080028d4                HAL_SPI_ErrorCallback
 .text.SPI_DMAAbortOnError
                0x00000000080028e8       0x28 CMakeFiles/mems.elf.dir/Drivers/STM32F4xx_HAL_Driver/Src/stm32f4xx_hal_spi.c.obj
 .text.SPI_WaitFlagStateUntilTimeout
                0x0000000008002910       0xd4 CMakeFiles/mems.elf.dir/Drivers/STM32F4xx_HAL_Driver/Src/stm32f4xx_hal_spi.c.obj
 .text.SPI_EndRxTransaction
                0x00000000080029e4       0xcc CMakeFiles/mems.elf.dir/Drivers/STM32F4xx_HAL_Driver/Src/stm32f4xx_hal_spi.c.obj
 .text.SPI_EndRxTxTransaction
                0x0000000008002ab0       0x80 CMakeFiles/mems.elf.dir/Drivers/STM32F4xx_HAL_Driver/Src/stm32f4xx_hal_spi.c.obj
 .text.HAL_UART_Init
                0x0000000008002b30       0x9c CMakeFiles/mems.elf.dir/Drivers/STM32F4xx_HAL_Driver/Src/stm32f4xx_hal_uart.c.obj
                0x0000000008002b30                HAL_UART_Init
 .text.HAL_UART_Transmit_DMA
                0x0000000008002bcc       0xe0 CMakeFiles/mems.elf.dir/Drivers/STM32F4xx_HAL_Driver/Src/stm32f4xx_hal_uart.c.obj
                0x0000000008002bcc                HAL_UART_Transmit_DMA
 .text.HAL_UART_IRQHandler
                0x0000000008002cac      0x1f4 CMakeFiles/mems.elf.dir/Drivers/STM32F4xx_HAL_Driver/Src/stm32f4xx_hal_uart.c.obj
                0x0000000008002cac                HAL_UART_IRQHandler
 .text.HAL_UART_TxCpltCallback
                0x0000000008002ea0       0x14 CMakeFiles/mems.elf.dir/Drivers/STM32F4xx_HAL_Driver/Src/stm32f4xx_hal_uart.c.obj
                0x0000000008002ea0                HAL_UART_TxCpltCallback
 .text.HAL_UART_TxHalfCpltCallback
                0x0000000008002eb4       0x14 CMakeFiles/mems.elf.dir/Drivers/STM32F4xx_HAL_Driver/Src/stm32f4xx_hal_uart.c.obj
                0x0000000008002eb4                HAL_UART_TxHalfCpltCallback
 .text.HAL_UART_RxCpltCallback
                0x0000000008002ec8       0x14 CMakeFiles/mems.elf.dir/Drivers/STM32F4xx_HAL_Driver/Src/stm32f4xx_hal_uart.c.obj
                0x0000000008002ec8                HAL_UART_RxCpltCallback
 .text.HAL_UART_ErrorCallback
                0x0000000008002edc       0x14 CMakeFiles/mems.elf.dir/Drivers/STM32F4xx_HAL_Driver/Src/stm32f4xx_hal_uart.c.obj
                0x0000000008002edc                HAL_UART_ErrorCallback
 .text.UART_DMATransmitCplt
                0x0000000008002ef0       0x50 CMakeFiles/mems.elf.dir/Drivers/STM32F4xx_HAL_Driver/Src/stm32f4xx_hal_uart.c.obj
 .text.UART_DMATxHalfCplt
                0x0000000008002f40       0x1c CMakeFiles/mems.elf.dir/Drivers/STM32F4xx_HAL_Driver/Src/stm32f4xx_hal_uart.c.obj
 .text.UART_DMAError
                0x0000000008002f5c       0x94 CMakeFiles/mems.elf.dir/Drivers/STM32F4xx_HAL_Driver/Src/stm32f4xx_hal_uart.c.obj
 .text.UART_EndTxTransfer
                0x0000000008002ff0       0x2c CMakeFiles/mems.elf.dir/Drivers/STM32F4xx_HAL_Driver/Src/stm32f4xx_hal_uart.c.obj
 .text.UART_EndRxTransfer
                0x000000000800301c       0x3c CMakeFiles/mems.elf.dir/Drivers/STM32F4xx_HAL_Driver/Src/stm32f4xx_hal_uart.c.obj
 .text.UART_DMAAbortOnError
                0x0000000008003058       0x28 CMakeFiles/mems.elf.dir/Drivers/STM32F4xx_HAL_Driver/Src/stm32f4xx_hal_uart.c.obj
 .text.UART_Transmit_IT
                0x0000000008003080       0xac CMakeFiles/mems.elf.dir/Drivers/STM32F4xx_HAL_Driver/Src/stm32f4xx_hal_uart.c.obj
 .text.UART_EndTransmit_IT
                0x000000000800312c       0x30 CMakeFiles/mems.elf.dir/Drivers/STM32F4xx_HAL_Driver/Src/stm32f4xx_hal_uart.c.obj
 .text.UART_Receive_IT
                0x000000000800315c      0x104 CMakeFiles/mems.elf.dir/Drivers/STM32F4xx_HAL_Driver/Src/stm32f4xx_hal_uart.c.obj
 .text.UART_SetConfig
                0x0000000008003260      0x410 CMakeFiles/mems.elf.dir/Drivers/STM32F4xx_HAL_Driver/Src/stm32f4xx_hal_uart.c.obj
 .text.MX_DMA_Init
                0x0000000008003670       0x88 CMakeFiles/mems.elf.dir/Src/dma.c.obj
                0x0000000008003670                MX_DMA_Init
 .text.MX_GPIO_Init
                0x00000000080036f8      0x160 CMakeFiles/mems.elf.dir/Src/gpio.c.obj
                0x00000000080036f8                MX_GPIO_Init
 .text.LIS3DSH_WriteIO
                0x0000000008003858       0x58 CMakeFiles/mems.elf.dir/Src/lis3dsh.c.obj
                0x0000000008003858                LIS3DSH_WriteIO
 .text.LIS3DSH_ReadIO
                0x00000000080038b0       0x8c CMakeFiles/mems.elf.dir/Src/lis3dsh.c.obj
                0x00000000080038b0                LIS3DSH_ReadIO
 .text.LIS3DSH_Init
                0x000000000800393c       0x74 CMakeFiles/mems.elf.dir/Src/lis3dsh.c.obj
                0x000000000800393c                LIS3DSH_Init
 .text.LIS3DSH_GetDataRaw
                0x00000000080039b0       0x88 CMakeFiles/mems.elf.dir/Src/lis3dsh.c.obj
                0x00000000080039b0                LIS3DSH_GetDataRaw
 .text.main     0x0000000008003a38       0xd8 CMakeFiles/mems.elf.dir/Src/main.c.obj
                0x0000000008003a38                main
 .text.SystemClock_Config
                0x0000000008003b10      0x120 CMakeFiles/mems.elf.dir/Src/main.c.obj
                0x0000000008003b10                SystemClock_Config
 .text.HAL_GPIO_EXTI_Callback
                0x0000000008003c30       0x20 CMakeFiles/mems.elf.dir/Src/main.c.obj
                0x0000000008003c30                HAL_GPIO_EXTI_Callback
 .text.Error_Handler
                0x0000000008003c50        0xc CMakeFiles/mems.elf.dir/Src/main.c.obj
                0x0000000008003c50                Error_Handler
 .text.MX_SPI1_Init
                0x0000000008003c5c       0x6c CMakeFiles/mems.elf.dir/Src/spi.c.obj
                0x0000000008003c5c                MX_SPI1_Init
 .text.HAL_SPI_MspInit
                0x0000000008003cc8      0x178 CMakeFiles/mems.elf.dir/Src/spi.c.obj
                0x0000000008003cc8                HAL_SPI_MspInit
 .text.HAL_MspInit
                0x0000000008003e40       0x50 CMakeFiles/mems.elf.dir/Src/stm32f4xx_hal_msp.c.obj
                0x0000000008003e40                HAL_MspInit
 .text.NMI_Handler
                0x0000000008003e90        0xc CMakeFiles/mems.elf.dir/Src/stm32f4xx_it.c.obj
                0x0000000008003e90                NMI_Handler
 .text.HardFault_Handler
                0x0000000008003e9c        0x8 CMakeFiles/mems.elf.dir/Src/stm32f4xx_it.c.obj
                0x0000000008003e9c                HardFault_Handler
 .text.MemManage_Handler
                0x0000000008003ea4        0x8 CMakeFiles/mems.elf.dir/Src/stm32f4xx_it.c.obj
                0x0000000008003ea4                MemManage_Handler
 .text.BusFault_Handler
                0x0000000008003eac        0x8 CMakeFiles/mems.elf.dir/Src/stm32f4xx_it.c.obj
                0x0000000008003eac                BusFault_Handler
 .text.UsageFault_Handler
                0x0000000008003eb4        0x8 CMakeFiles/mems.elf.dir/Src/stm32f4xx_it.c.obj
                0x0000000008003eb4                UsageFault_Handler
 .text.SVC_Handler
                0x0000000008003ebc        0xc CMakeFiles/mems.elf.dir/Src/stm32f4xx_it.c.obj
                0x0000000008003ebc                SVC_Handler
 .text.DebugMon_Handler
                0x0000000008003ec8        0xc CMakeFiles/mems.elf.dir/Src/stm32f4xx_it.c.obj
                0x0000000008003ec8                DebugMon_Handler
 .text.PendSV_Handler
                0x0000000008003ed4        0xc CMakeFiles/mems.elf.dir/Src/stm32f4xx_it.c.obj
                0x0000000008003ed4                PendSV_Handler
 .text.SysTick_Handler
                0x0000000008003ee0        0xc CMakeFiles/mems.elf.dir/Src/stm32f4xx_it.c.obj
                0x0000000008003ee0                SysTick_Handler
 .text.EXTI0_IRQHandler
                0x0000000008003eec        0xc CMakeFiles/mems.elf.dir/Src/stm32f4xx_it.c.obj
                0x0000000008003eec                EXTI0_IRQHandler
 .text.DMA1_Stream1_IRQHandler
                0x0000000008003ef8       0x10 CMakeFiles/mems.elf.dir/Src/stm32f4xx_it.c.obj
                0x0000000008003ef8                DMA1_Stream1_IRQHandler
 .text.DMA1_Stream3_IRQHandler
                0x0000000008003f08       0x10 CMakeFiles/mems.elf.dir/Src/stm32f4xx_it.c.obj
                0x0000000008003f08                DMA1_Stream3_IRQHandler
 .text.SPI1_IRQHandler
                0x0000000008003f18       0x10 CMakeFiles/mems.elf.dir/Src/stm32f4xx_it.c.obj
                0x0000000008003f18                SPI1_IRQHandler
 .text.USART3_IRQHandler
                0x0000000008003f28       0x10 CMakeFiles/mems.elf.dir/Src/stm32f4xx_it.c.obj
                0x0000000008003f28                USART3_IRQHandler
 .text.DMA2_Stream0_IRQHandler
                0x0000000008003f38       0x10 CMakeFiles/mems.elf.dir/Src/stm32f4xx_it.c.obj
                0x0000000008003f38                DMA2_Stream0_IRQHandler
 .text.DMA2_Stream3_IRQHandler
                0x0000000008003f48       0x10 CMakeFiles/mems.elf.dir/Src/stm32f4xx_it.c.obj
                0x0000000008003f48                DMA2_Stream3_IRQHandler
 .text._sbrk    0x0000000008003f58       0x58 CMakeFiles/mems.elf.dir/Src/syscalls.c.obj
                0x0000000008003f58                _sbrk
 .text.SystemInit
                0x0000000008003fb0       0x5c CMakeFiles/mems.elf.dir/Src/system_stm32f4xx.c.obj
                0x0000000008003fb0                SystemInit
 .text.MX_USART3_UART_Init
                0x000000000800400c       0x50 CMakeFiles/mems.elf.dir/Src/usart.c.obj
                0x000000000800400c                MX_USART3_UART_Init
 .text.HAL_UART_MspInit
                0x000000000800405c      0x17c CMakeFiles/mems.elf.dir/Src/usart.c.obj
                0x000000000800405c                HAL_UART_MspInit
 .text.Reset_Handler
                0x00000000080041d8       0x50 CMakeFiles/mems.elf.dir/startup/startup_stm32f407xx.s.obj
                0x00000000080041d8                Reset_Handler
 .text.Default_Handler
                0x0000000008004228        0x2 CMakeFiles/mems.elf.dir/startup/startup_stm32f407xx.s.obj
                0x0000000008004228                RTC_Alarm_IRQHandler
                0x0000000008004228                HASH_RNG_IRQHandler
                0x0000000008004228                EXTI2_IRQHandler
                0x0000000008004228                TIM8_CC_IRQHandler
                0x0000000008004228                TIM1_CC_IRQHandler
                0x0000000008004228                DMA2_Stream5_IRQHandler
                0x0000000008004228                DMA1_Stream5_IRQHandler
                0x0000000008004228                PVD_IRQHandler
                0x0000000008004228                SDIO_IRQHandler
                0x0000000008004228                TAMP_STAMP_IRQHandler
                0x0000000008004228                CAN2_RX1_IRQHandler
                0x0000000008004228                EXTI3_IRQHandler
                0x0000000008004228                TIM8_TRG_COM_TIM14_IRQHandler
                0x0000000008004228                TIM1_UP_TIM10_IRQHandler
                0x0000000008004228                TIM8_UP_TIM13_IRQHandler
                0x0000000008004228                I2C3_ER_IRQHandler
                0x0000000008004228                I2C2_EV_IRQHandler
                0x0000000008004228                DMA1_Stream2_IRQHandler
                0x0000000008004228                CAN1_RX0_IRQHandler
                0x0000000008004228                FPU_IRQHandler
                0x0000000008004228                OTG_HS_WKUP_IRQHandler
                0x0000000008004228                CAN2_SCE_IRQHandler
                0x0000000008004228                DMA2_Stream2_IRQHandler
                0x0000000008004228                TIM6_DAC_IRQHandler
                0x0000000008004228                TIM1_BRK_TIM9_IRQHandler
                0x0000000008004228                DCMI_IRQHandler
                0x0000000008004228                CAN2_RX0_IRQHandler
                0x0000000008004228                USART6_IRQHandler
                0x0000000008004228                CAN1_RX1_IRQHandler
                0x0000000008004228                UART5_IRQHandler
                0x0000000008004228                TIM4_IRQHandler
                0x0000000008004228                I2C1_EV_IRQHandler
                0x0000000008004228                DMA1_Stream6_IRQHandler
                0x0000000008004228                UART4_IRQHandler
                0x0000000008004228                TIM3_IRQHandler
                0x0000000008004228                RCC_IRQHandler
                0x0000000008004228                TIM8_BRK_TIM12_IRQHandler
                0x0000000008004228                Default_Handler
                0x0000000008004228                EXTI15_10_IRQHandler
                0x0000000008004228                ADC_IRQHandler
                0x0000000008004228                DMA1_Stream7_IRQHandler
                0x0000000008004228                TIM7_IRQHandler
                0x0000000008004228                CAN2_TX_IRQHandler
                0x0000000008004228                TIM5_IRQHandler
                0x0000000008004228                DMA2_Stream7_IRQHandler
                0x0000000008004228                I2C3_EV_IRQHandler
                0x0000000008004228                EXTI9_5_IRQHandler
                0x0000000008004228                RTC_WKUP_IRQHandler
                0x0000000008004228                ETH_WKUP_IRQHandler
                0x0000000008004228                SPI2_IRQHandler
                0x0000000008004228                OTG_HS_EP1_IN_IRQHandler
                0x0000000008004228                DMA1_Stream0_IRQHandler
                0x0000000008004228                CAN1_TX_IRQHandler
                0x0000000008004228                EXTI4_IRQHandler
                0x0000000008004228                FSMC_IRQHandler
                0x0000000008004228                ETH_IRQHandler
                0x0000000008004228                OTG_HS_EP1_OUT_IRQHandler
                0x0000000008004228                WWDG_IRQHandler
                0x0000000008004228                TIM2_IRQHandler
                0x0000000008004228                OTG_FS_WKUP_IRQHandler
                0x0000000008004228                TIM1_TRG_COM_TIM11_IRQHandler
                0x0000000008004228                OTG_HS_IRQHandler
                0x0000000008004228                EXTI1_IRQHandler
                0x0000000008004228                USART2_IRQHandler
                0x0000000008004228                I2C2_ER_IRQHandler
                0x0000000008004228                DMA2_Stream1_IRQHandler
                0x0000000008004228                CAN1_SCE_IRQHandler
                0x0000000008004228                FLASH_IRQHandler
                0x0000000008004228                DMA2_Stream4_IRQHandler
                0x0000000008004228                USART1_IRQHandler
                0x0000000008004228                OTG_FS_IRQHandler
                0x0000000008004228                SPI3_IRQHandler
                0x0000000008004228                DMA1_Stream4_IRQHandler
                0x0000000008004228                I2C1_ER_IRQHandler
                0x0000000008004228                DMA2_Stream6_IRQHandler
 *fill*         0x000000000800422a        0x2 
 .text.__errno  0x000000000800422c        0xc /usr/lib/gcc/arm-none-eabi/4.9.3/../../../arm-none-eabi/lib/armv7e-m/libg_nano.a(lib_a-errno.o)
                0x000000000800422c                __errno
 .text.__libc_init_array
                0x0000000008004238       0x4c /usr/lib/gcc/arm-none-eabi/4.9.3/../../../arm-none-eabi/lib/armv7e-m/libg_nano.a(lib_a-init.o)
                0x0000000008004238                __libc_init_array
 .text.sprintf  0x0000000008004284       0x48 /usr/lib/gcc/arm-none-eabi/4.9.3/../../../arm-none-eabi/lib/armv7e-m/libg_nano.a(lib_a-sprintf.o)
                0x0000000008004284                sprintf
                0x0000000008004284                siprintf
 .text.__ssputs_r
                0x00000000080042cc       0xb2 /usr/lib/gcc/arm-none-eabi/4.9.3/../../../arm-none-eabi/lib/armv7e-m/libg_nano.a(lib_a-nano-svfprintf.o)
                0x00000000080042cc                __ssputs_r
 *fill*         0x000000000800437e        0x2 
 .text._svfprintf_r
                0x0000000008004380      0x1e4 /usr/lib/gcc/arm-none-eabi/4.9.3/../../../arm-none-eabi/lib/armv7e-m/libg_nano.a(lib_a-nano-svfprintf.o)
                0x0000000008004380                _svfprintf_r
                0x0000000008004380                _svfiprintf_r
 .text._printf_common
                0x0000000008004564       0xea /usr/lib/gcc/arm-none-eabi/4.9.3/../../../arm-none-eabi/lib/armv7e-m/libg_nano.a(lib_a-nano-vfprintf_i.o)
                0x0000000008004564                _printf_common
 *fill*         0x000000000800464e        0x2 
 .text._printf_i
                0x0000000008004650      0x240 /usr/lib/gcc/arm-none-eabi/4.9.3/../../../arm-none-eabi/lib/armv7e-m/libg_nano.a(lib_a-nano-vfprintf_i.o)
                0x0000000008004650                _printf_i
 .text.memchr   0x0000000008004890       0x1e /usr/lib/gcc/arm-none-eabi/4.9.3/../../../arm-none-eabi/lib/armv7e-m/libg_nano.a(lib_a-memchr.o)
                0x0000000008004890                memchr
 .text.memcpy   0x00000000080048ae       0x16 /usr/lib/gcc/arm-none-eabi/4.9.3/../../../arm-none-eabi/lib/armv7e-m/libg_nano.a(lib_a-memcpy.o)
                0x00000000080048ae                memcpy
 .text.memmove  0x00000000080048c4       0x36 /usr/lib/gcc/arm-none-eabi/4.9.3/../../../arm-none-eabi/lib/armv7e-m/libg_nano.a(lib_a-memmove.o)
                0x00000000080048c4                memmove
 *fill*         0x00000000080048fa        0x2 
 .text._free_r  0x00000000080048fc       0x88 /usr/lib/gcc/arm-none-eabi/4.9.3/../../../arm-none-eabi/lib/armv7e-m/libg_nano.a(lib_a-nano-freer.o)
                0x00000000080048fc                _free_r
 .text._malloc_r
                0x0000000008004984       0xac /usr/lib/gcc/arm-none-eabi/4.9.3/../../../arm-none-eabi/lib/armv7e-m/libg_nano.a(lib_a-nano-mallocr.o)
                0x0000000008004984                _malloc_r
 .text._realloc_r
                0x0000000008004a30       0x4c /usr/lib/gcc/arm-none-eabi/4.9.3/../../../arm-none-eabi/lib/armv7e-m/libg_nano.a(lib_a-nano-reallocr.o)
                0x0000000008004a30                _realloc_r
 .text._sbrk_r  0x0000000008004a7c       0x20 /usr/lib/gcc/arm-none-eabi/4.9.3/../../../arm-none-eabi/lib/armv7e-m/libg_nano.a(lib_a-sbrkr.o)
                0x0000000008004a7c                _sbrk_r
 .text._malloc_usable_size_r
                0x0000000008004a9c       0x14 /usr/lib/gcc/arm-none-eabi/4.9.3/../../../arm-none-eabi/lib/armv7e-m/libg_nano.a(lib_a-nano-msizer.o)
                0x0000000008004a9c                _malloc_usable_size_r
 *(.glue_7)
 .glue_7        0x0000000008004ab0        0x0 linker stubs
 *(.glue_7t)
 .glue_7t       0x0000000008004ab0        0x0 linker stubs
 *(.eh_frame)
 .eh_frame      0x0000000008004ab0        0x0 /usr/lib/gcc/arm-none-eabi/4.9.3/armv7e-m/crtbegin.o
 *(.init)
 .init          0x0000000008004ab0        0x4 /usr/lib/gcc/arm-none-eabi/4.9.3/armv7e-m/crti.o
                0x0000000008004ab0                _init
 .init          0x0000000008004ab4        0x8 /usr/lib/gcc/arm-none-eabi/4.9.3/armv7e-m/crtn.o
 *(.fini)
 .fini          0x0000000008004abc        0x4 /usr/lib/gcc/arm-none-eabi/4.9.3/armv7e-m/crti.o
                0x0000000008004abc                _fini
 .fini          0x0000000008004ac0        0x8 /usr/lib/gcc/arm-none-eabi/4.9.3/armv7e-m/crtn.o
                0x0000000008004ac8                . = ALIGN (0x4)
                0x0000000008004ac8                _etext = .

.vfp11_veneer   0x0000000008004ac8        0x0
 .vfp11_veneer  0x0000000008004ac8        0x0 linker stubs

.v4_bx          0x0000000008004ac8        0x0
 .v4_bx         0x0000000008004ac8        0x0 linker stubs

.iplt           0x0000000008004ac8        0x0
 .iplt          0x0000000008004ac8        0x0 /usr/lib/gcc/arm-none-eabi/4.9.3/armv7e-m/crtbegin.o

.rodata         0x0000000008004ac8       0x64
                0x0000000008004ac8                . = ALIGN (0x4)
 *(.rodata)
 .rodata        0x0000000008004ac8        0xb CMakeFiles/mems.elf.dir/Src/main.c.obj
 *(.rodata*)
 *fill*         0x0000000008004ad3        0x1 
 .rodata.flagBitshiftOffset.6445
                0x0000000008004ad4        0x8 CMakeFiles/mems.elf.dir/Drivers/STM32F4xx_HAL_Driver/Src/stm32f4xx_hal_dma.c.obj
 .rodata.AHBPrescTable
                0x0000000008004adc       0x10 CMakeFiles/mems.elf.dir/Src/system_stm32f4xx.c.obj
                0x0000000008004adc                AHBPrescTable
 .rodata.APBPrescTable
                0x0000000008004aec        0x8 CMakeFiles/mems.elf.dir/Src/system_stm32f4xx.c.obj
                0x0000000008004aec                APBPrescTable
 .rodata.str1.1
                0x0000000008004af4        0x2 /usr/lib/gcc/arm-none-eabi/4.9.3/../../../arm-none-eabi/lib/armv7e-m/libg_nano.a(lib_a-impure.o)
 .rodata.str1.1
                0x0000000008004af6       0x11 /usr/lib/gcc/arm-none-eabi/4.9.3/../../../arm-none-eabi/lib/armv7e-m/libg_nano.a(lib_a-nano-svfprintf.o)
 .rodata.str1.1
                0x0000000008004b07       0x22 /usr/lib/gcc/arm-none-eabi/4.9.3/../../../arm-none-eabi/lib/armv7e-m/libg_nano.a(lib_a-nano-vfprintf_i.o)
                0x0000000008004b2c                . = ALIGN (0x4)
 *fill*         0x0000000008004b29        0x3 

.ARM.extab
 *(.ARM.extab* .gnu.linkonce.armextab.*)

.ARM            0x0000000008004b2c        0x8
                0x0000000008004b2c                __exidx_start = .
 *(.ARM.exidx*)
 .ARM.exidx     0x0000000008004b2c        0x8 /usr/lib/gcc/arm-none-eabi/4.9.3/armv7e-m/libgcc.a(_divdi3.o)
 .ARM.exidx     0x0000000008004b34        0x0 /usr/lib/gcc/arm-none-eabi/4.9.3/armv7e-m/libgcc.a(_udivdi3.o)
                                          0x8 (size before relaxing)
                0x0000000008004b34                __exidx_end = .

.rel.dyn        0x0000000008004b34        0x0
 .rel.iplt      0x0000000008004b34        0x0 /usr/lib/gcc/arm-none-eabi/4.9.3/armv7e-m/crtbegin.o

.preinit_array  0x0000000008004b34        0x0
                0x0000000008004b34                PROVIDE (__preinit_array_start, .)
 *(.preinit_array*)
                0x0000000008004b34                PROVIDE (__preinit_array_end, .)

.init_array     0x0000000008004b34        0x4
                0x0000000008004b34                PROVIDE (__init_array_start, .)
 *(SORT(.init_array.*))
 *(.init_array*)
 .init_array    0x0000000008004b34        0x4 /usr/lib/gcc/arm-none-eabi/4.9.3/armv7e-m/crtbegin.o
                0x0000000008004b38                PROVIDE (__init_array_end, .)

.fini_array     0x0000000008004b38        0x4
                0x0000000008004b38                PROVIDE (__fini_array_start, .)
 *(SORT(.fini_array.*))
 *(.fini_array*)
 .fini_array    0x0000000008004b38        0x4 /usr/lib/gcc/arm-none-eabi/4.9.3/armv7e-m/crtbegin.o
                0x0000000008004b3c                PROVIDE (__fini_array_end, .)
                0x0000000008004b3c                _sidata = LOADADDR (.data)

.data           0x0000000020000000       0x70 load address 0x0000000008004b3c
                0x0000000020000000                . = ALIGN (0x4)
                0x0000000020000000                _sdata = .
 *(.data)
 *(.data*)
 .data.uwTickPrio
                0x0000000020000000        0x4 CMakeFiles/mems.elf.dir/Drivers/STM32F4xx_HAL_Driver/Src/stm32f4xx_hal.c.obj
                0x0000000020000000                uwTickPrio
 .data.uwTickFreq
                0x0000000020000004        0x1 CMakeFiles/mems.elf.dir/Drivers/STM32F4xx_HAL_Driver/Src/stm32f4xx_hal.c.obj
                0x0000000020000004                uwTickFreq
 *fill*         0x0000000020000005        0x3 
 .data.SystemCoreClock
                0x0000000020000008        0x4 CMakeFiles/mems.elf.dir/Src/system_stm32f4xx.c.obj
                0x0000000020000008                SystemCoreClock
 .data.impure_data
                0x000000002000000c       0x60 /usr/lib/gcc/arm-none-eabi/4.9.3/../../../arm-none-eabi/lib/armv7e-m/libg_nano.a(lib_a-impure.o)
 .data._impure_ptr
                0x000000002000006c        0x4 /usr/lib/gcc/arm-none-eabi/4.9.3/../../../arm-none-eabi/lib/armv7e-m/libg_nano.a(lib_a-impure.o)
                0x000000002000006c                _impure_ptr
                0x0000000020000070                . = ALIGN (0x4)
                0x0000000020000070                _edata = .
                0x0000000008004bac                _siccmram = LOADADDR (.ccmram)

.jcr            0x0000000020000070        0x0 load address 0x0000000008004bac
 .jcr           0x0000000020000070        0x0 /usr/lib/gcc/arm-none-eabi/4.9.3/armv7e-m/crtbegin.o

.tm_clone_table
                0x0000000020000070        0x0 load address 0x0000000008004bac
 .tm_clone_table
                0x0000000020000070        0x0 /usr/lib/gcc/arm-none-eabi/4.9.3/armv7e-m/crtbegin.o
 .tm_clone_table
                0x0000000020000070        0x0 /usr/lib/gcc/arm-none-eabi/4.9.3/armv7e-m/crtend.o

.igot.plt       0x0000000020000070        0x0 load address 0x0000000008004bac
 .igot.plt      0x0000000020000070        0x0 /usr/lib/gcc/arm-none-eabi/4.9.3/armv7e-m/crtbegin.o

.ccmram         0x0000000010000000        0x0 load address 0x0000000008004bac
                0x0000000010000000                . = ALIGN (0x4)
                0x0000000010000000                _sccmram = .
 *(.ccmram)
 *(.ccmram*)
                0x0000000010000000                . = ALIGN (0x4)
                0x0000000010000000                _eccmram = .
                0x0000000010000000                . = ALIGN (0x4)

.bss            0x0000000020000070      0x250
                0x0000000020000070                _sbss = .
                0x0000000020000070                __bss_start__ = _sbss
 *(.bss)
 .bss           0x0000000020000070       0x1c /usr/lib/gcc/arm-none-eabi/4.9.3/armv7e-m/crtbegin.o
 *(.bss*)
 .bss.uwTick    0x000000002000008c        0x4 CMakeFiles/mems.elf.dir/Drivers/STM32F4xx_HAL_Driver/Src/stm32f4xx_hal.c.obj
                0x000000002000008c                uwTick
 .bss.LIS3DSHData
                0x0000000020000090        0x6 CMakeFiles/mems.elf.dir/Src/main.c.obj
                0x0000000020000090                LIS3DSHData
 .bss.LIS3DSHDrdy
                0x0000000020000096        0x1 CMakeFiles/mems.elf.dir/Src/main.c.obj
                0x0000000020000096                LIS3DSHDrdy
 *fill*         0x0000000020000097        0x1 
 .bss.hspi1     0x0000000020000098       0x58 CMakeFiles/mems.elf.dir/Src/spi.c.obj
                0x0000000020000098                hspi1
 .bss.hdma_spi1_rx
                0x00000000200000f0       0x60 CMakeFiles/mems.elf.dir/Src/spi.c.obj
                0x00000000200000f0                hdma_spi1_rx
 .bss.hdma_spi1_tx
                0x0000000020000150       0x60 CMakeFiles/mems.elf.dir/Src/spi.c.obj
                0x0000000020000150                hdma_spi1_tx
 .bss.heap_end.5800
                0x00000000200001b0        0x4 CMakeFiles/mems.elf.dir/Src/syscalls.c.obj
 .bss.huart3    0x00000000200001b4       0x40 CMakeFiles/mems.elf.dir/Src/usart.c.obj
                0x00000000200001b4                huart3
 .bss.hdma_usart3_rx
                0x00000000200001f4       0x60 CMakeFiles/mems.elf.dir/Src/usart.c.obj
                0x00000000200001f4                hdma_usart3_rx
 .bss.hdma_usart3_tx
                0x0000000020000254       0x60 CMakeFiles/mems.elf.dir/Src/usart.c.obj
                0x0000000020000254                hdma_usart3_tx
 .bss.__malloc_sbrk_start
                0x00000000200002b4        0x4 /usr/lib/gcc/arm-none-eabi/4.9.3/../../../arm-none-eabi/lib/armv7e-m/libg_nano.a(lib_a-nano-mallocr.o)
                0x00000000200002b4                __malloc_sbrk_start
 .bss.__malloc_free_list
                0x00000000200002b8        0x4 /usr/lib/gcc/arm-none-eabi/4.9.3/../../../arm-none-eabi/lib/armv7e-m/libg_nano.a(lib_a-nano-mallocr.o)
                0x00000000200002b8                __malloc_free_list
 *(COMMON)
 COMMON         0x00000000200002bc        0x4 /usr/lib/gcc/arm-none-eabi/4.9.3/../../../arm-none-eabi/lib/armv7e-m/libg_nano.a(lib_a-reent.o)
                0x00000000200002bc                errno
                0x00000000200002c0                . = ALIGN (0x4)
                0x00000000200002c0                _ebss = .
                0x00000000200002c0                __bss_end__ = _ebss

._user_heap_stack
                0x00000000200002c0      0x600
                0x00000000200002c0                . = ALIGN (0x8)
                0x00000000200002c0                PROVIDE (end, .)
                [!provide]                        PROVIDE (_end, .)
                0x00000000200004c0                . = (. + _Min_Heap_Size)
 *fill*         0x00000000200002c0      0x200 
                0x00000000200008c0                . = (. + _Min_Stack_Size)
 *fill*         0x00000000200004c0      0x400 
                0x00000000200008c0                . = ALIGN (0x8)

/DISCARD/
 libc.a(*)
 libm.a(*)
 libgcc.a(*)

.ARM.attributes
                0x0000000000000000       0x2a
 *(.ARM.attributes)
 .ARM.attributes
                0x0000000000000000       0x1e /usr/lib/gcc/arm-none-eabi/4.9.3/armv7e-m/crti.o
 .ARM.attributes
                0x000000000000001e       0x2e /usr/lib/gcc/arm-none-eabi/4.9.3/armv7e-m/crtbegin.o
 .ARM.attributes
                0x000000000000004c       0x33 CMakeFiles/mems.elf.dir/Drivers/STM32F4xx_HAL_Driver/Src/stm32f4xx_hal.c.obj
 .ARM.attributes
                0x000000000000007f       0x33 CMakeFiles/mems.elf.dir/Drivers/STM32F4xx_HAL_Driver/Src/stm32f4xx_hal_cortex.c.obj
 .ARM.attributes
                0x00000000000000b2       0x33 CMakeFiles/mems.elf.dir/Drivers/STM32F4xx_HAL_Driver/Src/stm32f4xx_hal_dma.c.obj
 .ARM.attributes
                0x00000000000000e5       0x33 CMakeFiles/mems.elf.dir/Drivers/STM32F4xx_HAL_Driver/Src/stm32f4xx_hal_gpio.c.obj
 .ARM.attributes
                0x0000000000000118       0x33 CMakeFiles/mems.elf.dir/Drivers/STM32F4xx_HAL_Driver/Src/stm32f4xx_hal_rcc.c.obj
 .ARM.attributes
                0x000000000000014b       0x33 CMakeFiles/mems.elf.dir/Drivers/STM32F4xx_HAL_Driver/Src/stm32f4xx_hal_spi.c.obj
 .ARM.attributes
                0x000000000000017e       0x33 CMakeFiles/mems.elf.dir/Drivers/STM32F4xx_HAL_Driver/Src/stm32f4xx_hal_uart.c.obj
 .ARM.attributes
                0x00000000000001b1       0x33 CMakeFiles/mems.elf.dir/Src/dma.c.obj
 .ARM.attributes
                0x00000000000001e4       0x33 CMakeFiles/mems.elf.dir/Src/gpio.c.obj
 .ARM.attributes
                0x0000000000000217       0x33 CMakeFiles/mems.elf.dir/Src/lis3dsh.c.obj
 .ARM.attributes
                0x000000000000024a       0x33 CMakeFiles/mems.elf.dir/Src/main.c.obj
 .ARM.attributes
                0x000000000000027d       0x33 CMakeFiles/mems.elf.dir/Src/spi.c.obj
 .ARM.attributes
                0x00000000000002b0       0x33 CMakeFiles/mems.elf.dir/Src/stm32f4xx_hal_msp.c.obj
 .ARM.attributes
                0x00000000000002e3       0x33 CMakeFiles/mems.elf.dir/Src/stm32f4xx_it.c.obj
 .ARM.attributes
                0x0000000000000316       0x33 CMakeFiles/mems.elf.dir/Src/syscalls.c.obj
 .ARM.attributes
                0x0000000000000349       0x33 CMakeFiles/mems.elf.dir/Src/system_stm32f4xx.c.obj
 .ARM.attributes
                0x000000000000037c       0x33 CMakeFiles/mems.elf.dir/Src/usart.c.obj
 .ARM.attributes
                0x00000000000003af       0x21 CMakeFiles/mems.elf.dir/startup/startup_stm32f407xx.s.obj
 .ARM.attributes
                0x00000000000003d0       0x1e /usr/lib/gcc/arm-none-eabi/4.9.3/armv7e-m/libgcc.a(_aeabi_uldivmod.o)
 .ARM.attributes
                0x00000000000003ee       0x2e /usr/lib/gcc/arm-none-eabi/4.9.3/armv7e-m/libgcc.a(bpabi.o)
 .ARM.attributes
                0x000000000000041c       0x1e /usr/lib/gcc/arm-none-eabi/4.9.3/armv7e-m/libgcc.a(_dvmd_tls.o)
 .ARM.attributes
                0x000000000000043a       0x2e /usr/lib/gcc/arm-none-eabi/4.9.3/armv7e-m/libgcc.a(_divdi3.o)
 .ARM.attributes
                0x0000000000000468       0x2e /usr/lib/gcc/arm-none-eabi/4.9.3/armv7e-m/libgcc.a(_udivdi3.o)
 .ARM.attributes
                0x0000000000000496       0x2e /usr/lib/gcc/arm-none-eabi/4.9.3/../../../arm-none-eabi/lib/armv7e-m/libg_nano.a(lib_a-errno.o)
 .ARM.attributes
                0x00000000000004c4       0x2e /usr/lib/gcc/arm-none-eabi/4.9.3/../../../arm-none-eabi/lib/armv7e-m/libg_nano.a(lib_a-impure.o)
 .ARM.attributes
                0x00000000000004f2       0x2e /usr/lib/gcc/arm-none-eabi/4.9.3/../../../arm-none-eabi/lib/armv7e-m/libg_nano.a(lib_a-init.o)
 .ARM.attributes
                0x0000000000000520       0x2e /usr/lib/gcc/arm-none-eabi/4.9.3/../../../arm-none-eabi/lib/armv7e-m/libg_nano.a(lib_a-sprintf.o)
 .ARM.attributes
                0x000000000000054e       0x2e /usr/lib/gcc/arm-none-eabi/4.9.3/../../../arm-none-eabi/lib/armv7e-m/libg_nano.a(lib_a-nano-svfprintf.o)
 .ARM.attributes
                0x000000000000057c       0x2e /usr/lib/gcc/arm-none-eabi/4.9.3/../../../arm-none-eabi/lib/armv7e-m/libg_nano.a(lib_a-nano-vfprintf_i.o)
 .ARM.attributes
                0x00000000000005aa       0x2e /usr/lib/gcc/arm-none-eabi/4.9.3/../../../arm-none-eabi/lib/armv7e-m/libg_nano.a(lib_a-memchr.o)
 .ARM.attributes
                0x00000000000005d8       0x2e /usr/lib/gcc/arm-none-eabi/4.9.3/../../../arm-none-eabi/lib/armv7e-m/libg_nano.a(lib_a-memcpy.o)
 .ARM.attributes
                0x0000000000000606       0x2e /usr/lib/gcc/arm-none-eabi/4.9.3/../../../arm-none-eabi/lib/armv7e-m/libg_nano.a(lib_a-memmove.o)
 .ARM.attributes
                0x0000000000000634       0x2e /usr/lib/gcc/arm-none-eabi/4.9.3/../../../arm-none-eabi/lib/armv7e-m/libg_nano.a(lib_a-nano-freer.o)
 .ARM.attributes
                0x0000000000000662       0x2e /usr/lib/gcc/arm-none-eabi/4.9.3/../../../arm-none-eabi/lib/armv7e-m/libg_nano.a(lib_a-nano-mallocr.o)
 .ARM.attributes
                0x0000000000000690       0x2e /usr/lib/gcc/arm-none-eabi/4.9.3/../../../arm-none-eabi/lib/armv7e-m/libg_nano.a(lib_a-nano-reallocr.o)
 .ARM.attributes
                0x00000000000006be       0x2e /usr/lib/gcc/arm-none-eabi/4.9.3/../../../arm-none-eabi/lib/armv7e-m/libg_nano.a(lib_a-sbrkr.o)
 .ARM.attributes
                0x00000000000006ec       0x2e /usr/lib/gcc/arm-none-eabi/4.9.3/../../../arm-none-eabi/lib/armv7e-m/libg_nano.a(lib_a-nano-msizer.o)
 .ARM.attributes
                0x000000000000071a       0x2e /usr/lib/gcc/arm-none-eabi/4.9.3/../../../arm-none-eabi/lib/armv7e-m/libg_nano.a(lib_a-reent.o)
 .ARM.attributes
                0x0000000000000748       0x2e /usr/lib/gcc/arm-none-eabi/4.9.3/armv7e-m/crtend.o
 .ARM.attributes
                0x0000000000000776       0x1e /usr/lib/gcc/arm-none-eabi/4.9.3/armv7e-m/crtn.o
OUTPUT(mems.elf elf32-littlearm)

.comment        0x0000000000000000       0x70
 .comment       0x0000000000000000       0x38 /usr/lib/gcc/arm-none-eabi/4.9.3/armv7e-m/crtbegin.o
                                         0x39 (size before relaxing)
 .comment       0x0000000000000038       0x39 CMakeFiles/mems.elf.dir/Drivers/STM32F4xx_HAL_Driver/Src/stm32f4xx_hal.c.obj
 .comment       0x0000000000000038       0x39 CMakeFiles/mems.elf.dir/Drivers/STM32F4xx_HAL_Driver/Src/stm32f4xx_hal_cortex.c.obj
 .comment       0x0000000000000038       0x39 CMakeFiles/mems.elf.dir/Drivers/STM32F4xx_HAL_Driver/Src/stm32f4xx_hal_dma.c.obj
 .comment       0x0000000000000038       0x39 CMakeFiles/mems.elf.dir/Drivers/STM32F4xx_HAL_Driver/Src/stm32f4xx_hal_gpio.c.obj
 .comment       0x0000000000000038       0x39 CMakeFiles/mems.elf.dir/Drivers/STM32F4xx_HAL_Driver/Src/stm32f4xx_hal_rcc.c.obj
 .comment       0x0000000000000038       0x39 CMakeFiles/mems.elf.dir/Drivers/STM32F4xx_HAL_Driver/Src/stm32f4xx_hal_spi.c.obj
 .comment       0x0000000000000038       0x39 CMakeFiles/mems.elf.dir/Drivers/STM32F4xx_HAL_Driver/Src/stm32f4xx_hal_uart.c.obj
 .comment       0x0000000000000038       0x39 CMakeFiles/mems.elf.dir/Src/dma.c.obj
 .comment       0x0000000000000038       0x39 CMakeFiles/mems.elf.dir/Src/gpio.c.obj
 .comment       0x0000000000000038       0x39 CMakeFiles/mems.elf.dir/Src/lis3dsh.c.obj
 .comment       0x0000000000000038       0x39 CMakeFiles/mems.elf.dir/Src/main.c.obj
 .comment       0x0000000000000038       0x39 CMakeFiles/mems.elf.dir/Src/spi.c.obj
 .comment       0x0000000000000038       0x39 CMakeFiles/mems.elf.dir/Src/stm32f4xx_hal_msp.c.obj
 .comment       0x0000000000000038       0x39 CMakeFiles/mems.elf.dir/Src/stm32f4xx_it.c.obj
 .comment       0x0000000000000038       0x39 CMakeFiles/mems.elf.dir/Src/syscalls.c.obj
 .comment       0x0000000000000038       0x39 CMakeFiles/mems.elf.dir/Src/system_stm32f4xx.c.obj
 .comment       0x0000000000000038       0x39 CMakeFiles/mems.elf.dir/Src/usart.c.obj
 .comment       0x0000000000000038       0x39 /usr/lib/gcc/arm-none-eabi/4.9.3/armv7e-m/libgcc.a(bpabi.o)
 .comment       0x0000000000000038       0x39 /usr/lib/gcc/arm-none-eabi/4.9.3/armv7e-m/libgcc.a(_divdi3.o)
 .comment       0x0000000000000038       0x39 /usr/lib/gcc/arm-none-eabi/4.9.3/armv7e-m/libgcc.a(_udivdi3.o)
 .comment       0x0000000000000038       0x38 /usr/lib/gcc/arm-none-eabi/4.9.3/../../../arm-none-eabi/lib/armv7e-m/libg_nano.a(lib_a-errno.o)
                                         0x39 (size before relaxing)
 .comment       0x0000000000000070       0x39 /usr/lib/gcc/arm-none-eabi/4.9.3/../../../arm-none-eabi/lib/armv7e-m/libg_nano.a(lib_a-impure.o)
 .comment       0x0000000000000070       0x39 /usr/lib/gcc/arm-none-eabi/4.9.3/../../../arm-none-eabi/lib/armv7e-m/libg_nano.a(lib_a-init.o)
 .comment       0x0000000000000070       0x39 /usr/lib/gcc/arm-none-eabi/4.9.3/../../../arm-none-eabi/lib/armv7e-m/libg_nano.a(lib_a-sprintf.o)
 .comment       0x0000000000000070       0x39 /usr/lib/gcc/arm-none-eabi/4.9.3/../../../arm-none-eabi/lib/armv7e-m/libg_nano.a(lib_a-nano-svfprintf.o)
 .comment       0x0000000000000070       0x39 /usr/lib/gcc/arm-none-eabi/4.9.3/../../../arm-none-eabi/lib/armv7e-m/libg_nano.a(lib_a-nano-vfprintf_i.o)
 .comment       0x0000000000000070       0x39 /usr/lib/gcc/arm-none-eabi/4.9.3/../../../arm-none-eabi/lib/armv7e-m/libg_nano.a(lib_a-memchr.o)
 .comment       0x0000000000000070       0x39 /usr/lib/gcc/arm-none-eabi/4.9.3/../../../arm-none-eabi/lib/armv7e-m/libg_nano.a(lib_a-memcpy.o)
 .comment       0x0000000000000070       0x39 /usr/lib/gcc/arm-none-eabi/4.9.3/../../../arm-none-eabi/lib/armv7e-m/libg_nano.a(lib_a-memmove.o)
 .comment       0x0000000000000070       0x39 /usr/lib/gcc/arm-none-eabi/4.9.3/../../../arm-none-eabi/lib/armv7e-m/libg_nano.a(lib_a-nano-freer.o)
 .comment       0x0000000000000070       0x39 /usr/lib/gcc/arm-none-eabi/4.9.3/../../../arm-none-eabi/lib/armv7e-m/libg_nano.a(lib_a-nano-mallocr.o)
 .comment       0x0000000000000070       0x39 /usr/lib/gcc/arm-none-eabi/4.9.3/../../../arm-none-eabi/lib/armv7e-m/libg_nano.a(lib_a-nano-reallocr.o)
 .comment       0x0000000000000070       0x39 /usr/lib/gcc/arm-none-eabi/4.9.3/../../../arm-none-eabi/lib/armv7e-m/libg_nano.a(lib_a-sbrkr.o)
 .comment       0x0000000000000070       0x39 /usr/lib/gcc/arm-none-eabi/4.9.3/../../../arm-none-eabi/lib/armv7e-m/libg_nano.a(lib_a-nano-msizer.o)
 .comment       0x0000000000000070       0x39 /usr/lib/gcc/arm-none-eabi/4.9.3/../../../arm-none-eabi/lib/armv7e-m/libg_nano.a(lib_a-reent.o)
 .comment       0x0000000000000070       0x39 /usr/lib/gcc/arm-none-eabi/4.9.3/armv7e-m/crtend.o

.debug_info     0x0000000000000000    0x11769
 .debug_info    0x0000000000000000      0x8bc CMakeFiles/mems.elf.dir/Drivers/STM32F4xx_HAL_Driver/Src/stm32f4xx_hal.c.obj
 .debug_info    0x00000000000008bc      0xd84 CMakeFiles/mems.elf.dir/Drivers/STM32F4xx_HAL_Driver/Src/stm32f4xx_hal_cortex.c.obj
 .debug_info    0x0000000000001640      0x8c4 CMakeFiles/mems.elf.dir/Drivers/STM32F4xx_HAL_Driver/Src/stm32f4xx_hal_dma.c.obj
 .debug_info    0x0000000000001f04      0x6ec CMakeFiles/mems.elf.dir/Drivers/STM32F4xx_HAL_Driver/Src/stm32f4xx_hal_gpio.c.obj
 .debug_info    0x00000000000025f0      0x878 CMakeFiles/mems.elf.dir/Drivers/STM32F4xx_HAL_Driver/Src/stm32f4xx_hal_rcc.c.obj
 .debug_info    0x0000000000002e68     0x1586 CMakeFiles/mems.elf.dir/Drivers/STM32F4xx_HAL_Driver/Src/stm32f4xx_hal_spi.c.obj
 .debug_info    0x00000000000043ee     0x116a CMakeFiles/mems.elf.dir/Drivers/STM32F4xx_HAL_Driver/Src/stm32f4xx_hal_uart.c.obj
 .debug_info    0x0000000000005558      0x4d6 CMakeFiles/mems.elf.dir/Src/dma.c.obj
 .debug_info    0x0000000000005a2e      0x643 CMakeFiles/mems.elf.dir/Src/gpio.c.obj
 .debug_info    0x0000000000006071      0x82e CMakeFiles/mems.elf.dir/Src/lis3dsh.c.obj
 .debug_info    0x000000000000689f      0xca5 CMakeFiles/mems.elf.dir/Src/main.c.obj
 .debug_info    0x0000000000007544      0xb34 CMakeFiles/mems.elf.dir/Src/spi.c.obj
 .debug_info    0x0000000000008078      0x2a6 CMakeFiles/mems.elf.dir/Src/stm32f4xx_hal_msp.c.obj
 .debug_info    0x000000000000831e      0x8c1 CMakeFiles/mems.elf.dir/Src/stm32f4xx_it.c.obj
 .debug_info    0x0000000000008bdf      0x65c CMakeFiles/mems.elf.dir/Src/syscalls.c.obj
 .debug_info    0x000000000000923b      0x4bb CMakeFiles/mems.elf.dir/Src/system_stm32f4xx.c.obj
 .debug_info    0x00000000000096f6      0xac9 CMakeFiles/mems.elf.dir/Src/usart.c.obj
 .debug_info    0x000000000000a1bf       0x8c CMakeFiles/mems.elf.dir/startup/startup_stm32f407xx.s.obj
 .debug_info    0x000000000000a24b       0xb6 /usr/lib/gcc/arm-none-eabi/4.9.3/armv7e-m/libgcc.a(_aeabi_uldivmod.o)
 .debug_info    0x000000000000a301      0x164 /usr/lib/gcc/arm-none-eabi/4.9.3/armv7e-m/libgcc.a(bpabi.o)
 .debug_info    0x000000000000a465       0xba /usr/lib/gcc/arm-none-eabi/4.9.3/armv7e-m/libgcc.a(_dvmd_tls.o)
 .debug_info    0x000000000000a51f      0x5bc /usr/lib/gcc/arm-none-eabi/4.9.3/armv7e-m/libgcc.a(_divdi3.o)
 .debug_info    0x000000000000aadb      0x57c /usr/lib/gcc/arm-none-eabi/4.9.3/armv7e-m/libgcc.a(_udivdi3.o)
 .debug_info    0x000000000000b057      0x735 /usr/lib/gcc/arm-none-eabi/4.9.3/../../../arm-none-eabi/lib/armv7e-m/libg_nano.a(lib_a-errno.o)
 .debug_info    0x000000000000b78c      0x7d3 /usr/lib/gcc/arm-none-eabi/4.9.3/../../../arm-none-eabi/lib/armv7e-m/libg_nano.a(lib_a-impure.o)
 .debug_info    0x000000000000bf5f      0x105 /usr/lib/gcc/arm-none-eabi/4.9.3/../../../arm-none-eabi/lib/armv7e-m/libg_nano.a(lib_a-init.o)
 .debug_info    0x000000000000c064      0x89a /usr/lib/gcc/arm-none-eabi/4.9.3/../../../arm-none-eabi/lib/armv7e-m/libg_nano.a(lib_a-sprintf.o)
 .debug_info    0x000000000000c8fe      0xdf4 /usr/lib/gcc/arm-none-eabi/4.9.3/../../../arm-none-eabi/lib/armv7e-m/libg_nano.a(lib_a-nano-svfprintf.o)
 .debug_info    0x000000000000d6f2      0xb5b /usr/lib/gcc/arm-none-eabi/4.9.3/../../../arm-none-eabi/lib/armv7e-m/libg_nano.a(lib_a-nano-vfprintf_i.o)
 .debug_info    0x000000000000e24d       0xf8 /usr/lib/gcc/arm-none-eabi/4.9.3/../../../arm-none-eabi/lib/armv7e-m/libg_nano.a(lib_a-memchr.o)
 .debug_info    0x000000000000e345      0x104 /usr/lib/gcc/arm-none-eabi/4.9.3/../../../arm-none-eabi/lib/armv7e-m/libg_nano.a(lib_a-memcpy.o)
 .debug_info    0x000000000000e449      0x102 /usr/lib/gcc/arm-none-eabi/4.9.3/../../../arm-none-eabi/lib/armv7e-m/libg_nano.a(lib_a-memmove.o)
 .debug_info    0x000000000000e54b      0x81a /usr/lib/gcc/arm-none-eabi/4.9.3/../../../arm-none-eabi/lib/armv7e-m/libg_nano.a(lib_a-nano-freer.o)
 .debug_info    0x000000000000ed65      0x8fb /usr/lib/gcc/arm-none-eabi/4.9.3/../../../arm-none-eabi/lib/armv7e-m/libg_nano.a(lib_a-nano-mallocr.o)
 .debug_info    0x000000000000f660      0x8b5 /usr/lib/gcc/arm-none-eabi/4.9.3/../../../arm-none-eabi/lib/armv7e-m/libg_nano.a(lib_a-nano-reallocr.o)
 .debug_info    0x000000000000ff15      0x7a0 /usr/lib/gcc/arm-none-eabi/4.9.3/../../../arm-none-eabi/lib/armv7e-m/libg_nano.a(lib_a-sbrkr.o)
 .debug_info    0x00000000000106b5      0x7b9 /usr/lib/gcc/arm-none-eabi/4.9.3/../../../arm-none-eabi/lib/armv7e-m/libg_nano.a(lib_a-nano-msizer.o)
 .debug_info    0x0000000000010e6e      0x8fb /usr/lib/gcc/arm-none-eabi/4.9.3/../../../arm-none-eabi/lib/armv7e-m/libg_nano.a(lib_a-reent.o)

.debug_abbrev   0x0000000000000000     0x353f
 .debug_abbrev  0x0000000000000000      0x1b9 CMakeFiles/mems.elf.dir/Drivers/STM32F4xx_HAL_Driver/Src/stm32f4xx_hal.c.obj
 .debug_abbrev  0x00000000000001b9      0x2bc CMakeFiles/mems.elf.dir/Drivers/STM32F4xx_HAL_Driver/Src/stm32f4xx_hal_cortex.c.obj
 .debug_abbrev  0x0000000000000475      0x222 CMakeFiles/mems.elf.dir/Drivers/STM32F4xx_HAL_Driver/Src/stm32f4xx_hal_dma.c.obj
 .debug_abbrev  0x0000000000000697      0x1a8 CMakeFiles/mems.elf.dir/Drivers/STM32F4xx_HAL_Driver/Src/stm32f4xx_hal_gpio.c.obj
 .debug_abbrev  0x000000000000083f      0x23c CMakeFiles/mems.elf.dir/Drivers/STM32F4xx_HAL_Driver/Src/stm32f4xx_hal_rcc.c.obj
 .debug_abbrev  0x0000000000000a7b      0x204 CMakeFiles/mems.elf.dir/Drivers/STM32F4xx_HAL_Driver/Src/stm32f4xx_hal_spi.c.obj
 .debug_abbrev  0x0000000000000c7f      0x1f5 CMakeFiles/mems.elf.dir/Drivers/STM32F4xx_HAL_Driver/Src/stm32f4xx_hal_uart.c.obj
 .debug_abbrev  0x0000000000000e74       0xea CMakeFiles/mems.elf.dir/Src/dma.c.obj
 .debug_abbrev  0x0000000000000f5e      0x115 CMakeFiles/mems.elf.dir/Src/gpio.c.obj
 .debug_abbrev  0x0000000000001073      0x1ab CMakeFiles/mems.elf.dir/Src/lis3dsh.c.obj
 .debug_abbrev  0x000000000000121e      0x1e4 CMakeFiles/mems.elf.dir/Src/main.c.obj
 .debug_abbrev  0x0000000000001402      0x17c CMakeFiles/mems.elf.dir/Src/spi.c.obj
 .debug_abbrev  0x000000000000157e       0xd4 CMakeFiles/mems.elf.dir/Src/stm32f4xx_hal_msp.c.obj
 .debug_abbrev  0x0000000000001652      0x14e CMakeFiles/mems.elf.dir/Src/stm32f4xx_it.c.obj
 .debug_abbrev  0x00000000000017a0      0x171 CMakeFiles/mems.elf.dir/Src/syscalls.c.obj
 .debug_abbrev  0x0000000000001911       0xff CMakeFiles/mems.elf.dir/Src/system_stm32f4xx.c.obj
 .debug_abbrev  0x0000000000001a10      0x17c CMakeFiles/mems.elf.dir/Src/usart.c.obj
 .debug_abbrev  0x0000000000001b8c       0x12 CMakeFiles/mems.elf.dir/startup/startup_stm32f407xx.s.obj
 .debug_abbrev  0x0000000000001b9e       0x14 /usr/lib/gcc/arm-none-eabi/4.9.3/armv7e-m/libgcc.a(_aeabi_uldivmod.o)
 .debug_abbrev  0x0000000000001bb2       0xb7 /usr/lib/gcc/arm-none-eabi/4.9.3/armv7e-m/libgcc.a(bpabi.o)
 .debug_abbrev  0x0000000000001c69       0x14 /usr/lib/gcc/arm-none-eabi/4.9.3/armv7e-m/libgcc.a(_dvmd_tls.o)
 .debug_abbrev  0x0000000000001c7d      0x169 /usr/lib/gcc/arm-none-eabi/4.9.3/armv7e-m/libgcc.a(_divdi3.o)
 .debug_abbrev  0x0000000000001de6      0x154 /usr/lib/gcc/arm-none-eabi/4.9.3/armv7e-m/libgcc.a(_udivdi3.o)
 .debug_abbrev  0x0000000000001f3a      0x134 /usr/lib/gcc/arm-none-eabi/4.9.3/../../../arm-none-eabi/lib/armv7e-m/libg_nano.a(lib_a-errno.o)
 .debug_abbrev  0x000000000000206e      0x136 /usr/lib/gcc/arm-none-eabi/4.9.3/../../../arm-none-eabi/lib/armv7e-m/libg_nano.a(lib_a-impure.o)
 .debug_abbrev  0x00000000000021a4       0xba /usr/lib/gcc/arm-none-eabi/4.9.3/../../../arm-none-eabi/lib/armv7e-m/libg_nano.a(lib_a-init.o)
 .debug_abbrev  0x000000000000225e      0x1bd /usr/lib/gcc/arm-none-eabi/4.9.3/../../../arm-none-eabi/lib/armv7e-m/libg_nano.a(lib_a-sprintf.o)
 .debug_abbrev  0x000000000000241b      0x278 /usr/lib/gcc/arm-none-eabi/4.9.3/../../../arm-none-eabi/lib/armv7e-m/libg_nano.a(lib_a-nano-svfprintf.o)
 .debug_abbrev  0x0000000000002693      0x1fb /usr/lib/gcc/arm-none-eabi/4.9.3/../../../arm-none-eabi/lib/armv7e-m/libg_nano.a(lib_a-nano-vfprintf_i.o)
 .debug_abbrev  0x000000000000288e       0xab /usr/lib/gcc/arm-none-eabi/4.9.3/../../../arm-none-eabi/lib/armv7e-m/libg_nano.a(lib_a-memchr.o)
 .debug_abbrev  0x0000000000002939       0xa4 /usr/lib/gcc/arm-none-eabi/4.9.3/../../../arm-none-eabi/lib/armv7e-m/libg_nano.a(lib_a-memcpy.o)
 .debug_abbrev  0x00000000000029dd       0x9c /usr/lib/gcc/arm-none-eabi/4.9.3/../../../arm-none-eabi/lib/armv7e-m/libg_nano.a(lib_a-memmove.o)
 .debug_abbrev  0x0000000000002a79      0x1b6 /usr/lib/gcc/arm-none-eabi/4.9.3/../../../arm-none-eabi/lib/armv7e-m/libg_nano.a(lib_a-nano-freer.o)
 .debug_abbrev  0x0000000000002c2f      0x250 /usr/lib/gcc/arm-none-eabi/4.9.3/../../../arm-none-eabi/lib/armv7e-m/libg_nano.a(lib_a-nano-mallocr.o)
 .debug_abbrev  0x0000000000002e7f      0x1cb /usr/lib/gcc/arm-none-eabi/4.9.3/../../../arm-none-eabi/lib/armv7e-m/libg_nano.a(lib_a-nano-reallocr.o)
 .debug_abbrev  0x000000000000304a      0x1a2 /usr/lib/gcc/arm-none-eabi/4.9.3/../../../arm-none-eabi/lib/armv7e-m/libg_nano.a(lib_a-sbrkr.o)
 .debug_abbrev  0x00000000000031ec      0x161 /usr/lib/gcc/arm-none-eabi/4.9.3/../../../arm-none-eabi/lib/armv7e-m/libg_nano.a(lib_a-nano-msizer.o)
 .debug_abbrev  0x000000000000334d      0x1f2 /usr/lib/gcc/arm-none-eabi/4.9.3/../../../arm-none-eabi/lib/armv7e-m/libg_nano.a(lib_a-reent.o)

.debug_aranges  0x0000000000000000      0xc88
 .debug_aranges
                0x0000000000000000       0xf0 CMakeFiles/mems.elf.dir/Drivers/STM32F4xx_HAL_Driver/Src/stm32f4xx_hal.c.obj
 .debug_aranges
                0x00000000000000f0      0x118 CMakeFiles/mems.elf.dir/Drivers/STM32F4xx_HAL_Driver/Src/stm32f4xx_hal_cortex.c.obj
 .debug_aranges
                0x0000000000000208       0x90 CMakeFiles/mems.elf.dir/Drivers/STM32F4xx_HAL_Driver/Src/stm32f4xx_hal_dma.c.obj
 .debug_aranges
                0x0000000000000298       0x58 CMakeFiles/mems.elf.dir/Drivers/STM32F4xx_HAL_Driver/Src/stm32f4xx_hal_gpio.c.obj
 .debug_aranges
                0x00000000000002f0       0x88 CMakeFiles/mems.elf.dir/Drivers/STM32F4xx_HAL_Driver/Src/stm32f4xx_hal_rcc.c.obj
 .debug_aranges
                0x0000000000000378      0x1d0 CMakeFiles/mems.elf.dir/Drivers/STM32F4xx_HAL_Driver/Src/stm32f4xx_hal_spi.c.obj
 .debug_aranges
                0x0000000000000548      0x1d0 CMakeFiles/mems.elf.dir/Drivers/STM32F4xx_HAL_Driver/Src/stm32f4xx_hal_uart.c.obj
 .debug_aranges
                0x0000000000000718       0x20 CMakeFiles/mems.elf.dir/Src/dma.c.obj
 .debug_aranges
                0x0000000000000738       0x20 CMakeFiles/mems.elf.dir/Src/gpio.c.obj
 .debug_aranges
                0x0000000000000758       0x40 CMakeFiles/mems.elf.dir/Src/lis3dsh.c.obj
 .debug_aranges
                0x0000000000000798       0x38 CMakeFiles/mems.elf.dir/Src/main.c.obj
 .debug_aranges
                0x00000000000007d0       0x30 CMakeFiles/mems.elf.dir/Src/spi.c.obj
 .debug_aranges
                0x0000000000000800       0x20 CMakeFiles/mems.elf.dir/Src/stm32f4xx_hal_msp.c.obj
 .debug_aranges
                0x0000000000000820       0x98 CMakeFiles/mems.elf.dir/Src/stm32f4xx_it.c.obj
 .debug_aranges
                0x00000000000008b8       0xb0 CMakeFiles/mems.elf.dir/Src/syscalls.c.obj
 .debug_aranges
                0x0000000000000968       0x28 CMakeFiles/mems.elf.dir/Src/system_stm32f4xx.c.obj
 .debug_aranges
                0x0000000000000990       0x30 CMakeFiles/mems.elf.dir/Src/usart.c.obj
 .debug_aranges
                0x00000000000009c0       0x28 CMakeFiles/mems.elf.dir/startup/startup_stm32f407xx.s.obj
 .debug_aranges
                0x00000000000009e8       0x20 /usr/lib/gcc/arm-none-eabi/4.9.3/armv7e-m/libgcc.a(_aeabi_uldivmod.o)
 .debug_aranges
                0x0000000000000a08       0x20 /usr/lib/gcc/arm-none-eabi/4.9.3/armv7e-m/libgcc.a(bpabi.o)
 .debug_aranges
                0x0000000000000a28       0x20 /usr/lib/gcc/arm-none-eabi/4.9.3/armv7e-m/libgcc.a(_dvmd_tls.o)
 .debug_aranges
                0x0000000000000a48       0x20 /usr/lib/gcc/arm-none-eabi/4.9.3/armv7e-m/libgcc.a(_divdi3.o)
 .debug_aranges
                0x0000000000000a68       0x20 /usr/lib/gcc/arm-none-eabi/4.9.3/armv7e-m/libgcc.a(_udivdi3.o)
 .debug_aranges
                0x0000000000000a88       0x20 /usr/lib/gcc/arm-none-eabi/4.9.3/../../../arm-none-eabi/lib/armv7e-m/libg_nano.a(lib_a-errno.o)
 .debug_aranges
                0x0000000000000aa8       0x18 /usr/lib/gcc/arm-none-eabi/4.9.3/../../../arm-none-eabi/lib/armv7e-m/libg_nano.a(lib_a-impure.o)
 .debug_aranges
                0x0000000000000ac0       0x20 /usr/lib/gcc/arm-none-eabi/4.9.3/../../../arm-none-eabi/lib/armv7e-m/libg_nano.a(lib_a-init.o)
 .debug_aranges
                0x0000000000000ae0       0x28 /usr/lib/gcc/arm-none-eabi/4.9.3/../../../arm-none-eabi/lib/armv7e-m/libg_nano.a(lib_a-sprintf.o)
 .debug_aranges
                0x0000000000000b08       0x30 /usr/lib/gcc/arm-none-eabi/4.9.3/../../../arm-none-eabi/lib/armv7e-m/libg_nano.a(lib_a-nano-svfprintf.o)
 .debug_aranges
                0x0000000000000b38       0x28 /usr/lib/gcc/arm-none-eabi/4.9.3/../../../arm-none-eabi/lib/armv7e-m/libg_nano.a(lib_a-nano-vfprintf_i.o)
 .debug_aranges
                0x0000000000000b60       0x20 /usr/lib/gcc/arm-none-eabi/4.9.3/../../../arm-none-eabi/lib/armv7e-m/libg_nano.a(lib_a-memchr.o)
 .debug_aranges
                0x0000000000000b80       0x20 /usr/lib/gcc/arm-none-eabi/4.9.3/../../../arm-none-eabi/lib/armv7e-m/libg_nano.a(lib_a-memcpy.o)
 .debug_aranges
                0x0000000000000ba0       0x20 /usr/lib/gcc/arm-none-eabi/4.9.3/../../../arm-none-eabi/lib/armv7e-m/libg_nano.a(lib_a-memmove.o)
 .debug_aranges
                0x0000000000000bc0       0x20 /usr/lib/gcc/arm-none-eabi/4.9.3/../../../arm-none-eabi/lib/armv7e-m/libg_nano.a(lib_a-nano-freer.o)
 .debug_aranges
                0x0000000000000be0       0x20 /usr/lib/gcc/arm-none-eabi/4.9.3/../../../arm-none-eabi/lib/armv7e-m/libg_nano.a(lib_a-nano-mallocr.o)
 .debug_aranges
                0x0000000000000c00       0x20 /usr/lib/gcc/arm-none-eabi/4.9.3/../../../arm-none-eabi/lib/armv7e-m/libg_nano.a(lib_a-nano-reallocr.o)
 .debug_aranges
                0x0000000000000c20       0x20 /usr/lib/gcc/arm-none-eabi/4.9.3/../../../arm-none-eabi/lib/armv7e-m/libg_nano.a(lib_a-sbrkr.o)
 .debug_aranges
                0x0000000000000c40       0x20 /usr/lib/gcc/arm-none-eabi/4.9.3/../../../arm-none-eabi/lib/armv7e-m/libg_nano.a(lib_a-nano-msizer.o)
 .debug_aranges
                0x0000000000000c60       0x28 /usr/lib/gcc/arm-none-eabi/4.9.3/../../../arm-none-eabi/lib/armv7e-m/libg_nano.a(lib_a-reent.o)

.debug_ranges   0x0000000000000000      0xc28
 .debug_ranges  0x0000000000000000       0xe0 CMakeFiles/mems.elf.dir/Drivers/STM32F4xx_HAL_Driver/Src/stm32f4xx_hal.c.obj
 .debug_ranges  0x00000000000000e0      0x108 CMakeFiles/mems.elf.dir/Drivers/STM32F4xx_HAL_Driver/Src/stm32f4xx_hal_cortex.c.obj
 .debug_ranges  0x00000000000001e8       0x80 CMakeFiles/mems.elf.dir/Drivers/STM32F4xx_HAL_Driver/Src/stm32f4xx_hal_dma.c.obj
 .debug_ranges  0x0000000000000268       0x48 CMakeFiles/mems.elf.dir/Drivers/STM32F4xx_HAL_Driver/Src/stm32f4xx_hal_gpio.c.obj
 .debug_ranges  0x00000000000002b0       0x78 CMakeFiles/mems.elf.dir/Drivers/STM32F4xx_HAL_Driver/Src/stm32f4xx_hal_rcc.c.obj
 .debug_ranges  0x0000000000000328      0x1c0 CMakeFiles/mems.elf.dir/Drivers/STM32F4xx_HAL_Driver/Src/stm32f4xx_hal_spi.c.obj
 .debug_ranges  0x00000000000004e8      0x1c0 CMakeFiles/mems.elf.dir/Drivers/STM32F4xx_HAL_Driver/Src/stm32f4xx_hal_uart.c.obj
 .debug_ranges  0x00000000000006a8       0x10 CMakeFiles/mems.elf.dir/Src/dma.c.obj
 .debug_ranges  0x00000000000006b8       0x10 CMakeFiles/mems.elf.dir/Src/gpio.c.obj
 .debug_ranges  0x00000000000006c8       0x30 CMakeFiles/mems.elf.dir/Src/lis3dsh.c.obj
 .debug_ranges  0x00000000000006f8       0x28 CMakeFiles/mems.elf.dir/Src/main.c.obj
 .debug_ranges  0x0000000000000720       0x20 CMakeFiles/mems.elf.dir/Src/spi.c.obj
 .debug_ranges  0x0000000000000740       0x10 CMakeFiles/mems.elf.dir/Src/stm32f4xx_hal_msp.c.obj
 .debug_ranges  0x0000000000000750       0x88 CMakeFiles/mems.elf.dir/Src/stm32f4xx_it.c.obj
 .debug_ranges  0x00000000000007d8       0xa0 CMakeFiles/mems.elf.dir/Src/syscalls.c.obj
 .debug_ranges  0x0000000000000878       0x18 CMakeFiles/mems.elf.dir/Src/system_stm32f4xx.c.obj
 .debug_ranges  0x0000000000000890       0x20 CMakeFiles/mems.elf.dir/Src/usart.c.obj
 .debug_ranges  0x00000000000008b0       0x20 CMakeFiles/mems.elf.dir/startup/startup_stm32f407xx.s.obj
 .debug_ranges  0x00000000000008d0       0xd0 /usr/lib/gcc/arm-none-eabi/4.9.3/armv7e-m/libgcc.a(_divdi3.o)
 .debug_ranges  0x00000000000009a0       0xd8 /usr/lib/gcc/arm-none-eabi/4.9.3/armv7e-m/libgcc.a(_udivdi3.o)
 .debug_ranges  0x0000000000000a78       0x10 /usr/lib/gcc/arm-none-eabi/4.9.3/../../../arm-none-eabi/lib/armv7e-m/libg_nano.a(lib_a-errno.o)
 .debug_ranges  0x0000000000000a88       0x10 /usr/lib/gcc/arm-none-eabi/4.9.3/../../../arm-none-eabi/lib/armv7e-m/libg_nano.a(lib_a-init.o)
 .debug_ranges  0x0000000000000a98       0x18 /usr/lib/gcc/arm-none-eabi/4.9.3/../../../arm-none-eabi/lib/armv7e-m/libg_nano.a(lib_a-sprintf.o)
 .debug_ranges  0x0000000000000ab0       0x50 /usr/lib/gcc/arm-none-eabi/4.9.3/../../../arm-none-eabi/lib/armv7e-m/libg_nano.a(lib_a-nano-svfprintf.o)
 .debug_ranges  0x0000000000000b00       0x60 /usr/lib/gcc/arm-none-eabi/4.9.3/../../../arm-none-eabi/lib/armv7e-m/libg_nano.a(lib_a-nano-vfprintf_i.o)
 .debug_ranges  0x0000000000000b60       0x10 /usr/lib/gcc/arm-none-eabi/4.9.3/../../../arm-none-eabi/lib/armv7e-m/libg_nano.a(lib_a-memchr.o)
 .debug_ranges  0x0000000000000b70       0x10 /usr/lib/gcc/arm-none-eabi/4.9.3/../../../arm-none-eabi/lib/armv7e-m/libg_nano.a(lib_a-memcpy.o)
 .debug_ranges  0x0000000000000b80       0x10 /usr/lib/gcc/arm-none-eabi/4.9.3/../../../arm-none-eabi/lib/armv7e-m/libg_nano.a(lib_a-memmove.o)
 .debug_ranges  0x0000000000000b90       0x28 /usr/lib/gcc/arm-none-eabi/4.9.3/../../../arm-none-eabi/lib/armv7e-m/libg_nano.a(lib_a-nano-freer.o)
 .debug_ranges  0x0000000000000bb8       0x28 /usr/lib/gcc/arm-none-eabi/4.9.3/../../../arm-none-eabi/lib/armv7e-m/libg_nano.a(lib_a-nano-mallocr.o)
 .debug_ranges  0x0000000000000be0       0x10 /usr/lib/gcc/arm-none-eabi/4.9.3/../../../arm-none-eabi/lib/armv7e-m/libg_nano.a(lib_a-nano-reallocr.o)
 .debug_ranges  0x0000000000000bf0       0x10 /usr/lib/gcc/arm-none-eabi/4.9.3/../../../arm-none-eabi/lib/armv7e-m/libg_nano.a(lib_a-sbrkr.o)
 .debug_ranges  0x0000000000000c00       0x10 /usr/lib/gcc/arm-none-eabi/4.9.3/../../../arm-none-eabi/lib/armv7e-m/libg_nano.a(lib_a-nano-msizer.o)
 .debug_ranges  0x0000000000000c10       0x18 /usr/lib/gcc/arm-none-eabi/4.9.3/../../../arm-none-eabi/lib/armv7e-m/libg_nano.a(lib_a-reent.o)

.debug_line     0x0000000000000000     0x5a0a
 .debug_line    0x0000000000000000      0x3f4 CMakeFiles/mems.elf.dir/Drivers/STM32F4xx_HAL_Driver/Src/stm32f4xx_hal.c.obj
 .debug_line    0x00000000000003f4      0x504 CMakeFiles/mems.elf.dir/Drivers/STM32F4xx_HAL_Driver/Src/stm32f4xx_hal_cortex.c.obj
 .debug_line    0x00000000000008f8      0x4b5 CMakeFiles/mems.elf.dir/Drivers/STM32F4xx_HAL_Driver/Src/stm32f4xx_hal_dma.c.obj
 .debug_line    0x0000000000000dad      0x3c3 CMakeFiles/mems.elf.dir/Drivers/STM32F4xx_HAL_Driver/Src/stm32f4xx_hal_gpio.c.obj
 .debug_line    0x0000000000001170      0x46f CMakeFiles/mems.elf.dir/Drivers/STM32F4xx_HAL_Driver/Src/stm32f4xx_hal_rcc.c.obj
 .debug_line    0x00000000000015df      0xb9f CMakeFiles/mems.elf.dir/Drivers/STM32F4xx_HAL_Driver/Src/stm32f4xx_hal_spi.c.obj
 .debug_line    0x000000000000217e      0xae6 CMakeFiles/mems.elf.dir/Drivers/STM32F4xx_HAL_Driver/Src/stm32f4xx_hal_uart.c.obj
 .debug_line    0x0000000000002c64      0x14d CMakeFiles/mems.elf.dir/Src/dma.c.obj
 .debug_line    0x0000000000002db1      0x1b7 CMakeFiles/mems.elf.dir/Src/gpio.c.obj
 .debug_line    0x0000000000002f68      0x290 CMakeFiles/mems.elf.dir/Src/lis3dsh.c.obj
 .debug_line    0x00000000000031f8      0x2c6 CMakeFiles/mems.elf.dir/Src/main.c.obj
 .debug_line    0x00000000000034be      0x23b CMakeFiles/mems.elf.dir/Src/spi.c.obj
 .debug_line    0x00000000000036f9      0x157 CMakeFiles/mems.elf.dir/Src/stm32f4xx_hal_msp.c.obj
 .debug_line    0x0000000000003850      0x301 CMakeFiles/mems.elf.dir/Src/stm32f4xx_it.c.obj
 .debug_line    0x0000000000003b51      0x21c CMakeFiles/mems.elf.dir/Src/syscalls.c.obj
 .debug_line    0x0000000000003d6d      0x180 CMakeFiles/mems.elf.dir/Src/system_stm32f4xx.c.obj
 .debug_line    0x0000000000003eed      0x23b CMakeFiles/mems.elf.dir/Src/usart.c.obj
 .debug_line    0x0000000000004128       0x99 CMakeFiles/mems.elf.dir/startup/startup_stm32f407xx.s.obj
 .debug_line    0x00000000000041c1       0x62 /usr/lib/gcc/arm-none-eabi/4.9.3/armv7e-m/libgcc.a(_aeabi_uldivmod.o)
 .debug_line    0x0000000000004223       0x62 /usr/lib/gcc/arm-none-eabi/4.9.3/armv7e-m/libgcc.a(bpabi.o)
 .debug_line    0x0000000000004285       0x5e /usr/lib/gcc/arm-none-eabi/4.9.3/armv7e-m/libgcc.a(_dvmd_tls.o)
 .debug_line    0x00000000000042e3       0xdf /usr/lib/gcc/arm-none-eabi/4.9.3/armv7e-m/libgcc.a(_divdi3.o)
 .debug_line    0x00000000000043c2       0xd1 /usr/lib/gcc/arm-none-eabi/4.9.3/armv7e-m/libgcc.a(_udivdi3.o)
 .debug_line    0x0000000000004493      0x10b /usr/lib/gcc/arm-none-eabi/4.9.3/../../../arm-none-eabi/lib/armv7e-m/libg_nano.a(lib_a-errno.o)
 .debug_line    0x000000000000459e       0xf1 /usr/lib/gcc/arm-none-eabi/4.9.3/../../../arm-none-eabi/lib/armv7e-m/libg_nano.a(lib_a-impure.o)
 .debug_line    0x000000000000468f       0xb6 /usr/lib/gcc/arm-none-eabi/4.9.3/../../../arm-none-eabi/lib/armv7e-m/libg_nano.a(lib_a-init.o)
 .debug_line    0x0000000000004745      0x1b0 /usr/lib/gcc/arm-none-eabi/4.9.3/../../../arm-none-eabi/lib/armv7e-m/libg_nano.a(lib_a-sprintf.o)
 .debug_line    0x00000000000048f5      0x2d4 /usr/lib/gcc/arm-none-eabi/4.9.3/../../../arm-none-eabi/lib/armv7e-m/libg_nano.a(lib_a-nano-svfprintf.o)
 .debug_line    0x0000000000004bc9      0x2fd /usr/lib/gcc/arm-none-eabi/4.9.3/../../../arm-none-eabi/lib/armv7e-m/libg_nano.a(lib_a-nano-vfprintf_i.o)
 .debug_line    0x0000000000004ec6       0xf0 /usr/lib/gcc/arm-none-eabi/4.9.3/../../../arm-none-eabi/lib/armv7e-m/libg_nano.a(lib_a-memchr.o)
 .debug_line    0x0000000000004fb6       0xed /usr/lib/gcc/arm-none-eabi/4.9.3/../../../arm-none-eabi/lib/armv7e-m/libg_nano.a(lib_a-memcpy.o)
 .debug_line    0x00000000000050a3       0xfb /usr/lib/gcc/arm-none-eabi/4.9.3/../../../arm-none-eabi/lib/armv7e-m/libg_nano.a(lib_a-memmove.o)
 .debug_line    0x000000000000519e      0x149 /usr/lib/gcc/arm-none-eabi/4.9.3/../../../arm-none-eabi/lib/armv7e-m/libg_nano.a(lib_a-nano-freer.o)
 .debug_line    0x00000000000052e7      0x199 /usr/lib/gcc/arm-none-eabi/4.9.3/../../../arm-none-eabi/lib/armv7e-m/libg_nano.a(lib_a-nano-mallocr.o)
 .debug_line    0x0000000000005480      0x17e /usr/lib/gcc/arm-none-eabi/4.9.3/../../../arm-none-eabi/lib/armv7e-m/libg_nano.a(lib_a-nano-reallocr.o)
 .debug_line    0x00000000000055fe      0x162 /usr/lib/gcc/arm-none-eabi/4.9.3/../../../arm-none-eabi/lib/armv7e-m/libg_nano.a(lib_a-sbrkr.o)
 .debug_line    0x0000000000005760      0x10d /usr/lib/gcc/arm-none-eabi/4.9.3/../../../arm-none-eabi/lib/armv7e-m/libg_nano.a(lib_a-nano-msizer.o)
 .debug_line    0x000000000000586d      0x19d /usr/lib/gcc/arm-none-eabi/4.9.3/../../../arm-none-eabi/lib/armv7e-m/libg_nano.a(lib_a-reent.o)

.debug_str      0x0000000000000000     0x3dfa
 .debug_str     0x0000000000000000      0xa90 CMakeFiles/mems.elf.dir/Drivers/STM32F4xx_HAL_Driver/Src/stm32f4xx_hal.c.obj
                                        0xaf6 (size before relaxing)
 .debug_str     0x0000000000000a90      0x511 CMakeFiles/mems.elf.dir/Drivers/STM32F4xx_HAL_Driver/Src/stm32f4xx_hal_cortex.c.obj
                                        0xc08 (size before relaxing)
 .debug_str     0x0000000000000fa1      0x54e CMakeFiles/mems.elf.dir/Drivers/STM32F4xx_HAL_Driver/Src/stm32f4xx_hal_dma.c.obj
                                        0x758 (size before relaxing)
 .debug_str     0x00000000000014ef      0x1f8 CMakeFiles/mems.elf.dir/Drivers/STM32F4xx_HAL_Driver/Src/stm32f4xx_hal_gpio.c.obj
                                        0x4ce (size before relaxing)
 .debug_str     0x00000000000016e7      0x31f CMakeFiles/mems.elf.dir/Drivers/STM32F4xx_HAL_Driver/Src/stm32f4xx_hal_rcc.c.obj
                                        0x6a6 (size before relaxing)
 .debug_str     0x0000000000001a06      0x718 CMakeFiles/mems.elf.dir/Drivers/STM32F4xx_HAL_Driver/Src/stm32f4xx_hal_spi.c.obj
                                        0xb8b (size before relaxing)
 .debug_str     0x000000000000211e      0x697 CMakeFiles/mems.elf.dir/Drivers/STM32F4xx_HAL_Driver/Src/stm32f4xx_hal_uart.c.obj
                                        0xb7f (size before relaxing)
 .debug_str     0x00000000000027b5       0x33 CMakeFiles/mems.elf.dir/Src/dma.c.obj
                                        0x784 (size before relaxing)
 .debug_str     0x00000000000027e8       0x35 CMakeFiles/mems.elf.dir/Src/gpio.c.obj
                                        0x823 (size before relaxing)
 .debug_str     0x000000000000281d       0xfc CMakeFiles/mems.elf.dir/Src/lis3dsh.c.obj
                                        0x710 (size before relaxing)
 .debug_str     0x0000000000002919       0xab CMakeFiles/mems.elf.dir/Src/main.c.obj
                                        0xa7f (size before relaxing)
 .debug_str     0x00000000000029c4       0x58 CMakeFiles/mems.elf.dir/Src/spi.c.obj
                                        0xcad (size before relaxing)
 .debug_str     0x0000000000002a1c       0x35 CMakeFiles/mems.elf.dir/Src/stm32f4xx_hal_msp.c.obj
                                        0x2a4 (size before relaxing)
 .debug_str     0x0000000000002a51      0x171 CMakeFiles/mems.elf.dir/Src/stm32f4xx_it.c.obj
                                        0x8a4 (size before relaxing)
 .debug_str     0x0000000000002bc2      0x20c CMakeFiles/mems.elf.dir/Src/syscalls.c.obj
                                        0x3a5 (size before relaxing)
 .debug_str     0x0000000000002dce       0x5f CMakeFiles/mems.elf.dir/Src/system_stm32f4xx.c.obj
                                        0x35e (size before relaxing)
 .debug_str     0x0000000000002e2d       0x48 CMakeFiles/mems.elf.dir/Src/usart.c.obj
                                        0xc92 (size before relaxing)
 .debug_str     0x0000000000002e75      0x1a9 /usr/lib/gcc/arm-none-eabi/4.9.3/armv7e-m/libgcc.a(bpabi.o)
                                        0x1ce (size before relaxing)
 .debug_str     0x000000000000301e      0x169 /usr/lib/gcc/arm-none-eabi/4.9.3/armv7e-m/libgcc.a(_divdi3.o)
                                        0x27c (size before relaxing)
 .debug_str     0x0000000000003187      0x27d /usr/lib/gcc/arm-none-eabi/4.9.3/armv7e-m/libgcc.a(_udivdi3.o)
 .debug_str     0x0000000000003187      0x419 /usr/lib/gcc/arm-none-eabi/4.9.3/../../../arm-none-eabi/lib/armv7e-m/libg_nano.a(lib_a-errno.o)
                                        0x526 (size before relaxing)
 .debug_str     0x00000000000035a0       0xf5 /usr/lib/gcc/arm-none-eabi/4.9.3/../../../arm-none-eabi/lib/armv7e-m/libg_nano.a(lib_a-impure.o)
                                        0x57d (size before relaxing)
 .debug_str     0x0000000000003695       0xf9 /usr/lib/gcc/arm-none-eabi/4.9.3/../../../arm-none-eabi/lib/armv7e-m/libg_nano.a(lib_a-init.o)
                                        0x234 (size before relaxing)
 .debug_str     0x000000000000378e       0xce /usr/lib/gcc/arm-none-eabi/4.9.3/../../../arm-none-eabi/lib/armv7e-m/libg_nano.a(lib_a-sprintf.o)
                                        0x56b (size before relaxing)
 .debug_str     0x000000000000385c      0x1f3 /usr/lib/gcc/arm-none-eabi/4.9.3/../../../arm-none-eabi/lib/armv7e-m/libg_nano.a(lib_a-nano-svfprintf.o)
                                        0x6af (size before relaxing)
 .debug_str     0x0000000000003a4f       0x87 /usr/lib/gcc/arm-none-eabi/4.9.3/../../../arm-none-eabi/lib/armv7e-m/libg_nano.a(lib_a-nano-vfprintf_i.o)
                                        0x64e (size before relaxing)
 .debug_str     0x0000000000003ad6       0xa9 /usr/lib/gcc/arm-none-eabi/4.9.3/../../../arm-none-eabi/lib/armv7e-m/libg_nano.a(lib_a-memchr.o)
                                        0x1e5 (size before relaxing)
 .debug_str     0x0000000000003b7f       0x42 /usr/lib/gcc/arm-none-eabi/4.9.3/../../../arm-none-eabi/lib/armv7e-m/libg_nano.a(lib_a-memcpy.o)
                                        0x1e9 (size before relaxing)
 .debug_str     0x0000000000003bc1       0x38 /usr/lib/gcc/arm-none-eabi/4.9.3/../../../arm-none-eabi/lib/armv7e-m/libg_nano.a(lib_a-memmove.o)
                                        0x1f0 (size before relaxing)
 .debug_str     0x0000000000003bf9       0xfb /usr/lib/gcc/arm-none-eabi/4.9.3/../../../arm-none-eabi/lib/armv7e-m/libg_nano.a(lib_a-nano-freer.o)
                                        0x596 (size before relaxing)
 .debug_str     0x0000000000003cf4       0x50 /usr/lib/gcc/arm-none-eabi/4.9.3/../../../arm-none-eabi/lib/armv7e-m/libg_nano.a(lib_a-nano-mallocr.o)
                                        0x5cb (size before relaxing)
 .debug_str     0x0000000000003d44       0x23 /usr/lib/gcc/arm-none-eabi/4.9.3/../../../arm-none-eabi/lib/armv7e-m/libg_nano.a(lib_a-nano-reallocr.o)
                                        0x59e (size before relaxing)
 .debug_str     0x0000000000003d67       0x2c /usr/lib/gcc/arm-none-eabi/4.9.3/../../../arm-none-eabi/lib/armv7e-m/libg_nano.a(lib_a-sbrkr.o)
                                        0x535 (size before relaxing)
 .debug_str     0x0000000000003d93        0xf /usr/lib/gcc/arm-none-eabi/4.9.3/../../../arm-none-eabi/lib/armv7e-m/libg_nano.a(lib_a-nano-msizer.o)
                                        0x57c (size before relaxing)
 .debug_str     0x0000000000003da2       0x58 /usr/lib/gcc/arm-none-eabi/4.9.3/../../../arm-none-eabi/lib/armv7e-m/libg_nano.a(lib_a-reent.o)
                                        0x55d (size before relaxing)

.debug_frame    0x0000000000000000     0x2a28
 .debug_frame   0x0000000000000000      0x374 CMakeFiles/mems.elf.dir/Drivers/STM32F4xx_HAL_Driver/Src/stm32f4xx_hal.c.obj
 .debug_frame   0x0000000000000374      0x498 CMakeFiles/mems.elf.dir/Drivers/STM32F4xx_HAL_Driver/Src/stm32f4xx_hal_cortex.c.obj
 .debug_frame   0x000000000000080c      0x250 CMakeFiles/mems.elf.dir/Drivers/STM32F4xx_HAL_Driver/Src/stm32f4xx_hal_dma.c.obj
 .debug_frame   0x0000000000000a5c      0x14c CMakeFiles/mems.elf.dir/Drivers/STM32F4xx_HAL_Driver/Src/stm32f4xx_hal_gpio.c.obj
 .debug_frame   0x0000000000000ba8      0x1f8 CMakeFiles/mems.elf.dir/Drivers/STM32F4xx_HAL_Driver/Src/stm32f4xx_hal_rcc.c.obj
 .debug_frame   0x0000000000000da0      0x830 CMakeFiles/mems.elf.dir/Drivers/STM32F4xx_HAL_Driver/Src/stm32f4xx_hal_spi.c.obj
 .debug_frame   0x00000000000015d0      0x844 CMakeFiles/mems.elf.dir/Drivers/STM32F4xx_HAL_Driver/Src/stm32f4xx_hal_uart.c.obj
 .debug_frame   0x0000000000001e14       0x34 CMakeFiles/mems.elf.dir/Src/dma.c.obj
 .debug_frame   0x0000000000001e48       0x34 CMakeFiles/mems.elf.dir/Src/gpio.c.obj
 .debug_frame   0x0000000000001e7c       0xc8 CMakeFiles/mems.elf.dir/Src/lis3dsh.c.obj
 .debug_frame   0x0000000000001f44       0x9c CMakeFiles/mems.elf.dir/Src/main.c.obj
 .debug_frame   0x0000000000001fe0       0x74 CMakeFiles/mems.elf.dir/Src/spi.c.obj
 .debug_frame   0x0000000000002054       0x34 CMakeFiles/mems.elf.dir/Src/stm32f4xx_hal_msp.c.obj
 .debug_frame   0x0000000000002088      0x1d0 CMakeFiles/mems.elf.dir/Src/stm32f4xx_it.c.obj
 .debug_frame   0x0000000000002258      0x2d4 CMakeFiles/mems.elf.dir/Src/syscalls.c.obj
 .debug_frame   0x000000000000252c       0x58 CMakeFiles/mems.elf.dir/Src/system_stm32f4xx.c.obj
 .debug_frame   0x0000000000002584       0x74 CMakeFiles/mems.elf.dir/Src/usart.c.obj
 .debug_frame   0x00000000000025f8       0x28 /usr/lib/gcc/arm-none-eabi/4.9.3/armv7e-m/libgcc.a(_aeabi_uldivmod.o)
 .debug_frame   0x0000000000002620       0x50 /usr/lib/gcc/arm-none-eabi/4.9.3/armv7e-m/libgcc.a(bpabi.o)
 .debug_frame   0x0000000000002670       0x34 /usr/lib/gcc/arm-none-eabi/4.9.3/armv7e-m/libgcc.a(_divdi3.o)
 .debug_frame   0x00000000000026a4       0x30 /usr/lib/gcc/arm-none-eabi/4.9.3/armv7e-m/libgcc.a(_udivdi3.o)
 .debug_frame   0x00000000000026d4       0x20 /usr/lib/gcc/arm-none-eabi/4.9.3/../../../arm-none-eabi/lib/armv7e-m/libg_nano.a(lib_a-errno.o)
 .debug_frame   0x00000000000026f4       0x2c /usr/lib/gcc/arm-none-eabi/4.9.3/../../../arm-none-eabi/lib/armv7e-m/libg_nano.a(lib_a-init.o)
 .debug_frame   0x0000000000002720       0x70 /usr/lib/gcc/arm-none-eabi/4.9.3/../../../arm-none-eabi/lib/armv7e-m/libg_nano.a(lib_a-sprintf.o)
 .debug_frame   0x0000000000002790       0x8c /usr/lib/gcc/arm-none-eabi/4.9.3/../../../arm-none-eabi/lib/armv7e-m/libg_nano.a(lib_a-nano-svfprintf.o)
 .debug_frame   0x000000000000281c       0x58 /usr/lib/gcc/arm-none-eabi/4.9.3/../../../arm-none-eabi/lib/armv7e-m/libg_nano.a(lib_a-nano-vfprintf_i.o)
 .debug_frame   0x0000000000002874       0x28 /usr/lib/gcc/arm-none-eabi/4.9.3/../../../arm-none-eabi/lib/armv7e-m/libg_nano.a(lib_a-memchr.o)
 .debug_frame   0x000000000000289c       0x28 /usr/lib/gcc/arm-none-eabi/4.9.3/../../../arm-none-eabi/lib/armv7e-m/libg_nano.a(lib_a-memcpy.o)
 .debug_frame   0x00000000000028c4       0x28 /usr/lib/gcc/arm-none-eabi/4.9.3/../../../arm-none-eabi/lib/armv7e-m/libg_nano.a(lib_a-memmove.o)
 .debug_frame   0x00000000000028ec       0x2c /usr/lib/gcc/arm-none-eabi/4.9.3/../../../arm-none-eabi/lib/armv7e-m/libg_nano.a(lib_a-nano-freer.o)
 .debug_frame   0x0000000000002918       0x2c /usr/lib/gcc/arm-none-eabi/4.9.3/../../../arm-none-eabi/lib/armv7e-m/libg_nano.a(lib_a-nano-mallocr.o)
 .debug_frame   0x0000000000002944       0x3c /usr/lib/gcc/arm-none-eabi/4.9.3/../../../arm-none-eabi/lib/armv7e-m/libg_nano.a(lib_a-nano-reallocr.o)
 .debug_frame   0x0000000000002980       0x2c /usr/lib/gcc/arm-none-eabi/4.9.3/../../../arm-none-eabi/lib/armv7e-m/libg_nano.a(lib_a-sbrkr.o)
 .debug_frame   0x00000000000029ac       0x20 /usr/lib/gcc/arm-none-eabi/4.9.3/../../../arm-none-eabi/lib/armv7e-m/libg_nano.a(lib_a-nano-msizer.o)
 .debug_frame   0x00000000000029cc       0x5c /usr/lib/gcc/arm-none-eabi/4.9.3/../../../arm-none-eabi/lib/armv7e-m/libg_nano.a(lib_a-reent.o)

.debug_loc      0x0000000000000000     0x301e
 .debug_loc     0x0000000000000000       0xa0 /usr/lib/gcc/arm-none-eabi/4.9.3/armv7e-m/libgcc.a(bpabi.o)
 .debug_loc     0x00000000000000a0      0xdef /usr/lib/gcc/arm-none-eabi/4.9.3/armv7e-m/libgcc.a(_divdi3.o)
 .debug_loc     0x0000000000000e8f      0xd50 /usr/lib/gcc/arm-none-eabi/4.9.3/armv7e-m/libgcc.a(_udivdi3.o)
 .debug_loc     0x0000000000001bdf       0x54 /usr/lib/gcc/arm-none-eabi/4.9.3/../../../arm-none-eabi/lib/armv7e-m/libg_nano.a(lib_a-init.o)
 .debug_loc     0x0000000000001c33       0x95 /usr/lib/gcc/arm-none-eabi/4.9.3/../../../arm-none-eabi/lib/armv7e-m/libg_nano.a(lib_a-sprintf.o)
 .debug_loc     0x0000000000001cc8      0x53f /usr/lib/gcc/arm-none-eabi/4.9.3/../../../arm-none-eabi/lib/armv7e-m/libg_nano.a(lib_a-nano-svfprintf.o)
 .debug_loc     0x0000000000002207      0x47b /usr/lib/gcc/arm-none-eabi/4.9.3/../../../arm-none-eabi/lib/armv7e-m/libg_nano.a(lib_a-nano-vfprintf_i.o)
 .debug_loc     0x0000000000002682       0xaa /usr/lib/gcc/arm-none-eabi/4.9.3/../../../arm-none-eabi/lib/armv7e-m/libg_nano.a(lib_a-memchr.o)
 .debug_loc     0x000000000000272c       0x87 /usr/lib/gcc/arm-none-eabi/4.9.3/../../../arm-none-eabi/lib/armv7e-m/libg_nano.a(lib_a-memcpy.o)
 .debug_loc     0x00000000000027b3       0xde /usr/lib/gcc/arm-none-eabi/4.9.3/../../../arm-none-eabi/lib/armv7e-m/libg_nano.a(lib_a-memmove.o)
 .debug_loc     0x0000000000002891      0x172 /usr/lib/gcc/arm-none-eabi/4.9.3/../../../arm-none-eabi/lib/armv7e-m/libg_nano.a(lib_a-nano-freer.o)
 .debug_loc     0x0000000000002a03      0x304 /usr/lib/gcc/arm-none-eabi/4.9.3/../../../arm-none-eabi/lib/armv7e-m/libg_nano.a(lib_a-nano-mallocr.o)
 .debug_loc     0x0000000000002d07      0x11b /usr/lib/gcc/arm-none-eabi/4.9.3/../../../arm-none-eabi/lib/armv7e-m/libg_nano.a(lib_a-nano-reallocr.o)
 .debug_loc     0x0000000000002e22       0x4d /usr/lib/gcc/arm-none-eabi/4.9.3/../../../arm-none-eabi/lib/armv7e-m/libg_nano.a(lib_a-sbrkr.o)
 .debug_loc     0x0000000000002e6f       0xb5 /usr/lib/gcc/arm-none-eabi/4.9.3/../../../arm-none-eabi/lib/armv7e-m/libg_nano.a(lib_a-nano-msizer.o)
 .debug_loc     0x0000000000002f24       0xfa /usr/lib/gcc/arm-none-eabi/4.9.3/../../../arm-none-eabi/lib/armv7e-m/libg_nano.a(lib_a-reent.o)
