Archive member included to satisfy reference by file (symbol)

/usr/lib/gcc/arm-none-eabi/4.9.3/armv7e-m/libgcc.a(_aeabi_uldivmod.o)
                              CMakeFiles/dac_dma.elf.dir/Drivers/STM32F4xx_HAL_Driver/Src/stm32f4xx_hal_rcc.c.obj (__aeabi_uldivmod)
/usr/lib/gcc/arm-none-eabi/4.9.3/armv7e-m/libgcc.a(bpabi.o)
                              /usr/lib/gcc/arm-none-eabi/4.9.3/armv7e-m/libgcc.a(_aeabi_uldivmod.o) (__gnu_uldivmod_helper)
/usr/lib/gcc/arm-none-eabi/4.9.3/armv7e-m/libgcc.a(_dvmd_tls.o)
                              /usr/lib/gcc/arm-none-eabi/4.9.3/armv7e-m/libgcc.a(_aeabi_uldivmod.o) (__aeabi_ldiv0)
/usr/lib/gcc/arm-none-eabi/4.9.3/armv7e-m/libgcc.a(_divdi3.o)
                              /usr/lib/gcc/arm-none-eabi/4.9.3/armv7e-m/libgcc.a(bpabi.o) (__divdi3)
/usr/lib/gcc/arm-none-eabi/4.9.3/armv7e-m/libgcc.a(_udivdi3.o)
                              /usr/lib/gcc/arm-none-eabi/4.9.3/armv7e-m/libgcc.a(bpabi.o) (__udivdi3)
/usr/lib/gcc/arm-none-eabi/4.9.3/../../../arm-none-eabi/lib/armv7e-m/libg_nano.a(lib_a-atexit.o)
                              /usr/lib/gcc/arm-none-eabi/4.9.3/../../../arm-none-eabi/lib/armv7e-m/crt0.o (atexit)
/usr/lib/gcc/arm-none-eabi/4.9.3/../../../arm-none-eabi/lib/armv7e-m/libg_nano.a(lib_a-errno.o)
                              CMakeFiles/dac_dma.elf.dir/Src/syscalls.c.obj (__errno)
/usr/lib/gcc/arm-none-eabi/4.9.3/../../../arm-none-eabi/lib/armv7e-m/libg_nano.a(lib_a-exit.o)
                              /usr/lib/gcc/arm-none-eabi/4.9.3/../../../arm-none-eabi/lib/armv7e-m/crt0.o (exit)
/usr/lib/gcc/arm-none-eabi/4.9.3/../../../arm-none-eabi/lib/armv7e-m/libg_nano.a(lib_a-fini.o)
                              /usr/lib/gcc/arm-none-eabi/4.9.3/../../../arm-none-eabi/lib/armv7e-m/crt0.o (__libc_fini_array)
/usr/lib/gcc/arm-none-eabi/4.9.3/../../../arm-none-eabi/lib/armv7e-m/libg_nano.a(lib_a-impure.o)
                              /usr/lib/gcc/arm-none-eabi/4.9.3/../../../arm-none-eabi/lib/armv7e-m/libg_nano.a(lib_a-exit.o) (_global_impure_ptr)
/usr/lib/gcc/arm-none-eabi/4.9.3/../../../arm-none-eabi/lib/armv7e-m/libg_nano.a(lib_a-init.o)
                              /usr/lib/gcc/arm-none-eabi/4.9.3/../../../arm-none-eabi/lib/armv7e-m/crt0.o (__libc_init_array)
/usr/lib/gcc/arm-none-eabi/4.9.3/../../../arm-none-eabi/lib/armv7e-m/libg_nano.a(lib_a-memset.o)
                              /usr/lib/gcc/arm-none-eabi/4.9.3/../../../arm-none-eabi/lib/armv7e-m/crt0.o (memset)
/usr/lib/gcc/arm-none-eabi/4.9.3/../../../arm-none-eabi/lib/armv7e-m/libg_nano.a(lib_a-__atexit.o)
                              /usr/lib/gcc/arm-none-eabi/4.9.3/../../../arm-none-eabi/lib/armv7e-m/libg_nano.a(lib_a-atexit.o) (__register_exitproc)
/usr/lib/gcc/arm-none-eabi/4.9.3/../../../arm-none-eabi/lib/armv7e-m/libg_nano.a(lib_a-__call_atexit.o)
                              /usr/lib/gcc/arm-none-eabi/4.9.3/../../../arm-none-eabi/lib/armv7e-m/libg_nano.a(lib_a-__atexit.o) (__call_exitprocs)

Discarded input sections

 .text          0x0000000000000000        0x0 /usr/lib/gcc/arm-none-eabi/4.9.3/armv7e-m/crti.o
 .data          0x0000000000000000        0x0 /usr/lib/gcc/arm-none-eabi/4.9.3/armv7e-m/crti.o
 .bss           0x0000000000000000        0x0 /usr/lib/gcc/arm-none-eabi/4.9.3/armv7e-m/crti.o
 .data          0x0000000000000000        0x4 /usr/lib/gcc/arm-none-eabi/4.9.3/armv7e-m/crtbegin.o
 .text          0x0000000000000000       0x68 /usr/lib/gcc/arm-none-eabi/4.9.3/../../../arm-none-eabi/lib/armv7e-m/crt0.o
 .data          0x0000000000000000        0x0 /usr/lib/gcc/arm-none-eabi/4.9.3/../../../arm-none-eabi/lib/armv7e-m/crt0.o
 .bss           0x0000000000000000        0x0 /usr/lib/gcc/arm-none-eabi/4.9.3/../../../arm-none-eabi/lib/armv7e-m/crt0.o
 .ARM.extab     0x0000000000000000        0x0 /usr/lib/gcc/arm-none-eabi/4.9.3/../../../arm-none-eabi/lib/armv7e-m/crt0.o
 .ARM.exidx     0x0000000000000000        0x8 /usr/lib/gcc/arm-none-eabi/4.9.3/../../../arm-none-eabi/lib/armv7e-m/crt0.o
 .debug_line    0x0000000000000000       0x7b /usr/lib/gcc/arm-none-eabi/4.9.3/../../../arm-none-eabi/lib/armv7e-m/crt0.o
 .debug_info    0x0000000000000000       0xa9 /usr/lib/gcc/arm-none-eabi/4.9.3/../../../arm-none-eabi/lib/armv7e-m/crt0.o
 .debug_abbrev  0x0000000000000000       0x14 /usr/lib/gcc/arm-none-eabi/4.9.3/../../../arm-none-eabi/lib/armv7e-m/crt0.o
 .debug_aranges
                0x0000000000000000       0x20 /usr/lib/gcc/arm-none-eabi/4.9.3/../../../arm-none-eabi/lib/armv7e-m/crt0.o
 .ARM.attributes
                0x0000000000000000       0x1c /usr/lib/gcc/arm-none-eabi/4.9.3/../../../arm-none-eabi/lib/armv7e-m/crt0.o
 .text          0x0000000000000000        0x0 CMakeFiles/dac_dma.elf.dir/Drivers/STM32F4xx_HAL_Driver/Src/stm32f4xx_hal.c.obj
 .data          0x0000000000000000        0x0 CMakeFiles/dac_dma.elf.dir/Drivers/STM32F4xx_HAL_Driver/Src/stm32f4xx_hal.c.obj
 .bss           0x0000000000000000        0x0 CMakeFiles/dac_dma.elf.dir/Drivers/STM32F4xx_HAL_Driver/Src/stm32f4xx_hal.c.obj
[...]
Memory Configuration

Name             Origin             Length             Attributes
RAM              0x0000000020000000 0x0000000000020000 xrw
CCMRAM           0x0000000010000000 0x0000000000010000 rw
FLASH            0x0000000008000000 0x0000000000100000 xr
*default*        0x0000000000000000 0xffffffffffffffff

Linker script and memory map

LOAD /usr/lib/gcc/arm-none-eabi/4.9.3/armv7e-m/crti.o
LOAD /usr/lib/gcc/arm-none-eabi/4.9.3/armv7e-m/crtbegin.o
LOAD /usr/lib/gcc/arm-none-eabi/4.9.3/../../../arm-none-eabi/lib/armv7e-m/crt0.o
LOAD CMakeFiles/dac_dma.elf.dir/Drivers/STM32F4xx_HAL_Driver/Src/stm32f4xx_hal.c.obj
LOAD CMakeFiles/dac_dma.elf.dir/Drivers/STM32F4xx_HAL_Driver/Src/stm32f4xx_hal_cortex.c.obj
LOAD CMakeFiles/dac_dma.elf.dir/Drivers/STM32F4xx_HAL_Driver/Src/stm32f4xx_hal_dac.c.obj
LOAD CMakeFiles/dac_dma.elf.dir/Drivers/STM32F4xx_HAL_Driver/Src/stm32f4xx_hal_dac_ex.c.obj
LOAD CMakeFiles/dac_dma.elf.dir/Drivers/STM32F4xx_HAL_Driver/Src/stm32f4xx_hal_dma.c.obj
LOAD CMakeFiles/dac_dma.elf.dir/Drivers/STM32F4xx_HAL_Driver/Src/stm32f4xx_hal_dma_ex.c.obj
LOAD CMakeFiles/dac_dma.elf.dir/Drivers/STM32F4xx_HAL_Driver/Src/stm32f4xx_hal_exti.c.obj
LOAD CMakeFiles/dac_dma.elf.dir/Drivers/STM32F4xx_HAL_Driver/Src/stm32f4xx_hal_flash.c.obj
LOAD CMakeFiles/dac_dma.elf.dir/Drivers/STM32F4xx_HAL_Driver/Src/stm32f4xx_hal_flash_ex.c.obj
LOAD CMakeFiles/dac_dma.elf.dir/Drivers/STM32F4xx_HAL_Driver/Src/stm32f4xx_hal_flash_ramfunc.c.obj
LOAD CMakeFiles/dac_dma.elf.dir/Drivers/STM32F4xx_HAL_Driver/Src/stm32f4xx_hal_gpio.c.obj
LOAD CMakeFiles/dac_dma.elf.dir/Drivers/STM32F4xx_HAL_Driver/Src/stm32f4xx_hal_pwr.c.obj
LOAD CMakeFiles/dac_dma.elf.dir/Drivers/STM32F4xx_HAL_Driver/Src/stm32f4xx_hal_pwr_ex.c.obj
LOAD CMakeFiles/dac_dma.elf.dir/Drivers/STM32F4xx_HAL_Driver/Src/stm32f4xx_hal_rcc.c.obj
LOAD CMakeFiles/dac_dma.elf.dir/Drivers/STM32F4xx_HAL_Driver/Src/stm32f4xx_hal_rcc_ex.c.obj
LOAD CMakeFiles/dac_dma.elf.dir/Drivers/STM32F4xx_HAL_Driver/Src/stm32f4xx_hal_tim.c.obj
LOAD CMakeFiles/dac_dma.elf.dir/Drivers/STM32F4xx_HAL_Driver/Src/stm32f4xx_hal_tim_ex.c.obj
LOAD CMakeFiles/dac_dma.elf.dir/Drivers/STM32F4xx_HAL_Driver/Src/stm32f4xx_hal_uart.c.obj
LOAD CMakeFiles/dac_dma.elf.dir/Src/dac.c.obj
LOAD CMakeFiles/dac_dma.elf.dir/Src/dma.c.obj
LOAD CMakeFiles/dac_dma.elf.dir/Src/gpio.c.obj
LOAD CMakeFiles/dac_dma.elf.dir/Src/main.c.obj
LOAD CMakeFiles/dac_dma.elf.dir/Src/stm32f4xx_hal_msp.c.obj
LOAD CMakeFiles/dac_dma.elf.dir/Src/stm32f4xx_it.c.obj
LOAD CMakeFiles/dac_dma.elf.dir/Src/syscalls.c.obj
LOAD CMakeFiles/dac_dma.elf.dir/Src/system_stm32f4xx.c.obj
LOAD CMakeFiles/dac_dma.elf.dir/Src/tim.c.obj
LOAD CMakeFiles/dac_dma.elf.dir/Src/usart.c.obj
LOAD CMakeFiles/dac_dma.elf.dir/startup/startup_stm32f407xx.s.obj
START GROUP
LOAD /usr/lib/gcc/arm-none-eabi/4.9.3/armv7e-m/libgcc.a
LOAD /usr/lib/gcc/arm-none-eabi/4.9.3/../../../arm-none-eabi/lib/armv7e-m/libg_nano.a
LOAD /usr/lib/gcc/arm-none-eabi/4.9.3/../../../arm-none-eabi/lib/armv7e-m/libc_nano.a
END GROUP
START GROUP
LOAD /usr/lib/gcc/arm-none-eabi/4.9.3/armv7e-m/libgcc.a
LOAD /usr/lib/gcc/arm-none-eabi/4.9.3/../../../arm-none-eabi/lib/armv7e-m/libc_nano.a
LOAD /usr/lib/gcc/arm-none-eabi/4.9.3/../../../arm-none-eabi/lib/armv7e-m/libnosys.a
END GROUP
START GROUP
LOAD /usr/lib/gcc/arm-none-eabi/4.9.3/armv7e-m/libgcc.a
LOAD /usr/lib/gcc/arm-none-eabi/4.9.3/../../../arm-none-eabi/lib/armv7e-m/libc_nano.a
LOAD /usr/lib/gcc/arm-none-eabi/4.9.3/../../../arm-none-eabi/lib/armv7e-m/libnosys.a
END GROUP
LOAD /usr/lib/gcc/arm-none-eabi/4.9.3/armv7e-m/crtend.o
LOAD /usr/lib/gcc/arm-none-eabi/4.9.3/armv7e-m/crtn.o
                0x0000000020020000                _estack = 0x20020000
                0x0000000000000200                _Min_Heap_Size = 0x200
                0x0000000000000400                _Min_Stack_Size = 0x400

.isr_vector     0x0000000008000000      0x188
                0x0000000008000000                . = ALIGN (0x4)
 *(.isr_vector)
 .isr_vector    0x0000000008000000      0x188 CMakeFiles/dac_dma.elf.dir/startup/startup_stm32f407xx.s.obj
                0x0000000008000000                g_pfnVectors
                0x0000000008000188                . = ALIGN (0x4)

.text           0x0000000008000188     0x3328
                0x0000000008000188                . = ALIGN (0x4)
 *(.text)
 .text          0x0000000008000188       0xa4 /usr/lib/gcc/arm-none-eabi/4.9.3/armv7e-m/crtbegin.o
 .text          0x000000000800022c       0x30 /usr/lib/gcc/arm-none-eabi/4.9.3/armv7e-m/libgcc.a(_aeabi_uldivmod.o)
                0x000000000800022c                __aeabi_uldivmod
 .text          0x000000000800025c       0x60 /usr/lib/gcc/arm-none-eabi/4.9.3/armv7e-m/libgcc.a(bpabi.o)
                0x000000000800025c                __gnu_ldivmod_helper
                0x000000000800028c                __gnu_uldivmod_helper
 .text          0x00000000080002bc        0x4 /usr/lib/gcc/arm-none-eabi/4.9.3/armv7e-m/libgcc.a(_dvmd_tls.o)
                0x00000000080002bc                __aeabi_ldiv0
                0x00000000080002bc                __aeabi_idiv0
 .text          0x00000000080002c0      0x29c /usr/lib/gcc/arm-none-eabi/4.9.3/armv7e-m/libgcc.a(_divdi3.o)
                0x00000000080002c0                __divdi3
 .text          0x000000000800055c      0x26c /usr/lib/gcc/arm-none-eabi/4.9.3/armv7e-m/libgcc.a(_udivdi3.o)
                0x000000000800055c                __udivdi3
 *(.text*)
 .text.HAL_Init
                0x00000000080007c8       0x44 CMakeFiles/dac_dma.elf.dir/Drivers/STM32F4xx_HAL_Driver/Src/stm32f4xx_hal.c.obj
                0x00000000080007c8                HAL_Init
 .text.HAL_InitTick
                0x000000000800080c       0x60 CMakeFiles/dac_dma.elf.dir/Drivers/STM32F4xx_HAL_Driver/Src/stm32f4xx_hal.c.obj
                0x000000000800080c                HAL_InitTick
 .text.HAL_IncTick
                0x000000000800086c       0x24 CMakeFiles/dac_dma.elf.dir/Drivers/STM32F4xx_HAL_Driver/Src/stm32f4xx_hal.c.obj
                0x000000000800086c                HAL_IncTick
 .text.HAL_GetTick
                0x0000000008000890       0x18 CMakeFiles/dac_dma.elf.dir/Drivers/STM32F4xx_HAL_Driver/Src/stm32f4xx_hal.c.obj
                0x0000000008000890                HAL_GetTick
 .text.__NVIC_SetPriorityGrouping
                0x00000000080008a8       0x48 CMakeFiles/dac_dma.elf.dir/Drivers/STM32F4xx_HAL_Driver/Src/stm32f4xx_hal_cortex.c.obj
 .text.__NVIC_GetPriorityGrouping
                0x00000000080008f0       0x1c CMakeFiles/dac_dma.elf.dir/Drivers/STM32F4xx_HAL_Driver/Src/stm32f4xx_hal_cortex.c.obj
 .text.__NVIC_EnableIRQ
                0x000000000800090c       0x38 CMakeFiles/dac_dma.elf.dir/Drivers/STM32F4xx_HAL_Driver/Src/stm32f4xx_hal_cortex.c.obj
 .text.__NVIC_SetPriority
                0x0000000008000944       0x54 CMakeFiles/dac_dma.elf.dir/Drivers/STM32F4xx_HAL_Driver/Src/stm32f4xx_hal_cortex.c.obj
 .text.NVIC_EncodePriority
                0x0000000008000998       0x64 CMakeFiles/dac_dma.elf.dir/Drivers/STM32F4xx_HAL_Driver/Src/stm32f4xx_hal_cortex.c.obj
 .text.SysTick_Config
                0x00000000080009fc       0x44 CMakeFiles/dac_dma.elf.dir/Drivers/STM32F4xx_HAL_Driver/Src/stm32f4xx_hal_cortex.c.obj
 .text.HAL_NVIC_SetPriorityGrouping
                0x0000000008000a40       0x14 CMakeFiles/dac_dma.elf.dir/Drivers/STM32F4xx_HAL_Driver/Src/stm32f4xx_hal_cortex.c.obj
                0x0000000008000a40                HAL_NVIC_SetPriorityGrouping
 .text.HAL_NVIC_SetPriority
                0x0000000008000a54       0x38 CMakeFiles/dac_dma.elf.dir/Drivers/STM32F4xx_HAL_Driver/Src/stm32f4xx_hal_cortex.c.obj
                0x0000000008000a54                HAL_NVIC_SetPriority
 .text.HAL_NVIC_EnableIRQ
                0x0000000008000a8c       0x1c CMakeFiles/dac_dma.elf.dir/Drivers/STM32F4xx_HAL_Driver/Src/stm32f4xx_hal_cortex.c.obj
                0x0000000008000a8c                HAL_NVIC_EnableIRQ
 .text.HAL_SYSTICK_Config
                0x0000000008000aa8       0x18 CMakeFiles/dac_dma.elf.dir/Drivers/STM32F4xx_HAL_Driver/Src/stm32f4xx_hal_cortex.c.obj
                0x0000000008000aa8                HAL_SYSTICK_Config
 .text.HAL_DAC_Init
                0x0000000008000ac0       0x44 CMakeFiles/dac_dma.elf.dir/Drivers/STM32F4xx_HAL_Driver/Src/stm32f4xx_hal_dac.c.obj
                0x0000000008000ac0                HAL_DAC_Init
 .text.HAL_DAC_Start
                0x0000000008000b04       0xd0 CMakeFiles/dac_dma.elf.dir/Drivers/STM32F4xx_HAL_Driver/Src/stm32f4xx_hal_dac.c.obj
                0x0000000008000b04                HAL_DAC_Start
 .text.HAL_DAC_Start_DMA
                0x0000000008000bd4      0x168 CMakeFiles/dac_dma.elf.dir/Drivers/STM32F4xx_HAL_Driver/Src/stm32f4xx_hal_dac.c.obj
                0x0000000008000bd4                HAL_DAC_Start_DMA
 .text.HAL_DAC_ConvCpltCallbackCh1
                0x0000000008000d3c       0x14 CMakeFiles/dac_dma.elf.dir/Drivers/STM32F4xx_HAL_Driver/Src/stm32f4xx_hal_dac.c.obj
                0x0000000008000d3c                HAL_DAC_ConvCpltCallbackCh1
 .text.HAL_DAC_ConvHalfCpltCallbackCh1
                0x0000000008000d50       0x14 CMakeFiles/dac_dma.elf.dir/Drivers/STM32F4xx_HAL_Driver/Src/stm32f4xx_hal_dac.c.obj
                0x0000000008000d50                HAL_DAC_ConvHalfCpltCallbackCh1
 .text.HAL_DAC_ErrorCallbackCh1
                0x0000000008000d64       0x14 CMakeFiles/dac_dma.elf.dir/Drivers/STM32F4xx_HAL_Driver/Src/stm32f4xx_hal_dac.c.obj
                0x0000000008000d64                HAL_DAC_ErrorCallbackCh1
 .text.HAL_DAC_ConfigChannel
                0x0000000008000d78       0x9c CMakeFiles/dac_dma.elf.dir/Drivers/STM32F4xx_HAL_Driver/Src/stm32f4xx_hal_dac.c.obj
                0x0000000008000d78                HAL_DAC_ConfigChannel
 .text.DAC_DMAConvCpltCh1
                0x0000000008000e14       0x20 CMakeFiles/dac_dma.elf.dir/Drivers/STM32F4xx_HAL_Driver/Src/stm32f4xx_hal_dac.c.obj
 .text.DAC_DMAHalfConvCpltCh1
                0x0000000008000e34       0x1c CMakeFiles/dac_dma.elf.dir/Drivers/STM32F4xx_HAL_Driver/Src/stm32f4xx_hal_dac.c.obj
 .text.DAC_DMAErrorCh1
                0x0000000008000e50       0x2c CMakeFiles/dac_dma.elf.dir/Drivers/STM32F4xx_HAL_Driver/Src/stm32f4xx_hal_dac.c.obj
 .text.HAL_DACEx_ConvCpltCallbackCh2
                0x0000000008000e7c       0x14 CMakeFiles/dac_dma.elf.dir/Drivers/STM32F4xx_HAL_Driver/Src/stm32f4xx_hal_dac_ex.c.obj
                0x0000000008000e7c                HAL_DACEx_ConvCpltCallbackCh2
 .text.HAL_DACEx_ConvHalfCpltCallbackCh2
                0x0000000008000e90       0x14 CMakeFiles/dac_dma.elf.dir/Drivers/STM32F4xx_HAL_Driver/Src/stm32f4xx_hal_dac_ex.c.obj
                0x0000000008000e90                HAL_DACEx_ConvHalfCpltCallbackCh2
 .text.HAL_DACEx_ErrorCallbackCh2
                0x0000000008000ea4       0x14 CMakeFiles/dac_dma.elf.dir/Drivers/STM32F4xx_HAL_Driver/Src/stm32f4xx_hal_dac_ex.c.obj
                0x0000000008000ea4                HAL_DACEx_ErrorCallbackCh2
 .text.DAC_DMAConvCpltCh2
                0x0000000008000eb8       0x20 CMakeFiles/dac_dma.elf.dir/Drivers/STM32F4xx_HAL_Driver/Src/stm32f4xx_hal_dac_ex.c.obj
                0x0000000008000eb8                DAC_DMAConvCpltCh2
 .text.DAC_DMAHalfConvCpltCh2
                0x0000000008000ed8       0x1c CMakeFiles/dac_dma.elf.dir/Drivers/STM32F4xx_HAL_Driver/Src/stm32f4xx_hal_dac_ex.c.obj
                0x0000000008000ed8                DAC_DMAHalfConvCpltCh2
 .text.DAC_DMAErrorCh2
                0x0000000008000ef4       0x2c CMakeFiles/dac_dma.elf.dir/Drivers/STM32F4xx_HAL_Driver/Src/stm32f4xx_hal_dac_ex.c.obj
                0x0000000008000ef4                DAC_DMAErrorCh2
 .text.HAL_DMA_Init
                0x0000000008000f20      0x160 CMakeFiles/dac_dma.elf.dir/Drivers/STM32F4xx_HAL_Driver/Src/stm32f4xx_hal_dma.c.obj
                0x0000000008000f20                HAL_DMA_Init
 .text.HAL_DMA_Start_IT
                0x0000000008001080       0xc4 CMakeFiles/dac_dma.elf.dir/Drivers/STM32F4xx_HAL_Driver/Src/stm32f4xx_hal_dma.c.obj
                0x0000000008001080                HAL_DMA_Start_IT
 .text.HAL_DMA_Abort_IT
                0x0000000008001144       0x44 CMakeFiles/dac_dma.elf.dir/Drivers/STM32F4xx_HAL_Driver/Src/stm32f4xx_hal_dma.c.obj
                0x0000000008001144                HAL_DMA_Abort_IT
 .text.HAL_DMA_IRQHandler
                0x0000000008001188      0x33c CMakeFiles/dac_dma.elf.dir/Drivers/STM32F4xx_HAL_Driver/Src/stm32f4xx_hal_dma.c.obj
                0x0000000008001188                HAL_DMA_IRQHandler
 .text.DMA_SetConfig
                0x00000000080014c4       0x5c CMakeFiles/dac_dma.elf.dir/Drivers/STM32F4xx_HAL_Driver/Src/stm32f4xx_hal_dma.c.obj
 .text.DMA_CalcBaseAndBitshift
                0x0000000008001520       0x6c CMakeFiles/dac_dma.elf.dir/Drivers/STM32F4xx_HAL_Driver/Src/stm32f4xx_hal_dma.c.obj
 .text.DMA_CheckFifoParam
                0x000000000800158c       0xec CMakeFiles/dac_dma.elf.dir/Drivers/STM32F4xx_HAL_Driver/Src/stm32f4xx_hal_dma.c.obj
 .text.HAL_GPIO_Init
                0x0000000008001678      0x32c CMakeFiles/dac_dma.elf.dir/Drivers/STM32F4xx_HAL_Driver/Src/stm32f4xx_hal_gpio.c.obj
                0x0000000008001678                HAL_GPIO_Init
 .text.HAL_GPIO_WritePin
                0x00000000080019a4       0x30 CMakeFiles/dac_dma.elf.dir/Drivers/STM32F4xx_HAL_Driver/Src/stm32f4xx_hal_gpio.c.obj
                0x00000000080019a4                HAL_GPIO_WritePin
 .text.HAL_RCC_OscConfig
                0x00000000080019d4      0x47c CMakeFiles/dac_dma.elf.dir/Drivers/STM32F4xx_HAL_Driver/Src/stm32f4xx_hal_rcc.c.obj
                0x00000000080019d4                HAL_RCC_OscConfig
 .text.HAL_RCC_ClockConfig
                0x0000000008001e50      0x1c4 CMakeFiles/dac_dma.elf.dir/Drivers/STM32F4xx_HAL_Driver/Src/stm32f4xx_hal_rcc.c.obj
                0x0000000008001e50                HAL_RCC_ClockConfig
 .text.HAL_RCC_GetSysClockFreq
                0x0000000008002014      0x14c CMakeFiles/dac_dma.elf.dir/Drivers/STM32F4xx_HAL_Driver/Src/stm32f4xx_hal_rcc.c.obj
                0x0000000008002014                HAL_RCC_GetSysClockFreq
 .text.HAL_RCC_GetHCLKFreq
                0x0000000008002160       0x18 CMakeFiles/dac_dma.elf.dir/Drivers/STM32F4xx_HAL_Driver/Src/stm32f4xx_hal_rcc.c.obj
                0x0000000008002160                HAL_RCC_GetHCLKFreq
 .text.HAL_RCC_GetPCLK1Freq
                0x0000000008002178       0x28 CMakeFiles/dac_dma.elf.dir/Drivers/STM32F4xx_HAL_Driver/Src/stm32f4xx_hal_rcc.c.obj
                0x0000000008002178                HAL_RCC_GetPCLK1Freq
 .text.HAL_RCC_GetPCLK2Freq
                0x00000000080021a0       0x28 CMakeFiles/dac_dma.elf.dir/Drivers/STM32F4xx_HAL_Driver/Src/stm32f4xx_hal_rcc.c.obj
                0x00000000080021a0                HAL_RCC_GetPCLK2Freq
 .text.HAL_TIM_Base_Init
                0x00000000080021c8       0x58 CMakeFiles/dac_dma.elf.dir/Drivers/STM32F4xx_HAL_Driver/Src/stm32f4xx_hal_tim.c.obj
                0x00000000080021c8                HAL_TIM_Base_Init
 .text.HAL_TIM_Base_Start
                0x0000000008002220       0x48 CMakeFiles/dac_dma.elf.dir/Drivers/STM32F4xx_HAL_Driver/Src/stm32f4xx_hal_tim.c.obj
                0x0000000008002220                HAL_TIM_Base_Start
 .text.TIM_Base_SetConfig
                0x0000000008002268      0x13c CMakeFiles/dac_dma.elf.dir/Drivers/STM32F4xx_HAL_Driver/Src/stm32f4xx_hal_tim.c.obj
                0x0000000008002268                TIM_Base_SetConfig
 .text.HAL_TIMEx_MasterConfigSynchronization
                0x00000000080023a4       0x8c CMakeFiles/dac_dma.elf.dir/Drivers/STM32F4xx_HAL_Driver/Src/stm32f4xx_hal_tim_ex.c.obj
                0x00000000080023a4                HAL_TIMEx_MasterConfigSynchronization
 .text.HAL_UART_Init
                0x0000000008002430       0x9c CMakeFiles/dac_dma.elf.dir/Drivers/STM32F4xx_HAL_Driver/Src/stm32f4xx_hal_uart.c.obj
                0x0000000008002430                HAL_UART_Init
 .text.HAL_UART_IRQHandler
                0x00000000080024cc      0x1f4 CMakeFiles/dac_dma.elf.dir/Drivers/STM32F4xx_HAL_Driver/Src/stm32f4xx_hal_uart.c.obj
                0x00000000080024cc                HAL_UART_IRQHandler
 .text.HAL_UART_TxCpltCallback
                0x00000000080026c0       0x14 CMakeFiles/dac_dma.elf.dir/Drivers/STM32F4xx_HAL_Driver/Src/stm32f4xx_hal_uart.c.obj
                0x00000000080026c0                HAL_UART_TxCpltCallback
 .text.HAL_UART_RxCpltCallback
                0x00000000080026d4       0x14 CMakeFiles/dac_dma.elf.dir/Drivers/STM32F4xx_HAL_Driver/Src/stm32f4xx_hal_uart.c.obj
                0x00000000080026d4                HAL_UART_RxCpltCallback
 .text.HAL_UART_ErrorCallback
                0x00000000080026e8       0x14 CMakeFiles/dac_dma.elf.dir/Drivers/STM32F4xx_HAL_Driver/Src/stm32f4xx_hal_uart.c.obj
                0x00000000080026e8                HAL_UART_ErrorCallback
 .text.UART_EndRxTransfer
                0x00000000080026fc       0x3c CMakeFiles/dac_dma.elf.dir/Drivers/STM32F4xx_HAL_Driver/Src/stm32f4xx_hal_uart.c.obj
 .text.UART_DMAAbortOnError
                0x0000000008002738       0x28 CMakeFiles/dac_dma.elf.dir/Drivers/STM32F4xx_HAL_Driver/Src/stm32f4xx_hal_uart.c.obj
 .text.UART_Transmit_IT
                0x0000000008002760       0xac CMakeFiles/dac_dma.elf.dir/Drivers/STM32F4xx_HAL_Driver/Src/stm32f4xx_hal_uart.c.obj
 .text.UART_EndTransmit_IT
                0x000000000800280c       0x30 CMakeFiles/dac_dma.elf.dir/Drivers/STM32F4xx_HAL_Driver/Src/stm32f4xx_hal_uart.c.obj
 .text.UART_Receive_IT
                0x000000000800283c      0x104 CMakeFiles/dac_dma.elf.dir/Drivers/STM32F4xx_HAL_Driver/Src/stm32f4xx_hal_uart.c.obj
 .text.UART_SetConfig
                0x0000000008002940      0x410 CMakeFiles/dac_dma.elf.dir/Drivers/STM32F4xx_HAL_Driver/Src/stm32f4xx_hal_uart.c.obj
 .text.MX_DAC_Init
                0x0000000008002d50       0x50 CMakeFiles/dac_dma.elf.dir/Src/dac.c.obj
                0x0000000008002d50                MX_DAC_Init
 .text.HAL_DAC_MspInit
                0x0000000008002da0      0x100 CMakeFiles/dac_dma.elf.dir/Src/dac.c.obj
                0x0000000008002da0                HAL_DAC_MspInit
 .text.MX_DMA_Init
                0x0000000008002ea0       0x3c CMakeFiles/dac_dma.elf.dir/Src/dma.c.obj
                0x0000000008002ea0                MX_DMA_Init
 .text.MX_GPIO_Init
                0x0000000008002edc       0xd0 CMakeFiles/dac_dma.elf.dir/Src/gpio.c.obj
                0x0000000008002edc                MX_GPIO_Init
 .text.main     0x0000000008002fac       0x50 CMakeFiles/dac_dma.elf.dir/Src/main.c.obj
                0x0000000008002fac                main
 .text.SystemClock_Config
                0x0000000008002ffc      0x120 CMakeFiles/dac_dma.elf.dir/Src/main.c.obj
                0x0000000008002ffc                SystemClock_Config
 .text.Error_Handler
                0x000000000800311c        0xc CMakeFiles/dac_dma.elf.dir/Src/main.c.obj
                0x000000000800311c                Error_Handler
 .text.HAL_MspInit
                0x0000000008003128       0x4c CMakeFiles/dac_dma.elf.dir/Src/stm32f4xx_hal_msp.c.obj
                0x0000000008003128                HAL_MspInit
 .text.NMI_Handler
                0x0000000008003174        0xc CMakeFiles/dac_dma.elf.dir/Src/stm32f4xx_it.c.obj
                0x0000000008003174                NMI_Handler
 .text.HardFault_Handler
                0x0000000008003180        0x8 CMakeFiles/dac_dma.elf.dir/Src/stm32f4xx_it.c.obj
                0x0000000008003180                HardFault_Handler
 .text.MemManage_Handler
                0x0000000008003188        0x8 CMakeFiles/dac_dma.elf.dir/Src/stm32f4xx_it.c.obj
                0x0000000008003188                MemManage_Handler
 .text.BusFault_Handler
                0x0000000008003190        0x8 CMakeFiles/dac_dma.elf.dir/Src/stm32f4xx_it.c.obj
                0x0000000008003190                BusFault_Handler
 .text.UsageFault_Handler
                0x0000000008003198        0x8 CMakeFiles/dac_dma.elf.dir/Src/stm32f4xx_it.c.obj
                0x0000000008003198                UsageFault_Handler
 .text.SVC_Handler
                0x00000000080031a0        0xc CMakeFiles/dac_dma.elf.dir/Src/stm32f4xx_it.c.obj
                0x00000000080031a0                SVC_Handler
 .text.DebugMon_Handler
                0x00000000080031ac        0xc CMakeFiles/dac_dma.elf.dir/Src/stm32f4xx_it.c.obj
                0x00000000080031ac                DebugMon_Handler
 .text.PendSV_Handler
                0x00000000080031b8        0xc CMakeFiles/dac_dma.elf.dir/Src/stm32f4xx_it.c.obj
                0x00000000080031b8                PendSV_Handler
 .text.SysTick_Handler
                0x00000000080031c4        0xc CMakeFiles/dac_dma.elf.dir/Src/stm32f4xx_it.c.obj
                0x00000000080031c4                SysTick_Handler
 .text.DMA1_Stream5_IRQHandler
                0x00000000080031d0       0x10 CMakeFiles/dac_dma.elf.dir/Src/stm32f4xx_it.c.obj
                0x00000000080031d0                DMA1_Stream5_IRQHandler
 .text.USART3_IRQHandler
                0x00000000080031e0       0x10 CMakeFiles/dac_dma.elf.dir/Src/stm32f4xx_it.c.obj
                0x00000000080031e0                USART3_IRQHandler
 .text.SystemInit
                0x00000000080031f0       0x5c CMakeFiles/dac_dma.elf.dir/Src/system_stm32f4xx.c.obj
                0x00000000080031f0                SystemInit
 .text.MX_TIM6_Init
                0x000000000800324c       0x68 CMakeFiles/dac_dma.elf.dir/Src/tim.c.obj
                0x000000000800324c                MX_TIM6_Init
 .text.HAL_TIM_Base_MspInit
                0x00000000080032b4       0x40 CMakeFiles/dac_dma.elf.dir/Src/tim.c.obj
                0x00000000080032b4                HAL_TIM_Base_MspInit
 .text.MX_USART3_UART_Init
                0x00000000080032f4       0x54 CMakeFiles/dac_dma.elf.dir/Src/usart.c.obj
                0x00000000080032f4                MX_USART3_UART_Init
 .text.HAL_UART_MspInit
                0x0000000008003348       0xb0 CMakeFiles/dac_dma.elf.dir/Src/usart.c.obj
                0x0000000008003348                HAL_UART_MspInit
 .text.Reset_Handler
                0x00000000080033f8       0x50 CMakeFiles/dac_dma.elf.dir/startup/startup_stm32f407xx.s.obj
                0x00000000080033f8                Reset_Handler
 .text.Default_Handler
                0x0000000008003448        0x2 CMakeFiles/dac_dma.elf.dir/startup/startup_stm32f407xx.s.obj
                0x0000000008003448                RTC_Alarm_IRQHandler
                0x0000000008003448                HASH_RNG_IRQHandler
                0x0000000008003448                EXTI2_IRQHandler
                0x0000000008003448                TIM8_CC_IRQHandler
                0x0000000008003448                TIM1_CC_IRQHandler
                0x0000000008003448                DMA2_Stream5_IRQHandler
                0x0000000008003448                PVD_IRQHandler
                0x0000000008003448                SDIO_IRQHandler
                0x0000000008003448                TAMP_STAMP_IRQHandler
                0x0000000008003448                CAN2_RX1_IRQHandler
                0x0000000008003448                EXTI3_IRQHandler
                0x0000000008003448                TIM8_TRG_COM_TIM14_IRQHandler
                0x0000000008003448                TIM1_UP_TIM10_IRQHandler
                0x0000000008003448                TIM8_UP_TIM13_IRQHandler
                0x0000000008003448                I2C3_ER_IRQHandler
                0x0000000008003448                EXTI0_IRQHandler
                0x0000000008003448                I2C2_EV_IRQHandler
                0x0000000008003448                DMA1_Stream2_IRQHandler
                0x0000000008003448                CAN1_RX0_IRQHandler
                0x0000000008003448                FPU_IRQHandler
                0x0000000008003448                OTG_HS_WKUP_IRQHandler
                0x0000000008003448                CAN2_SCE_IRQHandler
                0x0000000008003448                DMA2_Stream2_IRQHandler
                0x0000000008003448                SPI1_IRQHandler
                0x0000000008003448                TIM6_DAC_IRQHandler
                0x0000000008003448                TIM1_BRK_TIM9_IRQHandler
                0x0000000008003448                DCMI_IRQHandler
                0x0000000008003448                CAN2_RX0_IRQHandler
                0x0000000008003448                DMA2_Stream3_IRQHandler
                0x0000000008003448                USART6_IRQHandler
                0x0000000008003448                CAN1_RX1_IRQHandler
                0x0000000008003448                UART5_IRQHandler
                0x0000000008003448                DMA2_Stream0_IRQHandler
                0x0000000008003448                TIM4_IRQHandler
                0x0000000008003448                I2C1_EV_IRQHandler
                0x0000000008003448                DMA1_Stream6_IRQHandler
                0x0000000008003448                DMA1_Stream1_IRQHandler
                0x0000000008003448                UART4_IRQHandler
                0x0000000008003448                TIM3_IRQHandler
                0x0000000008003448                RCC_IRQHandler
                0x0000000008003448                TIM8_BRK_TIM12_IRQHandler
                0x0000000008003448                Default_Handler
                0x0000000008003448                EXTI15_10_IRQHandler
                0x0000000008003448                ADC_IRQHandler
                0x0000000008003448                DMA1_Stream7_IRQHandler
                0x0000000008003448                TIM7_IRQHandler
                0x0000000008003448                CAN2_TX_IRQHandler
                0x0000000008003448                TIM5_IRQHandler
                0x0000000008003448                DMA2_Stream7_IRQHandler
                0x0000000008003448                I2C3_EV_IRQHandler
                0x0000000008003448                EXTI9_5_IRQHandler
                0x0000000008003448                RTC_WKUP_IRQHandler
                0x0000000008003448                ETH_WKUP_IRQHandler
                0x0000000008003448                SPI2_IRQHandler
                0x0000000008003448                OTG_HS_EP1_IN_IRQHandler
                0x0000000008003448                DMA1_Stream0_IRQHandler
                0x0000000008003448                CAN1_TX_IRQHandler
                0x0000000008003448                EXTI4_IRQHandler
                0x0000000008003448                FSMC_IRQHandler
                0x0000000008003448                ETH_IRQHandler
                0x0000000008003448                OTG_HS_EP1_OUT_IRQHandler
                0x0000000008003448                WWDG_IRQHandler
                0x0000000008003448                TIM2_IRQHandler
                0x0000000008003448                OTG_FS_WKUP_IRQHandler
                0x0000000008003448                TIM1_TRG_COM_TIM11_IRQHandler
                0x0000000008003448                OTG_HS_IRQHandler
                0x0000000008003448                EXTI1_IRQHandler
                0x0000000008003448                USART2_IRQHandler
                0x0000000008003448                I2C2_ER_IRQHandler
                0x0000000008003448                DMA2_Stream1_IRQHandler
                0x0000000008003448                CAN1_SCE_IRQHandler
                0x0000000008003448                FLASH_IRQHandler
                0x0000000008003448                DMA2_Stream4_IRQHandler
                0x0000000008003448                USART1_IRQHandler
                0x0000000008003448                OTG_FS_IRQHandler
                0x0000000008003448                SPI3_IRQHandler
                0x0000000008003448                DMA1_Stream4_IRQHandler
                0x0000000008003448                I2C1_ER_IRQHandler
                0x0000000008003448                DMA2_Stream6_IRQHandler
                0x0000000008003448                DMA1_Stream3_IRQHandler
 *fill*         0x000000000800344a        0x2 
 .text.__libc_init_array
                0x000000000800344c       0x4c /usr/lib/gcc/arm-none-eabi/4.9.3/../../../arm-none-eabi/lib/armv7e-m/libg_nano.a(lib_a-init.o)
                0x000000000800344c                __libc_init_array
 *(.glue_7)
 .glue_7        0x0000000008003498        0x0 linker stubs
 *(.glue_7t)
 .glue_7t       0x0000000008003498        0x0 linker stubs
 *(.eh_frame)
 .eh_frame      0x0000000008003498        0x0 /usr/lib/gcc/arm-none-eabi/4.9.3/armv7e-m/crtbegin.o
 *(.init)
 .init          0x0000000008003498        0x4 /usr/lib/gcc/arm-none-eabi/4.9.3/armv7e-m/crti.o
                0x0000000008003498                _init
 .init          0x000000000800349c        0x8 /usr/lib/gcc/arm-none-eabi/4.9.3/armv7e-m/crtn.o
 *(.fini)
 .fini          0x00000000080034a4        0x4 /usr/lib/gcc/arm-none-eabi/4.9.3/armv7e-m/crti.o
                0x00000000080034a4                _fini
 .fini          0x00000000080034a8        0x8 /usr/lib/gcc/arm-none-eabi/4.9.3/armv7e-m/crtn.o
                0x00000000080034b0                . = ALIGN (0x4)
                0x00000000080034b0                _etext = .

.vfp11_veneer   0x00000000080034b0        0x0
 .vfp11_veneer  0x00000000080034b0        0x0 linker stubs

.v4_bx          0x00000000080034b0        0x0
 .v4_bx         0x00000000080034b0        0x0 linker stubs

.iplt           0x00000000080034b0        0x0
 .iplt          0x00000000080034b0        0x0 /usr/lib/gcc/arm-none-eabi/4.9.3/armv7e-m/crtbegin.o

.rodata         0x00000000080034b0      0x220
                0x00000000080034b0                . = ALIGN (0x4)
 *(.rodata)
 *(.rodata*)
 .rodata.flagBitshiftOffset.6911
                0x00000000080034b0        0x8 CMakeFiles/dac_dma.elf.dir/Drivers/STM32F4xx_HAL_Driver/Src/stm32f4xx_hal_dma.c.obj
 .rodata.triang_12b_256
                0x00000000080034b8      0x200 CMakeFiles/dac_dma.elf.dir/Src/main.c.obj
                0x00000000080034b8                triang_12b_256
 .rodata.AHBPrescTable
                0x00000000080036b8       0x10 CMakeFiles/dac_dma.elf.dir/Src/system_stm32f4xx.c.obj
                0x00000000080036b8                AHBPrescTable
 .rodata.APBPrescTable
                0x00000000080036c8        0x8 CMakeFiles/dac_dma.elf.dir/Src/system_stm32f4xx.c.obj
                0x00000000080036c8                APBPrescTable
                0x00000000080036d0                . = ALIGN (0x4)

.ARM.extab
 *(.ARM.extab* .gnu.linkonce.armextab.*)

.ARM            0x00000000080036d0        0x8
                0x00000000080036d0                __exidx_start = .
 *(.ARM.exidx*)
 .ARM.exidx     0x00000000080036d0        0x8 /usr/lib/gcc/arm-none-eabi/4.9.3/armv7e-m/libgcc.a(_divdi3.o)
 .ARM.exidx     0x00000000080036d8        0x0 /usr/lib/gcc/arm-none-eabi/4.9.3/armv7e-m/libgcc.a(_udivdi3.o)
                                          0x8 (size before relaxing)
                0x00000000080036d8                __exidx_end = .

.rel.dyn        0x00000000080036d8        0x0
 .rel.iplt      0x00000000080036d8        0x0 /usr/lib/gcc/arm-none-eabi/4.9.3/armv7e-m/crtbegin.o

.preinit_array  0x00000000080036d8        0x0
                0x00000000080036d8                PROVIDE (__preinit_array_start, .)
 *(.preinit_array*)
                0x00000000080036d8                PROVIDE (__preinit_array_end, .)

.init_array     0x00000000080036d8        0x4
                0x00000000080036d8                PROVIDE (__init_array_start, .)
 *(SORT(.init_array.*))
 *(.init_array*)
 .init_array    0x00000000080036d8        0x4 /usr/lib/gcc/arm-none-eabi/4.9.3/armv7e-m/crtbegin.o
                0x00000000080036dc                PROVIDE (__init_array_end, .)

.fini_array     0x00000000080036dc        0x4
                0x00000000080036dc                PROVIDE (__fini_array_start, .)
 *(SORT(.fini_array.*))
 *(.fini_array*)
 .fini_array    0x00000000080036dc        0x4 /usr/lib/gcc/arm-none-eabi/4.9.3/armv7e-m/crtbegin.o
                0x00000000080036e0                PROVIDE (__fini_array_end, .)
                0x00000000080036e0                _sidata = LOADADDR (.data)

.data           0x0000000020000000        0xc load address 0x00000000080036e0
                0x0000000020000000                . = ALIGN (0x4)
                0x0000000020000000                _sdata = .
 *(.data)
 *(.data*)
 .data.uwTickPrio
                0x0000000020000000        0x4 CMakeFiles/dac_dma.elf.dir/Drivers/STM32F4xx_HAL_Driver/Src/stm32f4xx_hal.c.obj
                0x0000000020000000                uwTickPrio
 .data.uwTickFreq
                0x0000000020000004        0x1 CMakeFiles/dac_dma.elf.dir/Drivers/STM32F4xx_HAL_Driver/Src/stm32f4xx_hal.c.obj
                0x0000000020000004                uwTickFreq
 *fill*         0x0000000020000005        0x3 
 .data.SystemCoreClock
                0x0000000020000008        0x4 CMakeFiles/dac_dma.elf.dir/Src/system_stm32f4xx.c.obj
                0x0000000020000008                SystemCoreClock
                0x000000002000000c                . = ALIGN (0x4)
                0x000000002000000c                _edata = .
                0x00000000080036ec                _siccmram = LOADADDR (.ccmram)

.jcr            0x000000002000000c        0x0 load address 0x00000000080036ec
 .jcr           0x000000002000000c        0x0 /usr/lib/gcc/arm-none-eabi/4.9.3/armv7e-m/crtbegin.o

.tm_clone_table
                0x000000002000000c        0x0 load address 0x00000000080036ec
 .tm_clone_table
                0x000000002000000c        0x0 /usr/lib/gcc/arm-none-eabi/4.9.3/armv7e-m/crtbegin.o
 .tm_clone_table
                0x000000002000000c        0x0 /usr/lib/gcc/arm-none-eabi/4.9.3/armv7e-m/crtend.o

.igot.plt       0x000000002000000c        0x0 load address 0x00000000080036ec
 .igot.plt      0x000000002000000c        0x0 /usr/lib/gcc/arm-none-eabi/4.9.3/armv7e-m/crtbegin.o

.ccmram         0x0000000010000000        0x0 load address 0x00000000080036ec
                0x0000000010000000                . = ALIGN (0x4)
                0x0000000010000000                _sccmram = .
 *(.ccmram)
 *(.ccmram*)
                0x0000000010000000                . = ALIGN (0x4)
                0x0000000010000000                _eccmram = .
                0x0000000010000000                . = ALIGN (0x4)

.bss            0x000000002000000c      0x114
                0x000000002000000c                _sbss = .
                0x000000002000000c                __bss_start__ = _sbss
 *(.bss)
 .bss           0x000000002000000c       0x1c /usr/lib/gcc/arm-none-eabi/4.9.3/armv7e-m/crtbegin.o
 *(.bss*)
 .bss.uwTick    0x0000000020000028        0x4 CMakeFiles/dac_dma.elf.dir/Drivers/STM32F4xx_HAL_Driver/Src/stm32f4xx_hal.c.obj
                0x0000000020000028                uwTick
 .bss.hdac      0x000000002000002c       0x14 CMakeFiles/dac_dma.elf.dir/Src/dac.c.obj
                0x000000002000002c                hdac
 .bss.hdma_dac1
                0x0000000020000040       0x60 CMakeFiles/dac_dma.elf.dir/Src/dac.c.obj
                0x0000000020000040                hdma_dac1
 .bss.htim6     0x00000000200000a0       0x40 CMakeFiles/dac_dma.elf.dir/Src/tim.c.obj
                0x00000000200000a0                htim6
 .bss.huart3    0x00000000200000e0       0x40 CMakeFiles/dac_dma.elf.dir/Src/usart.c.obj
                0x00000000200000e0                huart3
 *(COMMON)
                0x0000000020000120                . = ALIGN (0x4)
                0x0000000020000120                _ebss = .
                0x0000000020000120                __bss_end__ = _ebss

._user_heap_stack
                0x0000000020000120      0x600
                0x0000000020000120                . = ALIGN (0x8)
                0x0000000020000120                PROVIDE (end, .)
                [!provide]                        PROVIDE (_end, .)
                0x0000000020000320                . = (. + _Min_Heap_Size)
 *fill*         0x0000000020000120      0x200 
                0x0000000020000720                . = (. + _Min_Stack_Size)
 *fill*         0x0000000020000320      0x400 
                0x0000000020000720                . = ALIGN (0x8)

/DISCARD/
 libc.a(*)
 libm.a(*)
 libgcc.a(*)

.ARM.attributes
                0x0000000000000000       0x2a
 *(.ARM.attributes)
 .ARM.attributes
                0x0000000000000000       0x1e /usr/lib/gcc/arm-none-eabi/4.9.3/armv7e-m/crti.o
 .ARM.attributes
                0x000000000000001e       0x2e /usr/lib/gcc/arm-none-eabi/4.9.3/armv7e-m/crtbegin.o
 .ARM.attributes
                0x000000000000004c       0x33 CMakeFiles/dac_dma.elf.dir/Drivers/STM32F4xx_HAL_Driver/Src/stm32f4xx_hal.c.obj
 .ARM.attributes
                0x000000000000007f       0x33 CMakeFiles/dac_dma.elf.dir/Drivers/STM32F4xx_HAL_Driver/Src/stm32f4xx_hal_cortex.c.obj
 .ARM.attributes
                0x00000000000000b2       0x33 CMakeFiles/dac_dma.elf.dir/Drivers/STM32F4xx_HAL_Driver/Src/stm32f4xx_hal_dac.c.obj
 .ARM.attributes
                0x00000000000000e5       0x33 CMakeFiles/dac_dma.elf.dir/Drivers/STM32F4xx_HAL_Driver/Src/stm32f4xx_hal_dac_ex.c.obj
 .ARM.attributes
                0x0000000000000118       0x33 CMakeFiles/dac_dma.elf.dir/Drivers/STM32F4xx_HAL_Driver/Src/stm32f4xx_hal_dma.c.obj
 .ARM.attributes
                0x000000000000014b       0x33 CMakeFiles/dac_dma.elf.dir/Drivers/STM32F4xx_HAL_Driver/Src/stm32f4xx_hal_gpio.c.obj
 .ARM.attributes
                0x000000000000017e       0x33 CMakeFiles/dac_dma.elf.dir/Drivers/STM32F4xx_HAL_Driver/Src/stm32f4xx_hal_rcc.c.obj
 .ARM.attributes
                0x00000000000001b1       0x33 CMakeFiles/dac_dma.elf.dir/Drivers/STM32F4xx_HAL_Driver/Src/stm32f4xx_hal_tim.c.obj
 .ARM.attributes
                0x00000000000001e4       0x33 CMakeFiles/dac_dma.elf.dir/Drivers/STM32F4xx_HAL_Driver/Src/stm32f4xx_hal_tim_ex.c.obj
 .ARM.attributes
                0x0000000000000217       0x33 CMakeFiles/dac_dma.elf.dir/Drivers/STM32F4xx_HAL_Driver/Src/stm32f4xx_hal_uart.c.obj
 .ARM.attributes
                0x000000000000024a       0x33 CMakeFiles/dac_dma.elf.dir/Src/dac.c.obj
 .ARM.attributes
                0x000000000000027d       0x33 CMakeFiles/dac_dma.elf.dir/Src/dma.c.obj
 .ARM.attributes
                0x00000000000002b0       0x33 CMakeFiles/dac_dma.elf.dir/Src/gpio.c.obj
 .ARM.attributes
                0x00000000000002e3       0x33 CMakeFiles/dac_dma.elf.dir/Src/main.c.obj
 .ARM.attributes
                0x0000000000000316       0x33 CMakeFiles/dac_dma.elf.dir/Src/stm32f4xx_hal_msp.c.obj
 .ARM.attributes
                0x0000000000000349       0x33 CMakeFiles/dac_dma.elf.dir/Src/stm32f4xx_it.c.obj
 .ARM.attributes
                0x000000000000037c       0x33 CMakeFiles/dac_dma.elf.dir/Src/system_stm32f4xx.c.obj
 .ARM.attributes
                0x00000000000003af       0x33 CMakeFiles/dac_dma.elf.dir/Src/tim.c.obj
 .ARM.attributes
                0x00000000000003e2       0x33 CMakeFiles/dac_dma.elf.dir/Src/usart.c.obj
 .ARM.attributes
                0x0000000000000415       0x21 CMakeFiles/dac_dma.elf.dir/startup/startup_stm32f407xx.s.obj
 .ARM.attributes
                0x0000000000000436       0x1e /usr/lib/gcc/arm-none-eabi/4.9.3/armv7e-m/libgcc.a(_aeabi_uldivmod.o)
 .ARM.attributes
                0x0000000000000454       0x2e /usr/lib/gcc/arm-none-eabi/4.9.3/armv7e-m/libgcc.a(bpabi.o)
 .ARM.attributes
                0x0000000000000482       0x1e /usr/lib/gcc/arm-none-eabi/4.9.3/armv7e-m/libgcc.a(_dvmd_tls.o)
 .ARM.attributes
                0x00000000000004a0       0x2e /usr/lib/gcc/arm-none-eabi/4.9.3/armv7e-m/libgcc.a(_divdi3.o)
 .ARM.attributes
                0x00000000000004ce       0x2e /usr/lib/gcc/arm-none-eabi/4.9.3/armv7e-m/libgcc.a(_udivdi3.o)
 .ARM.attributes
                0x00000000000004fc       0x2e /usr/lib/gcc/arm-none-eabi/4.9.3/../../../arm-none-eabi/lib/armv7e-m/libg_nano.a(lib_a-init.o)
 .ARM.attributes
                0x000000000000052a       0x2e /usr/lib/gcc/arm-none-eabi/4.9.3/armv7e-m/crtend.o
 .ARM.attributes
                0x0000000000000558       0x1e /usr/lib/gcc/arm-none-eabi/4.9.3/armv7e-m/crtn.o
OUTPUT(dac_dma.elf elf32-littlearm)

.comment        0x0000000000000000       0x70
 .comment       0x0000000000000000       0x38 /usr/lib/gcc/arm-none-eabi/4.9.3/armv7e-m/crtbegin.o
                                         0x39 (size before relaxing)
 .comment       0x0000000000000038       0x39 CMakeFiles/dac_dma.elf.dir/Drivers/STM32F4xx_HAL_Driver/Src/stm32f4xx_hal.c.obj
 .comment       0x0000000000000038       0x39 CMakeFiles/dac_dma.elf.dir/Drivers/STM32F4xx_HAL_Driver/Src/stm32f4xx_hal_cortex.c.obj
 .comment       0x0000000000000038       0x39 CMakeFiles/dac_dma.elf.dir/Drivers/STM32F4xx_HAL_Driver/Src/stm32f4xx_hal_dac.c.obj
 .comment       0x0000000000000038       0x39 CMakeFiles/dac_dma.elf.dir/Drivers/STM32F4xx_HAL_Driver/Src/stm32f4xx_hal_dac_ex.c.obj
 .comment       0x0000000000000038       0x39 CMakeFiles/dac_dma.elf.dir/Drivers/STM32F4xx_HAL_Driver/Src/stm32f4xx_hal_dma.c.obj
 .comment       0x0000000000000038       0x39 CMakeFiles/dac_dma.elf.dir/Drivers/STM32F4xx_HAL_Driver/Src/stm32f4xx_hal_gpio.c.obj
 .comment       0x0000000000000038       0x39 CMakeFiles/dac_dma.elf.dir/Drivers/STM32F4xx_HAL_Driver/Src/stm32f4xx_hal_rcc.c.obj
 .comment       0x0000000000000038       0x39 CMakeFiles/dac_dma.elf.dir/Drivers/STM32F4xx_HAL_Driver/Src/stm32f4xx_hal_tim.c.obj
 .comment       0x0000000000000038       0x39 CMakeFiles/dac_dma.elf.dir/Drivers/STM32F4xx_HAL_Driver/Src/stm32f4xx_hal_tim_ex.c.obj
 .comment       0x0000000000000038       0x39 CMakeFiles/dac_dma.elf.dir/Drivers/STM32F4xx_HAL_Driver/Src/stm32f4xx_hal_uart.c.obj
 .comment       0x0000000000000038       0x39 CMakeFiles/dac_dma.elf.dir/Src/dac.c.obj
 .comment       0x0000000000000038       0x39 CMakeFiles/dac_dma.elf.dir/Src/dma.c.obj
 .comment       0x0000000000000038       0x39 CMakeFiles/dac_dma.elf.dir/Src/gpio.c.obj
 .comment       0x0000000000000038       0x39 CMakeFiles/dac_dma.elf.dir/Src/main.c.obj
 .comment       0x0000000000000038       0x39 CMakeFiles/dac_dma.elf.dir/Src/stm32f4xx_hal_msp.c.obj
 .comment       0x0000000000000038       0x39 CMakeFiles/dac_dma.elf.dir/Src/stm32f4xx_it.c.obj
 .comment       0x0000000000000038       0x39 CMakeFiles/dac_dma.elf.dir/Src/system_stm32f4xx.c.obj
 .comment       0x0000000000000038       0x39 CMakeFiles/dac_dma.elf.dir/Src/tim.c.obj
 .comment       0x0000000000000038       0x39 CMakeFiles/dac_dma.elf.dir/Src/usart.c.obj
 .comment       0x0000000000000038       0x39 /usr/lib/gcc/arm-none-eabi/4.9.3/armv7e-m/libgcc.a(bpabi.o)
 .comment       0x0000000000000038       0x39 /usr/lib/gcc/arm-none-eabi/4.9.3/armv7e-m/libgcc.a(_divdi3.o)
 .comment       0x0000000000000038       0x39 /usr/lib/gcc/arm-none-eabi/4.9.3/armv7e-m/libgcc.a(_udivdi3.o)
 .comment       0x0000000000000038       0x38 /usr/lib/gcc/arm-none-eabi/4.9.3/../../../arm-none-eabi/lib/armv7e-m/libg_nano.a(lib_a-init.o)
                                         0x39 (size before relaxing)
 .comment       0x0000000000000070       0x39 /usr/lib/gcc/arm-none-eabi/4.9.3/armv7e-m/crtend.o

.debug_info     0x0000000000000000     0xd08c
 .debug_info    0x0000000000000000      0x8bc CMakeFiles/dac_dma.elf.dir/Drivers/STM32F4xx_HAL_Driver/Src/stm32f4xx_hal.c.obj
 .debug_info    0x00000000000008bc      0xd84 CMakeFiles/dac_dma.elf.dir/Drivers/STM32F4xx_HAL_Driver/Src/stm32f4xx_hal_cortex.c.obj
 .debug_info    0x0000000000001640      0x96a CMakeFiles/dac_dma.elf.dir/Drivers/STM32F4xx_HAL_Driver/Src/stm32f4xx_hal_dac.c.obj
 .debug_info    0x0000000000001faa      0x6f0 CMakeFiles/dac_dma.elf.dir/Drivers/STM32F4xx_HAL_Driver/Src/stm32f4xx_hal_dac_ex.c.obj
 .debug_info    0x000000000000269a      0x8c4 CMakeFiles/dac_dma.elf.dir/Drivers/STM32F4xx_HAL_Driver/Src/stm32f4xx_hal_dma.c.obj
 .debug_info    0x0000000000002f5e      0x6ec CMakeFiles/dac_dma.elf.dir/Drivers/STM32F4xx_HAL_Driver/Src/stm32f4xx_hal_gpio.c.obj
 .debug_info    0x000000000000364a      0x878 CMakeFiles/dac_dma.elf.dir/Drivers/STM32F4xx_HAL_Driver/Src/stm32f4xx_hal_rcc.c.obj
 .debug_info    0x0000000000003ec2     0x23c9 CMakeFiles/dac_dma.elf.dir/Drivers/STM32F4xx_HAL_Driver/Src/stm32f4xx_hal_tim.c.obj
 .debug_info    0x000000000000628b     0x1079 CMakeFiles/dac_dma.elf.dir/Drivers/STM32F4xx_HAL_Driver/Src/stm32f4xx_hal_tim_ex.c.obj
 .debug_info    0x0000000000007304     0x116a CMakeFiles/dac_dma.elf.dir/Drivers/STM32F4xx_HAL_Driver/Src/stm32f4xx_hal_uart.c.obj
 .debug_info    0x000000000000846e      0x821 CMakeFiles/dac_dma.elf.dir/Src/dac.c.obj
 .debug_info    0x0000000000008c8f      0x4ba CMakeFiles/dac_dma.elf.dir/Src/dma.c.obj
 .debug_info    0x0000000000009149      0x3f7 CMakeFiles/dac_dma.elf.dir/Src/gpio.c.obj
 .debug_info    0x0000000000009540      0xbc2 CMakeFiles/dac_dma.elf.dir/Src/main.c.obj
 .debug_info    0x000000000000a102      0x2a6 CMakeFiles/dac_dma.elf.dir/Src/stm32f4xx_hal_msp.c.obj
 .debug_info    0x000000000000a3a8      0x5ea CMakeFiles/dac_dma.elf.dir/Src/stm32f4xx_it.c.obj
 .debug_info    0x000000000000a992      0x4bb CMakeFiles/dac_dma.elf.dir/Src/system_stm32f4xx.c.obj
 .debug_info    0x000000000000ae4d      0x7f5 CMakeFiles/dac_dma.elf.dir/Src/tim.c.obj
 .debug_info    0x000000000000b642      0xaa7 CMakeFiles/dac_dma.elf.dir/Src/usart.c.obj
 .debug_info    0x000000000000c0e9       0x92 CMakeFiles/dac_dma.elf.dir/startup/startup_stm32f407xx.s.obj
 .debug_info    0x000000000000c17b       0xb6 /usr/lib/gcc/arm-none-eabi/4.9.3/armv7e-m/libgcc.a(_aeabi_uldivmod.o)
 .debug_info    0x000000000000c231      0x164 /usr/lib/gcc/arm-none-eabi/4.9.3/armv7e-m/libgcc.a(bpabi.o)
 .debug_info    0x000000000000c395       0xba /usr/lib/gcc/arm-none-eabi/4.9.3/armv7e-m/libgcc.a(_dvmd_tls.o)
 .debug_info    0x000000000000c44f      0x5bc /usr/lib/gcc/arm-none-eabi/4.9.3/armv7e-m/libgcc.a(_divdi3.o)
 .debug_info    0x000000000000ca0b      0x57c /usr/lib/gcc/arm-none-eabi/4.9.3/armv7e-m/libgcc.a(_udivdi3.o)
 .debug_info    0x000000000000cf87      0x105 /usr/lib/gcc/arm-none-eabi/4.9.3/../../../arm-none-eabi/lib/armv7e-m/libg_nano.a(lib_a-init.o)

.debug_abbrev   0x0000000000000000     0x22df
 .debug_abbrev  0x0000000000000000      0x1b9 CMakeFiles/dac_dma.elf.dir/Drivers/STM32F4xx_HAL_Driver/Src/stm32f4xx_hal.c.obj
 .debug_abbrev  0x00000000000001b9      0x2bc CMakeFiles/dac_dma.elf.dir/Drivers/STM32F4xx_HAL_Driver/Src/stm32f4xx_hal_cortex.c.obj
 .debug_abbrev  0x0000000000000475      0x197 CMakeFiles/dac_dma.elf.dir/Drivers/STM32F4xx_HAL_Driver/Src/stm32f4xx_hal_dac.c.obj
 .debug_abbrev  0x000000000000060c      0x19b CMakeFiles/dac_dma.elf.dir/Drivers/STM32F4xx_HAL_Driver/Src/stm32f4xx_hal_dac_ex.c.obj
 .debug_abbrev  0x00000000000007a7      0x222 CMakeFiles/dac_dma.elf.dir/Drivers/STM32F4xx_HAL_Driver/Src/stm32f4xx_hal_dma.c.obj
 .debug_abbrev  0x00000000000009c9      0x1a8 CMakeFiles/dac_dma.elf.dir/Drivers/STM32F4xx_HAL_Driver/Src/stm32f4xx_hal_gpio.c.obj
 .debug_abbrev  0x0000000000000b71      0x23c CMakeFiles/dac_dma.elf.dir/Drivers/STM32F4xx_HAL_Driver/Src/stm32f4xx_hal_rcc.c.obj
 .debug_abbrev  0x0000000000000dad      0x1f1 CMakeFiles/dac_dma.elf.dir/Drivers/STM32F4xx_HAL_Driver/Src/stm32f4xx_hal_tim.c.obj
 .debug_abbrev  0x0000000000000f9e      0x1f9 CMakeFiles/dac_dma.elf.dir/Drivers/STM32F4xx_HAL_Driver/Src/stm32f4xx_hal_tim_ex.c.obj
 .debug_abbrev  0x0000000000001197      0x1f5 CMakeFiles/dac_dma.elf.dir/Drivers/STM32F4xx_HAL_Driver/Src/stm32f4xx_hal_uart.c.obj
 .debug_abbrev  0x000000000000138c      0x164 CMakeFiles/dac_dma.elf.dir/Src/dac.c.obj
 .debug_abbrev  0x00000000000014f0       0xdf CMakeFiles/dac_dma.elf.dir/Src/dma.c.obj
 .debug_abbrev  0x00000000000015cf      0x115 CMakeFiles/dac_dma.elf.dir/Src/gpio.c.obj
 .debug_abbrev  0x00000000000016e4      0x1ac CMakeFiles/dac_dma.elf.dir/Src/main.c.obj
 .debug_abbrev  0x0000000000001890       0xd4 CMakeFiles/dac_dma.elf.dir/Src/stm32f4xx_hal_msp.c.obj
 .debug_abbrev  0x0000000000001964      0x127 CMakeFiles/dac_dma.elf.dir/Src/stm32f4xx_it.c.obj
 .debug_abbrev  0x0000000000001a8b       0xff CMakeFiles/dac_dma.elf.dir/Src/system_stm32f4xx.c.obj
 .debug_abbrev  0x0000000000001b8a      0x171 CMakeFiles/dac_dma.elf.dir/Src/tim.c.obj
 .debug_abbrev  0x0000000000001cfb      0x17c CMakeFiles/dac_dma.elf.dir/Src/usart.c.obj
 .debug_abbrev  0x0000000000001e77       0x12 CMakeFiles/dac_dma.elf.dir/startup/startup_stm32f407xx.s.obj
 .debug_abbrev  0x0000000000001e89       0x14 /usr/lib/gcc/arm-none-eabi/4.9.3/armv7e-m/libgcc.a(_aeabi_uldivmod.o)
 .debug_abbrev  0x0000000000001e9d       0xb7 /usr/lib/gcc/arm-none-eabi/4.9.3/armv7e-m/libgcc.a(bpabi.o)
 .debug_abbrev  0x0000000000001f54       0x14 /usr/lib/gcc/arm-none-eabi/4.9.3/armv7e-m/libgcc.a(_dvmd_tls.o)
 .debug_abbrev  0x0000000000001f68      0x169 /usr/lib/gcc/arm-none-eabi/4.9.3/armv7e-m/libgcc.a(_divdi3.o)
 .debug_abbrev  0x00000000000020d1      0x154 /usr/lib/gcc/arm-none-eabi/4.9.3/armv7e-m/libgcc.a(_udivdi3.o)
 .debug_abbrev  0x0000000000002225       0xba /usr/lib/gcc/arm-none-eabi/4.9.3/../../../arm-none-eabi/lib/armv7e-m/libg_nano.a(lib_a-init.o)

.debug_aranges  0x0000000000000000      0xe10
 .debug_aranges
                0x0000000000000000       0xf0 CMakeFiles/dac_dma.elf.dir/Drivers/STM32F4xx_HAL_Driver/Src/stm32f4xx_hal.c.obj
 .debug_aranges
                0x00000000000000f0      0x118 CMakeFiles/dac_dma.elf.dir/Drivers/STM32F4xx_HAL_Driver/Src/stm32f4xx_hal_cortex.c.obj
 .debug_aranges
                0x0000000000000208       0xc0 CMakeFiles/dac_dma.elf.dir/Drivers/STM32F4xx_HAL_Driver/Src/stm32f4xx_hal_dac.c.obj
 .debug_aranges
                0x00000000000002c8       0x70 CMakeFiles/dac_dma.elf.dir/Drivers/STM32F4xx_HAL_Driver/Src/stm32f4xx_hal_dac_ex.c.obj
 .debug_aranges
                0x0000000000000338       0x90 CMakeFiles/dac_dma.elf.dir/Drivers/STM32F4xx_HAL_Driver/Src/stm32f4xx_hal_dma.c.obj
 .debug_aranges
                0x00000000000003c8       0x58 CMakeFiles/dac_dma.elf.dir/Drivers/STM32F4xx_HAL_Driver/Src/stm32f4xx_hal_gpio.c.obj
 .debug_aranges
                0x0000000000000420       0x88 CMakeFiles/dac_dma.elf.dir/Drivers/STM32F4xx_HAL_Driver/Src/stm32f4xx_hal_rcc.c.obj
 .debug_aranges
                0x00000000000004a8      0x3a8 CMakeFiles/dac_dma.elf.dir/Drivers/STM32F4xx_HAL_Driver/Src/stm32f4xx_hal_tim.c.obj
 .debug_aranges
                0x0000000000000850      0x150 CMakeFiles/dac_dma.elf.dir/Drivers/STM32F4xx_HAL_Driver/Src/stm32f4xx_hal_tim_ex.c.obj
 .debug_aranges
                0x00000000000009a0      0x1d0 CMakeFiles/dac_dma.elf.dir/Drivers/STM32F4xx_HAL_Driver/Src/stm32f4xx_hal_uart.c.obj
 .debug_aranges
                0x0000000000000b70       0x30 CMakeFiles/dac_dma.elf.dir/Src/dac.c.obj
 .debug_aranges
                0x0000000000000ba0       0x20 CMakeFiles/dac_dma.elf.dir/Src/dma.c.obj
 .debug_aranges
                0x0000000000000bc0       0x20 CMakeFiles/dac_dma.elf.dir/Src/gpio.c.obj
 .debug_aranges
                0x0000000000000be0       0x30 CMakeFiles/dac_dma.elf.dir/Src/main.c.obj
 .debug_aranges
                0x0000000000000c10       0x20 CMakeFiles/dac_dma.elf.dir/Src/stm32f4xx_hal_msp.c.obj
 .debug_aranges
                0x0000000000000c30       0x70 CMakeFiles/dac_dma.elf.dir/Src/stm32f4xx_it.c.obj
 .debug_aranges
                0x0000000000000ca0       0x28 CMakeFiles/dac_dma.elf.dir/Src/system_stm32f4xx.c.obj
 .debug_aranges
                0x0000000000000cc8       0x30 CMakeFiles/dac_dma.elf.dir/Src/tim.c.obj
 .debug_aranges
                0x0000000000000cf8       0x30 CMakeFiles/dac_dma.elf.dir/Src/usart.c.obj
 .debug_aranges
                0x0000000000000d28       0x28 CMakeFiles/dac_dma.elf.dir/startup/startup_stm32f407xx.s.obj
 .debug_aranges
                0x0000000000000d50       0x20 /usr/lib/gcc/arm-none-eabi/4.9.3/armv7e-m/libgcc.a(_aeabi_uldivmod.o)
 .debug_aranges
                0x0000000000000d70       0x20 /usr/lib/gcc/arm-none-eabi/4.9.3/armv7e-m/libgcc.a(bpabi.o)
 .debug_aranges
                0x0000000000000d90       0x20 /usr/lib/gcc/arm-none-eabi/4.9.3/armv7e-m/libgcc.a(_dvmd_tls.o)
 .debug_aranges
                0x0000000000000db0       0x20 /usr/lib/gcc/arm-none-eabi/4.9.3/armv7e-m/libgcc.a(_divdi3.o)
 .debug_aranges
                0x0000000000000dd0       0x20 /usr/lib/gcc/arm-none-eabi/4.9.3/armv7e-m/libgcc.a(_udivdi3.o)
 .debug_aranges
                0x0000000000000df0       0x20 /usr/lib/gcc/arm-none-eabi/4.9.3/../../../arm-none-eabi/lib/armv7e-m/libg_nano.a(lib_a-init.o)

.debug_ranges   0x0000000000000000      0xdd0
 .debug_ranges  0x0000000000000000       0xe0 CMakeFiles/dac_dma.elf.dir/Drivers/STM32F4xx_HAL_Driver/Src/stm32f4xx_hal.c.obj
 .debug_ranges  0x00000000000000e0      0x108 CMakeFiles/dac_dma.elf.dir/Drivers/STM32F4xx_HAL_Driver/Src/stm32f4xx_hal_cortex.c.obj
 .debug_ranges  0x00000000000001e8       0xb0 CMakeFiles/dac_dma.elf.dir/Drivers/STM32F4xx_HAL_Driver/Src/stm32f4xx_hal_dac.c.obj
 .debug_ranges  0x0000000000000298       0x60 CMakeFiles/dac_dma.elf.dir/Drivers/STM32F4xx_HAL_Driver/Src/stm32f4xx_hal_dac_ex.c.obj
 .debug_ranges  0x00000000000002f8       0x80 CMakeFiles/dac_dma.elf.dir/Drivers/STM32F4xx_HAL_Driver/Src/stm32f4xx_hal_dma.c.obj
 .debug_ranges  0x0000000000000378       0x48 CMakeFiles/dac_dma.elf.dir/Drivers/STM32F4xx_HAL_Driver/Src/stm32f4xx_hal_gpio.c.obj
 .debug_ranges  0x00000000000003c0       0x78 CMakeFiles/dac_dma.elf.dir/Drivers/STM32F4xx_HAL_Driver/Src/stm32f4xx_hal_rcc.c.obj
 .debug_ranges  0x0000000000000438      0x398 CMakeFiles/dac_dma.elf.dir/Drivers/STM32F4xx_HAL_Driver/Src/stm32f4xx_hal_tim.c.obj
 .debug_ranges  0x00000000000007d0      0x140 CMakeFiles/dac_dma.elf.dir/Drivers/STM32F4xx_HAL_Driver/Src/stm32f4xx_hal_tim_ex.c.obj
 .debug_ranges  0x0000000000000910      0x1c0 CMakeFiles/dac_dma.elf.dir/Drivers/STM32F4xx_HAL_Driver/Src/stm32f4xx_hal_uart.c.obj
 .debug_ranges  0x0000000000000ad0       0x20 CMakeFiles/dac_dma.elf.dir/Src/dac.c.obj
 .debug_ranges  0x0000000000000af0       0x10 CMakeFiles/dac_dma.elf.dir/Src/dma.c.obj
 .debug_ranges  0x0000000000000b00       0x10 CMakeFiles/dac_dma.elf.dir/Src/gpio.c.obj
 .debug_ranges  0x0000000000000b10       0x20 CMakeFiles/dac_dma.elf.dir/Src/main.c.obj
 .debug_ranges  0x0000000000000b30       0x10 CMakeFiles/dac_dma.elf.dir/Src/stm32f4xx_hal_msp.c.obj
 .debug_ranges  0x0000000000000b40       0x60 CMakeFiles/dac_dma.elf.dir/Src/stm32f4xx_it.c.obj
 .debug_ranges  0x0000000000000ba0       0x18 CMakeFiles/dac_dma.elf.dir/Src/system_stm32f4xx.c.obj
 .debug_ranges  0x0000000000000bb8       0x20 CMakeFiles/dac_dma.elf.dir/Src/tim.c.obj
 .debug_ranges  0x0000000000000bd8       0x20 CMakeFiles/dac_dma.elf.dir/Src/usart.c.obj
 .debug_ranges  0x0000000000000bf8       0x20 CMakeFiles/dac_dma.elf.dir/startup/startup_stm32f407xx.s.obj
 .debug_ranges  0x0000000000000c18       0xd0 /usr/lib/gcc/arm-none-eabi/4.9.3/armv7e-m/libgcc.a(_divdi3.o)
 .debug_ranges  0x0000000000000ce8       0xd8 /usr/lib/gcc/arm-none-eabi/4.9.3/armv7e-m/libgcc.a(_udivdi3.o)
 .debug_ranges  0x0000000000000dc0       0x10 /usr/lib/gcc/arm-none-eabi/4.9.3/../../../arm-none-eabi/lib/armv7e-m/libg_nano.a(lib_a-init.o)

.debug_line     0x0000000000000000     0x5a8e
 .debug_line    0x0000000000000000      0x400 CMakeFiles/dac_dma.elf.dir/Drivers/STM32F4xx_HAL_Driver/Src/stm32f4xx_hal.c.obj
 .debug_line    0x0000000000000400      0x510 CMakeFiles/dac_dma.elf.dir/Drivers/STM32F4xx_HAL_Driver/Src/stm32f4xx_hal_cortex.c.obj
 .debug_line    0x0000000000000910      0x44d CMakeFiles/dac_dma.elf.dir/Drivers/STM32F4xx_HAL_Driver/Src/stm32f4xx_hal_dac.c.obj
 .debug_line    0x0000000000000d5d      0x310 CMakeFiles/dac_dma.elf.dir/Drivers/STM32F4xx_HAL_Driver/Src/stm32f4xx_hal_dac_ex.c.obj
 .debug_line    0x000000000000106d      0x4c1 CMakeFiles/dac_dma.elf.dir/Drivers/STM32F4xx_HAL_Driver/Src/stm32f4xx_hal_dma.c.obj
 .debug_line    0x000000000000152e      0x3cf CMakeFiles/dac_dma.elf.dir/Drivers/STM32F4xx_HAL_Driver/Src/stm32f4xx_hal_gpio.c.obj
 .debug_line    0x00000000000018fd      0x47b CMakeFiles/dac_dma.elf.dir/Drivers/STM32F4xx_HAL_Driver/Src/stm32f4xx_hal_rcc.c.obj
 .debug_line    0x0000000000001d78     0x1459 CMakeFiles/dac_dma.elf.dir/Drivers/STM32F4xx_HAL_Driver/Src/stm32f4xx_hal_tim.c.obj
 .debug_line    0x00000000000031d1      0x826 CMakeFiles/dac_dma.elf.dir/Drivers/STM32F4xx_HAL_Driver/Src/stm32f4xx_hal_tim_ex.c.obj
 .debug_line    0x00000000000039f7      0xaf2 CMakeFiles/dac_dma.elf.dir/Drivers/STM32F4xx_HAL_Driver/Src/stm32f4xx_hal_uart.c.obj
 .debug_line    0x00000000000044e9      0x22f CMakeFiles/dac_dma.elf.dir/Src/dac.c.obj
 .debug_line    0x0000000000004718      0x151 CMakeFiles/dac_dma.elf.dir/Src/dma.c.obj
 .debug_line    0x0000000000004869      0x1b4 CMakeFiles/dac_dma.elf.dir/Src/gpio.c.obj
 .debug_line    0x0000000000004a1d      0x29d CMakeFiles/dac_dma.elf.dir/Src/main.c.obj
 .debug_line    0x0000000000004cba      0x15f CMakeFiles/dac_dma.elf.dir/Src/stm32f4xx_hal_msp.c.obj
 .debug_line    0x0000000000004e19      0x29c CMakeFiles/dac_dma.elf.dir/Src/stm32f4xx_it.c.obj
 .debug_line    0x00000000000050b5      0x189 CMakeFiles/dac_dma.elf.dir/Src/system_stm32f4xx.c.obj
 .debug_line    0x000000000000523e      0x202 CMakeFiles/dac_dma.elf.dir/Src/tim.c.obj
 .debug_line    0x0000000000005440      0x22a CMakeFiles/dac_dma.elf.dir/Src/usart.c.obj
 .debug_line    0x000000000000566a       0x9c CMakeFiles/dac_dma.elf.dir/startup/startup_stm32f407xx.s.obj
 .debug_line    0x0000000000005706       0x62 /usr/lib/gcc/arm-none-eabi/4.9.3/armv7e-m/libgcc.a(_aeabi_uldivmod.o)
 .debug_line    0x0000000000005768       0x62 /usr/lib/gcc/arm-none-eabi/4.9.3/armv7e-m/libgcc.a(bpabi.o)
 .debug_line    0x00000000000057ca       0x5e /usr/lib/gcc/arm-none-eabi/4.9.3/armv7e-m/libgcc.a(_dvmd_tls.o)
 .debug_line    0x0000000000005828       0xdf /usr/lib/gcc/arm-none-eabi/4.9.3/armv7e-m/libgcc.a(_divdi3.o)
 .debug_line    0x0000000000005907       0xd1 /usr/lib/gcc/arm-none-eabi/4.9.3/armv7e-m/libgcc.a(_udivdi3.o)
 .debug_line    0x00000000000059d8       0xb6 /usr/lib/gcc/arm-none-eabi/4.9.3/../../../arm-none-eabi/lib/armv7e-m/libg_nano.a(lib_a-init.o)

.debug_str      0x0000000000000000     0x43ad
 .debug_str     0x0000000000000000      0xa98 CMakeFiles/dac_dma.elf.dir/Drivers/STM32F4xx_HAL_Driver/Src/stm32f4xx_hal.c.obj
                                        0xaf9 (size before relaxing)
 .debug_str     0x0000000000000a98      0x514 CMakeFiles/dac_dma.elf.dir/Drivers/STM32F4xx_HAL_Driver/Src/stm32f4xx_hal_cortex.c.obj
                                        0xc0b (size before relaxing)
 .debug_str     0x0000000000000fac      0x579 CMakeFiles/dac_dma.elf.dir/Drivers/STM32F4xx_HAL_Driver/Src/stm32f4xx_hal_dac.c.obj
                                        0x761 (size before relaxing)
 .debug_str     0x0000000000001525      0x186 CMakeFiles/dac_dma.elf.dir/Drivers/STM32F4xx_HAL_Driver/Src/stm32f4xx_hal_dac_ex.c.obj
                                        0x691 (size before relaxing)
 .debug_str     0x00000000000016ab      0x331 CMakeFiles/dac_dma.elf.dir/Drivers/STM32F4xx_HAL_Driver/Src/stm32f4xx_hal_dma.c.obj
                                        0x75b (size before relaxing)
 .debug_str     0x00000000000019dc      0x1f4 CMakeFiles/dac_dma.elf.dir/Drivers/STM32F4xx_HAL_Driver/Src/stm32f4xx_hal_gpio.c.obj
                                        0x4d1 (size before relaxing)
 .debug_str     0x0000000000001bd0      0x322 CMakeFiles/dac_dma.elf.dir/Drivers/STM32F4xx_HAL_Driver/Src/stm32f4xx_hal_rcc.c.obj
                                        0x6a9 (size before relaxing)
 .debug_str     0x0000000000001ef2      0xfd4 CMakeFiles/dac_dma.elf.dir/Drivers/STM32F4xx_HAL_Driver/Src/stm32f4xx_hal_tim.c.obj
                                       0x1449 (size before relaxing)
 .debug_str     0x0000000000002ec6      0x596 CMakeFiles/dac_dma.elf.dir/Drivers/STM32F4xx_HAL_Driver/Src/stm32f4xx_hal_tim_ex.c.obj
                                        0xc49 (size before relaxing)
 .debug_str     0x000000000000345c      0x6f5 CMakeFiles/dac_dma.elf.dir/Drivers/STM32F4xx_HAL_Driver/Src/stm32f4xx_hal_uart.c.obj
                                        0xb82 (size before relaxing)
 .debug_str     0x0000000000003b51       0x4a CMakeFiles/dac_dma.elf.dir/Src/dac.c.obj
                                        0x705 (size before relaxing)
 .debug_str     0x0000000000003b9b       0x36 CMakeFiles/dac_dma.elf.dir/Src/dma.c.obj
                                        0x787 (size before relaxing)
 .debug_str     0x0000000000003bd1       0x38 CMakeFiles/dac_dma.elf.dir/Src/gpio.c.obj
                                        0x338 (size before relaxing)
 .debug_str     0x0000000000003c09       0xd7 CMakeFiles/dac_dma.elf.dir/Src/main.c.obj
                                        0x9cb (size before relaxing)
 .debug_str     0x0000000000003ce0       0x38 CMakeFiles/dac_dma.elf.dir/Src/stm32f4xx_hal_msp.c.obj
                                        0x2a7 (size before relaxing)
 .debug_str     0x0000000000003d18       0xf4 CMakeFiles/dac_dma.elf.dir/Src/stm32f4xx_it.c.obj
                                        0x680 (size before relaxing)
 .debug_str     0x0000000000003e0c       0x62 CMakeFiles/dac_dma.elf.dir/Src/system_stm32f4xx.c.obj
                                        0x361 (size before relaxing)
 .debug_str     0x0000000000003e6e       0x46 CMakeFiles/dac_dma.elf.dir/Src/tim.c.obj
                                        0x76a (size before relaxing)
 .debug_str     0x0000000000003eb4       0x4b CMakeFiles/dac_dma.elf.dir/Src/usart.c.obj
                                        0xc77 (size before relaxing)
 .debug_str     0x0000000000003eff      0x1a9 /usr/lib/gcc/arm-none-eabi/4.9.3/armv7e-m/libgcc.a(bpabi.o)
                                        0x1ce (size before relaxing)
 .debug_str     0x00000000000040a8      0x169 /usr/lib/gcc/arm-none-eabi/4.9.3/armv7e-m/libgcc.a(_divdi3.o)
                                        0x27c (size before relaxing)
 .debug_str     0x0000000000004211      0x27d /usr/lib/gcc/arm-none-eabi/4.9.3/armv7e-m/libgcc.a(_udivdi3.o)
 .debug_str     0x0000000000004211      0x19c /usr/lib/gcc/arm-none-eabi/4.9.3/../../../arm-none-eabi/lib/armv7e-m/libg_nano.a(lib_a-init.o)
                                        0x234 (size before relaxing)

.debug_frame    0x0000000000000000     0x36c8
 .debug_frame   0x0000000000000000      0x374 CMakeFiles/dac_dma.elf.dir/Drivers/STM32F4xx_HAL_Driver/Src/stm32f4xx_hal.c.obj
 .debug_frame   0x0000000000000374      0x498 CMakeFiles/dac_dma.elf.dir/Drivers/STM32F4xx_HAL_Driver/Src/stm32f4xx_hal_cortex.c.obj
 .debug_frame   0x000000000000080c      0x338 CMakeFiles/dac_dma.elf.dir/Drivers/STM32F4xx_HAL_Driver/Src/stm32f4xx_hal_dac.c.obj
 .debug_frame   0x0000000000000b44      0x1bc CMakeFiles/dac_dma.elf.dir/Drivers/STM32F4xx_HAL_Driver/Src/stm32f4xx_hal_dac_ex.c.obj
 .debug_frame   0x0000000000000d00      0x250 CMakeFiles/dac_dma.elf.dir/Drivers/STM32F4xx_HAL_Driver/Src/stm32f4xx_hal_dma.c.obj
 .debug_frame   0x0000000000000f50      0x14c CMakeFiles/dac_dma.elf.dir/Drivers/STM32F4xx_HAL_Driver/Src/stm32f4xx_hal_gpio.c.obj
 .debug_frame   0x000000000000109c      0x1f4 CMakeFiles/dac_dma.elf.dir/Drivers/STM32F4xx_HAL_Driver/Src/stm32f4xx_hal_rcc.c.obj
 .debug_frame   0x0000000000001290     0x10fc CMakeFiles/dac_dma.elf.dir/Drivers/STM32F4xx_HAL_Driver/Src/stm32f4xx_hal_tim.c.obj
 .debug_frame   0x000000000000238c      0x5cc CMakeFiles/dac_dma.elf.dir/Drivers/STM32F4xx_HAL_Driver/Src/stm32f4xx_hal_tim_ex.c.obj
 .debug_frame   0x0000000000002958      0x844 CMakeFiles/dac_dma.elf.dir/Drivers/STM32F4xx_HAL_Driver/Src/stm32f4xx_hal_uart.c.obj
 .debug_frame   0x000000000000319c       0x7c CMakeFiles/dac_dma.elf.dir/Src/dac.c.obj
 .debug_frame   0x0000000000003218       0x34 CMakeFiles/dac_dma.elf.dir/Src/dma.c.obj
 .debug_frame   0x000000000000324c       0x34 CMakeFiles/dac_dma.elf.dir/Src/gpio.c.obj
 .debug_frame   0x0000000000003280       0x74 CMakeFiles/dac_dma.elf.dir/Src/main.c.obj
 .debug_frame   0x00000000000032f4       0x38 CMakeFiles/dac_dma.elf.dir/Src/stm32f4xx_hal_msp.c.obj
 .debug_frame   0x000000000000332c      0x144 CMakeFiles/dac_dma.elf.dir/Src/stm32f4xx_it.c.obj
 .debug_frame   0x0000000000003470       0x58 CMakeFiles/dac_dma.elf.dir/Src/system_stm32f4xx.c.obj
 .debug_frame   0x00000000000034c8       0x84 CMakeFiles/dac_dma.elf.dir/Src/tim.c.obj
 .debug_frame   0x000000000000354c       0x74 CMakeFiles/dac_dma.elf.dir/Src/usart.c.obj
 .debug_frame   0x00000000000035c0       0x28 /usr/lib/gcc/arm-none-eabi/4.9.3/armv7e-m/libgcc.a(_aeabi_uldivmod.o)
 .debug_frame   0x00000000000035e8       0x50 /usr/lib/gcc/arm-none-eabi/4.9.3/armv7e-m/libgcc.a(bpabi.o)
 .debug_frame   0x0000000000003638       0x34 /usr/lib/gcc/arm-none-eabi/4.9.3/armv7e-m/libgcc.a(_divdi3.o)
 .debug_frame   0x000000000000366c       0x30 /usr/lib/gcc/arm-none-eabi/4.9.3/armv7e-m/libgcc.a(_udivdi3.o)
 .debug_frame   0x000000000000369c       0x2c /usr/lib/gcc/arm-none-eabi/4.9.3/../../../arm-none-eabi/lib/armv7e-m/libg_nano.a(lib_a-init.o)

.debug_loc      0x0000000000000000     0x1c33
 .debug_loc     0x0000000000000000       0xa0 /usr/lib/gcc/arm-none-eabi/4.9.3/armv7e-m/libgcc.a(bpabi.o)
 .debug_loc     0x00000000000000a0      0xdef /usr/lib/gcc/arm-none-eabi/4.9.3/armv7e-m/libgcc.a(_divdi3.o)
 .debug_loc     0x0000000000000e8f      0xd50 /usr/lib/gcc/arm-none-eabi/4.9.3/armv7e-m/libgcc.a(_udivdi3.o)
 .debug_loc     0x0000000000001bdf       0x54 /usr/lib/gcc/arm-none-eabi/4.9.3/../../../arm-none-eabi/lib/armv7e-m/libg_nano.a(lib_a-init.o)
